 plink

 Timestamp is 5d84fb67 (Fri Sep 20 21:46:39 2019)

 Preferred load address is 00400000

 Start         Length     Name                   Class
 0001:00000000 00064d19H .text$mn                CODE
 0001:00064d19 0000006bH .text$x                 CODE
 0002:00000000 00000248H .idata$5                DATA
 0002:00000248 00000004H .00cfg                  DATA
 0002:0000024c 00000004H .CRT$XCA                DATA
 0002:00000250 00000004H .CRT$XCAA               DATA
 0002:00000254 00000004H .CRT$XCZ                DATA
 0002:00000258 00000004H .CRT$XIA                DATA
 0002:0000025c 00000004H .CRT$XIAA               DATA
 0002:00000260 00000004H .CRT$XIAC               DATA
 0002:00000264 00000010H .CRT$XIC                DATA
 0002:00000274 00000004H .CRT$XIZ                DATA
 0002:00000278 00000004H .CRT$XPA                DATA
 0002:0000027c 00000008H .CRT$XPX                DATA
 0002:00000284 00000004H .CRT$XPXA               DATA
 0002:00000288 00000004H .CRT$XPZ                DATA
 0002:0000028c 00000004H .CRT$XTA                DATA
 0002:00000290 00000010H .CRT$XTZ                DATA
 0002:00000294 00000000H .gfids$y                DATA
 0002:000002a0 0001cd74H .rdata                  DATA
 0002:0001d014 000000dcH .rdata$r                DATA
 0002:0001d0f0 00000020H .rdata$sxdata           DATA
 0002:0001d110 000002c4H .rdata$zzzdbg           DATA
 0002:0001d3d4 00000004H .rtc$IAA                DATA
 0002:0001d3d8 00000004H .rtc$IZZ                DATA
 0002:0001d3dc 00000004H .rtc$TAA                DATA
 0002:0001d3e0 00000008H .rtc$TZZ                DATA
 0002:0001d3e8 00000884H .xdata$x                DATA
 0002:0001dc6c 00000000H .edata                  DATA
 0002:0001dc6c 0000003cH .idata$2                DATA
 0002:0001dca8 00000014H .idata$3                DATA
 0002:0001dcbc 00000248H .idata$4                DATA
 0002:0001df04 00000a76H .idata$6                DATA
 0003:00000000 00001000H .data                   DATA
 0003:00001000 00000060H .data$r                 DATA
 0003:00001060 000014a4H .bss                    DATA
 0004:00000000 000001e0H .rsrc$01                DATA
 0004:000001e0 00001300H .rsrc$02                DATA

  Address         Publics by Value              Rva+Base       Lib:Object

 0000:00000000       ___hybrid_code_map_count   00000000     <absolute>
 0000:00000000       ___guard_fids_count        00000000     <absolute>
 0000:00000000       ___guard_fids_table        00000000     <absolute>
 0000:00000000       ___guard_iat_count         00000000     <absolute>
 0000:00000000       ___dynamic_value_reloc_table 00000000     <absolute>
 0000:00000000       ___guard_longjmp_count     00000000     <absolute>
 0000:00000000       ___guard_iat_table         00000000     <absolute>
 0000:00000000       __except_list              00000000     <absolute>
 0000:00000000       ___guard_longjmp_table     00000000     <absolute>
 0000:00000000       ___hybrid_auxiliary_iat    00000000     <absolute>
 0000:00000000       ___enclave_config          00000000     <absolute>
 0000:00000000       ___volatile_metadata       00000000     <absolute>
 0000:00000000       ___AbsoluteZero            00000000     <absolute>
 0000:00000000       ___hybrid_code_map         00000000     <absolute>
 0000:00000008       ___safe_se_handler_count   00000008     <absolute>
 0000:00000100       ___guard_flags             00000100     <absolute>
 0000:00000000       ___ImageBase               00400000     <linker-defined>
 0001:0000016c       _agentf_new                0040116c f   agentf.obj
 0001:000002c9       _backend_socket_log        004012c9 f   be_misc.obj
 0001:0000042d       _log_proxy_stderr          0040142d f   be_misc.obj
 0001:000005a2       _psb_init                  004015a2 f   be_misc.obj
 0001:000005ae       _delete_callbacks_for_context 004015ae f   callback.obj
 0001:0000061a       _queue_idempotent_callback 0040161a f   callback.obj
 0001:00000636       _queue_toplevel_callback   00401636 f   callback.obj
 0001:000006a6       _run_toplevel_callbacks    004016a6 f   callback.obj
 0001:000006f4       _toplevel_callback_pending 004016f4 f   callback.obj
 0001:0000072d       _cmdline_get_passwd_input  0040172d f   cmdline.obj
 0001:0000079a       _cmdline_host_ok           0040179a f   cmdline.obj
 0001:000007e0       _cmdline_process_param     004017e0 f   cmdline.obj
 0001:00001ae4       _cmdline_run_saved         00402ae4 f   cmdline.obj
 0001:00001c0b       _conf_copy                 00402c0b f   conf.obj
 0001:00001c23       _conf_copy_into            00402c23 f   conf.obj
 0001:00001cfa       _conf_del_str_str          00402cfa f   conf.obj
 0001:00001d7a       _conf_free                 00402d7a f   conf.obj
 0001:00001d97       _conf_get_bool             00402d97 f   conf.obj
 0001:00001e16       _conf_get_filename         00402e16 f   conf.obj
 0001:00001e95       _conf_get_int              00402e95 f   conf.obj
 0001:00001f14       _conf_get_int_int          00402f14 f   conf.obj
 0001:00001f99       _conf_get_str              00402f99 f   conf.obj
 0001:00002018       _conf_get_str_nthstrkey    00403018 f   conf.obj
 0001:000020b2       _conf_get_str_str          004030b2 f   conf.obj
 0001:000020e8       _conf_get_str_str_opt      004030e8 f   conf.obj
 0001:0000215b       _conf_get_str_strs         0040315b f   conf.obj
 0001:00002255       _conf_new                  00403255 f   conf.obj
 0001:00002276       _conf_set_bool             00403276 f   conf.obj
 0001:000022e5       _conf_set_filename         004032e5 f   conf.obj
 0001:0000235a       _conf_set_fontspec         0040335a f   conf.obj
 0001:000023cf       _conf_set_int              004033cf f   conf.obj
 0001:0000243e       _conf_set_int_int          0040343e f   conf.obj
 0001:000024b4       _conf_set_str              004034b4 f   conf.obj
 0001:00002529       _conf_set_str_str          00403529 f   conf.obj
 0001:00002602       _proxy_socks5_handlechap   00403602 f   cproxy.obj
 0001:0000281c       _proxy_socks5_offerencryptedauth 0040381c f   cproxy.obj
 0001:0000282d       _proxy_socks5_selectchap   0040382d f   cproxy.obj
 0001:00002927       _ecc_edwards_add           00403927 f   ecc.obj
 0001:00002be8       _ecc_weierstrass_curve     00403be8 f   ecc.obj
 0001:00002be8       _ecc_edwards_curve         00403be8 f   ecc.obj
 0001:00002c4a       _ecc_edwards_eq            00403c4a f   ecc.obj
 0001:00002ca7       _ecc_edwards_get_affine    00403ca7 f   ecc.obj
 0001:00002d35       _ecc_edwards_multiply      00403d35 f   ecc.obj
 0001:00002e1c       _ecc_edwards_point_copy    00403e1c f   ecc.obj
 0001:00002e5e       _ecc_edwards_point_free    00403e5e f   ecc.obj
 0001:00002e95       _ecc_edwards_point_new     00403e95 f   ecc.obj
 0001:00002ee7       _ecc_edwards_point_new_from_y 00403ee7 f   ecc.obj
 0001:000030cd       _ecc_montgomery_curve      004040cd f   ecc.obj
 0001:00003188       _ecc_montgomery_diff_add   00404188 f   ecc.obj
 0001:0000331e       _ecc_montgomery_double     0040431e f   ecc.obj
 0001:00003447       _ecc_montgomery_get_affine 00404447 f   ecc.obj
 0001:0000349f       _ecc_montgomery_multiply   0040449f f   ecc.obj
 0001:00003589       _ecc_montgomery_point_copy 00404589 f   ecc.obj
 0001:000035b5       _ecc_montgomery_point_free 004045b5 f   ecc.obj
 0001:000035dc       _ecc_montgomery_point_new  004045dc f   ecc.obj
 0001:0000362e       _ecc_weierstrass_add       0040462e f   ecc.obj
 0001:00003712       _ecc_weierstrass_add_general 00404712 f   ecc.obj
 0001:00003a34       _ecc_weierstrass_double    00404a34 f   ecc.obj
 0001:00003bd4       _ecc_weierstrass_get_affine 00404bd4 f   ecc.obj
 0001:00003c16       _ecc_weierstrass_is_identity 00404c16 f   ecc.obj
 0001:00003c2a       _ecc_weierstrass_multiply  00404c2a f   ecc.obj
 0001:00003d92       _ecc_weierstrass_point_copy 00404d92 f   ecc.obj
 0001:00003dc9       _ecc_weierstrass_point_free 00404dc9 f   ecc.obj
 0001:00003df8       _ecc_weierstrass_point_new 00404df8 f   ecc.obj
 0001:00003e47       _ecc_weierstrass_point_new_from_x 00404e47 f   ecc.obj
 0001:00003f54       _ecc_weierstrass_point_new_identity 00404f54 f   ecc.obj
 0001:00003fc1       _ecc_weierstrass_point_valid 00404fc1 f   ecc.obj
 0001:00004290       _ssh_verstring_get_local   00405290 f   sshverstring.obj
 0001:00004298       __get_startup_thread_locale_mode 00405298 f   LIBCMT:thread_locale.obj
 0001:00004298       ___scrt_initialize_winrt   00405298 f   LIBCMT:utility_desktop.obj
 0001:00004298       _nullseat_get_ttymode      00405298 f   misc.obj
 0001:00004298       _nullseat_get_x_display    00405298 f   misc.obj
 0001:00004298       __matherr                  00405298 f   LIBCMT:matherr.obj
 0001:00004298       __get_startup_new_mode     00405298 f   LIBCMT:new_mode.obj
 0001:00004298       ___scrt_exe_initialize_mta 00405298 f   LIBCMT:utility_desktop.obj
 0001:00004298       ___scrt_stub_for_initialize_mta 00405298 f   LIBCMT:utility_desktop.obj
 0001:00004298       __get_startup_commit_mode  00405298 f   LIBCMT:commit_mode.obj
 0001:0000429b       _new_error_socket_fmt      0040529b f   errsock.obj
 0001:000042cf       ___local_stdio_printf_options 004052cf f i ldisc.obj
 0001:000042d5       __vsnprintf_l              004052d5 f i ldisc.obj
 0001:00004307       _ldisc_echoedit_update     00405307 f   ldisc.obj
 0001:00004372       _sprintf                   00405372 f i ldisc.obj
 0001:0000438c       _log_init                  0040538c f   logging.obj
 0001:000043d3       _log_packet                004053d3 f   logging.obj
 0001:00004747       _logevent                  00405747 f   logging.obj
 0001:000047ce       _logevent_and_free         004057ce f   logging.obj
 0001:00004821       _logeventf                 00405821 f   logging.obj
 0001:00004837       _logeventvf                00405837 f   logging.obj
 0001:00004852       _logfclose                 00405852 f   logging.obj
 0001:0000486d       _logflush                  0040586d f   logging.obj
 0001:00004886       _logfopen                  00405886 f   logging.obj
 0001:00005498       _mainchan_get_specials     00406498 f   mainchan.obj
 0001:000055c0       _mainchan_new              004065c0 f   mainchan.obj
 0001:000056e3       _mainchan_special_cmd      004066e3 f   mainchan.obj
 0001:0000575e       _mainchan_terminal_size    0040675e f   mainchan.obj
 0001:0000585f       _BinarySink_put_asciz      0040685f f   marshal.obj
 0001:00005879       _BinarySink_put_bool       00406879 f   marshal.obj
 0001:00005895       _BinarySink_put_byte       00406895 f   marshal.obj
 0001:000058a7       _BinarySink_put_data       004068a7 f   marshal.obj
 0001:000058ba       _BinarySink_put_datapl     004068ba f   marshal.obj
 0001:000058cf       _BinarySink_put_padding    004068cf f   marshal.obj
 0001:00005925       _BinarySink_put_pstring    00406925 f   marshal.obj
 0001:0000595a       _BinarySink_put_string     0040695a f   marshal.obj
 0001:00005979       _BinarySink_put_stringpl   00406979 f   marshal.obj
 0001:0000598e       _BinarySink_put_stringsb   0040698e f   marshal.obj
 0001:000059ac       _BinarySink_put_stringz    004069ac f   marshal.obj
 0001:000059c7       _BinarySink_put_uint16     004069c7 f   marshal.obj
 0001:000059e7       _BinarySink_put_uint32     004069e7 f   marshal.obj
 0001:00005a17       _BinarySink_put_uint64     00406a17 f   marshal.obj
 0001:00005aa4       _BinarySource_get_asciz    00406aa4 f   marshal.obj
 0001:00005aeb       _BinarySource_get_bool     00406aeb f   marshal.obj
 0001:00005b0f       _BinarySource_get_byte     00406b0f f   marshal.obj
 0001:00005b2f       _BinarySource_get_data     00406b2f f   marshal.obj
 0001:00005b5c       _BinarySource_get_pstring  00406b5c f   marshal.obj
 0001:00005ba8       _BinarySource_get_string   00406ba8 f   marshal.obj
 0001:00005c16       _BinarySource_get_uint16   00406c16 f   marshal.obj
 0001:00005c47       _BinarySource_get_uint32   00406c47 f   marshal.obj
 0001:00005c8b       _bufchain_sink_init        00406c8b f   marshal.obj
 0001:00005cba       _safefree                  00406cba f   memory.obj
 0001:00005cc6       _safegrowarray             00406cc6 f   memory.obj
 0001:00005dd4       _safemalloc                00406dd4 f   memory.obj
 0001:00005e12       _saferealloc               00406e12 f   memory.obj
 0001:00005e57       _add_prompt                00406e57 f   misc.obj
 0001:00005ea6       _buildinfo                 00406ea6 f   misc.obj
 0001:00005f44       _conf_launchable           00406f44 f   misc.obj
 0001:00005f6e       _free_prompts              00406f6e f   misc.obj
 0001:00005fd0       _new_prompts               00406fd0 f   misc.obj
 0001:00005ffd       _ssh2_connection_parse_global_request 00406ffd f   ssh2connection-client.obj
 0001:00005ffd       _chan_no_send_signal       00406ffd f   sshcommon.obj
 0001:00005ffd       _nullseat_is_never_utf8    00406ffd f   misc.obj
 0001:00005ffd       _chan_no_run_shell         00406ffd f   sshcommon.obj
 0001:00005ffd       _chan_no_change_window_size 00406ffd f   sshcommon.obj
 0001:00005ffd       _nullseat_get_windowid     00406ffd f   misc.obj
 0001:00005ffd       _chan_no_enable_x11_forwarding 00406ffd f   sshcommon.obj
 0001:00005ffd       _chan_no_exit_signal       00406ffd f   sshcommon.obj
 0001:00005ffd       _chan_no_send_break        00406ffd f   sshcommon.obj
 0001:00005ffd       _chan_no_exit_status       00406ffd f   sshcommon.obj
 0001:00005ffd       _sk_address_is_special_local 00406ffd f   winnet.obj
 0001:00005ffd       _chan_no_run_command       00406ffd f   sshcommon.obj
 0001:00005ffd       _chan_no_exit_signal_numeric 00406ffd f   sshcommon.obj
 0001:00005ffd       _chan_no_run_subsystem     00406ffd f   sshcommon.obj
 0001:00005ffd       _nullseat_get_window_pixel_size 00406ffd f   misc.obj
 0001:00005ffd       _chan_no_enable_agent_forwarding 00406ffd f   sshcommon.obj
 0001:00005ffd       _chan_no_allocate_pty      00406ffd f   sshcommon.obj
 0001:00005ffd       _chan_no_set_env           00406ffd f   sshcommon.obj
 0001:00006000       _nullseat_update_specials_menu 00407000 f   misc.obj
 0001:00006000       @_guard_check_icall_nop@4  00407000 f   LIBCMT:guard_support.obj
 0001:00006000       __initialize_denormal_control 00407000 f   LIBCMT:denormal_control.obj
 0001:00006000       _platform_ssh_share_cleanup 00407000 f   winshare.obj
 0001:00006000       _add_session_to_jumplist   00407000 f   winnojmp.obj
 0001:00006000       __initialize_invalid_parameter_handler 00407000 f   LIBCMT:invalid_parameter_handler.obj
 0001:00006000       _timer_change_notify       00407000 f   wincons.obj
 0001:00006000       _nullseat_set_busy_status  00407000 f   misc.obj
 0001:00006000       _nullseat_notify_remote_exit 00407000 f   misc.obj
 0001:00006001       _out_of_memory             00407001 f   misc.obj
 0001:0000600d       _prompt_ensure_result_size 0040700d f   misc.obj
 0001:00006068       _prompt_set_result         00407068 f   misc.obj
 0001:0000608f       _seat_connection_fatal     0040708f f   misc.obj
 0001:000060b6       _sk_free_peer_info         004070b6 f   misc.obj
 0001:000060da       _validate_manual_hostkey   004070da f   misc.obj
 0001:0000628b       _dup_mb_to_wc              0040728b f   miscucs.obj
 0001:000062aa       _dup_mb_to_wc_c            004072aa f   miscucs.obj
 0001:00006317       _BinarySink_put_mp_ssh1    00407317 f   mpint.obj
 0001:0000637e       _BinarySink_put_mp_ssh2    0040737e f   mpint.obj
 0001:000063c2       _BinarySource_get_mp_ssh1  004073c2 f   mpint.obj
 0001:00006431       _BinarySource_get_mp_ssh2  00407431 f   mpint.obj
 0001:0000647f       __vfprintf_l               0040747f f i mpint.obj
 0001:000064a2       _fprintf                   004074a2 f i mpint.obj
 0001:000064ba       _modsqrt_new               004074ba f   mpint.obj
 0001:00006549       _monty_add                 00407549 f   mpint.obj
 0001:00006590       _monty_export              00407590 f   mpint.obj
 0001:000065b3       _monty_export_into         004075b3 f   mpint.obj
 0001:00006610       _monty_free                00407610 f   mpint.obj
 0001:0000665a       _monty_identity            0040765a f   mpint.obj
 0001:0000665a       _handle_get_privdata       0040765a f   winhandl.obj
 0001:00006662       _monty_import              00407662 f   mpint.obj
 0001:00006678       _monty_invert              00407678 f   mpint.obj
 0001:000066a5       _monty_modsqrt             004076a5 f   mpint.obj
 0001:0000686d       _monty_mul                 0040786d f   mpint.obj
 0001:00006894       _monty_mul_into            00407894 f   mpint.obj
 0001:00006951       _monty_new                 00407951 f   mpint.obj
 0001:00006a07       _monty_pow                 00407a07 f   mpint.obj
 0001:00006bf4       _monty_sub                 00407bf4 f   mpint.obj
 0001:00006c33       _mp_add                    00407c33 f   mpint.obj
 0001:00006c5f       _mp_add_integer_into       00407c5f f   mpint.obj
 0001:00006d46       _mp_add_into               00407d46 f   mpint.obj
 0001:0000712b       _mp_clear                  0040812b f   mpint.obj
 0001:00007140       _mp_cmp_eq                 00408140 f   mpint.obj
 0001:0000718e       _mp_cmp_hs                 0040818e f   mpint.obj
 0001:000071b1       _mp_cond_add_into          004081b1 f   mpint.obj
 0001:000071d9       _mp_cond_clear             004081d9 f   mpint.obj
 0001:000071f9       _mp_cond_sub_into          004081f9 f   mpint.obj
 0001:00007224       _mp_cond_swap              00408224 f   mpint.obj
 0001:00007280       _mp_copy                   00408280 f   mpint.obj
 0001:000072a9       _mp_copy_into              004082a9 f   mpint.obj
 0001:000072e6       _mp_divmod_into            004082e6 f   mpint.obj
 0001:0000780a       _mp_eq_integer             0040880a f   mpint.obj
 0001:00007953       _mp_free                   00408953 f   mpint.obj
 0001:0000796f       _mp_from_bytes_be          0040896f f   mpint.obj
 0001:000079e8       _mp_from_bytes_le          004089e8 f   mpint.obj
 0001:000079fd       _mp_from_decimal           004089fd f   mpint.obj
 0001:00007a14       _mp_from_decimal_pl        00408a14 f   mpint.obj
 0001:00007a94       _mp_from_hex               00408a94 f   mpint.obj
 0001:00007aab       _mp_from_hex_pl            00408aab f   mpint.obj
 0001:00007b76       _mp_from_integer           00408b76 f   mpint.obj
 0001:00007bae       _mp_get_bit                00408bae f   mpint.obj
 0001:00007bce       _mp_get_byte               00408bce f   mpint.obj
 0001:00007bee       _mp_get_hex                00408bee f   mpint.obj
 0001:00007c7f       _mp_get_nbits              00408c7f f   mpint.obj
 0001:00007cd7       _mp_hs_integer             00408cd7 f   mpint.obj
 0001:00007d29       _mp_invert                 00408d29 f   mpint.obj
 0001:00007d4d       _mp_invert_mod_2to         00408d4d f   mpint.obj
 0001:0000802a       _mp_lshift_fixed_into      0040902a f   mpint.obj
 0001:000080f0       _mp_max                    004090f0 f   mpint.obj
 0001:0000811b       _mp_max_bits               0040911b f   mpint.obj
 0001:00008125       _mp_max_into               00409125 f   mpint.obj
 0001:00008147       _mp_min                    00409147 f   mpint.obj
 0001:00008172       _mp_min_into               00409172 f   mpint.obj
 0001:00008194       _mp_mod                    00409194 f   mpint.obj
 0001:000081b8       _mp_modadd                 004091b8 f   mpint.obj
 0001:000081e3       _mp_modmul                 004091e3 f   mpint.obj
 0001:0000820e       _mp_modpow                 0040920e f   mpint.obj
 0001:00008294       _mp_mul                    00409294 f   mpint.obj
 0001:0000835f       _mp_mul_integer_into       0040935f f   mpint.obj
 0001:00008697       _mp_mul_into               00409697 f   mpint.obj
 0001:000086da       _mp_neg_into               004096da f   mpint.obj
 0001:000086f7       _mp_new                    004096f7 f   mpint.obj
 0001:00008709       _mp_power_2                00409709 f   mpint.obj
 0001:0000872b       _mp_random_bits_fn         0040972b f   mpint.obj
 0001:0000877e       _mp_random_in_range_fn     0040977e f   mpint.obj
 0001:000087cd       _mp_reduce_mod_2to         004097cd f   mpint.obj
 0001:000087f5       _mp_rshift_fixed           004097f5 f   mpint.obj
 0001:0000882e       _mp_rshift_fixed_into      0040982e f   mpint.obj
 0001:00008899       _mp_rshift_safe            00409899 f   mpint.obj
 0001:000089c8       _mp_select_into            004099c8 f   mpint.obj
 0001:00008a0c       _mp_set_bit                00409a0c f   mpint.obj
 0001:00008a5b       _mp_sub                    00409a5b f   mpint.obj
 0001:00008a86       _mp_sub_integer_into       00409a86 f   mpint.obj
 0001:00008aaa       _mp_sub_into               00409aaa f   mpint.obj
 0001:00008c3b       _pinger_free               00409c3b f   pinger.obj
 0001:00008c4a       _pinger_new                00409c4a f   pinger.obj
 0001:00008c7d       _pinger_reconfig           00409c7d f   pinger.obj
 0001:00009685       _pfr_free                  0040a685 f   portfwd.obj
 0001:000096c4       _portfwd_raw_free          0040a6c4 f   portfwd.obj
 0001:000096f4       _portfwd_raw_new           0040a6f4 f   portfwd.obj
 0001:00009740       _portfwd_raw_setup         0040a740 f   portfwd.obj
 0001:00009774       _portfwdmgr_close          0040a774 f   portfwd.obj
 0001:00009797       _portfwdmgr_close_all      0040a797 f   portfwd.obj
 0001:000097c3       _portfwdmgr_config         0040a7c3 f   portfwd.obj
 0001:00009df0       _portfwdmgr_connect        0040adf0 f   portfwd.obj
 0001:00009eec       _portfwdmgr_free           0040aeec f   portfwd.obj
 0001:00009f19       _portfwdmgr_new            0040af19 f   portfwd.obj
 0001:0000a2cd       ___local_stdio_scanf_options 0040b2cd f i proxy.obj
 0001:0000a2d3       __vsscanf_l                0040b2d3 f i proxy.obj
 0001:0000a32e       _format_telnet_command     0040b32e f   proxy.obj
 0001:0000a679       _name_lookup               0040b679 f   proxy.obj
 0001:0000a731       _new_connection            0040b731 f   proxy.obj
 0001:0000aa86       _new_listener              0040ba86 f   proxy.obj
 0001:0000aabc       _proxy_activate            0040babc f   proxy.obj
 0001:0000abad       _proxy_for_destination     0040bbad f   proxy.obj
 0001:0000adb6       _proxy_http_negotiate      0040bdb6 f   proxy.obj
 0001:0000b1db       _proxy_socks4_negotiate    0040c1db f   proxy.obj
 0001:0000b3f0       _proxy_socks5_negotiate    0040c3f0 f   proxy.obj
 0001:0000b96c       _proxy_telnet_negotiate    0040c96c f   proxy.obj
 0001:0000baf1       _sscanf                    0040caf1 f i proxy.obj
 0001:0000bd94       ___acrt_uninitialize_command_line 0040cd94 f   libucrt:argv_data.obj
 0001:0000bd94       __should_initialize_environment 0040cd94 f   LIBCMT:env_mode.obj
 0001:0000c376       _prepare_session           0040d376 f   sessprep.obj
 0001:0000c419       _backend_vt_from_name      0040d419 f   settings.obj
 0001:0000c447       _backend_vt_from_proto     0040d447 f   settings.obj
 0001:0000c46a       _do_defaults               0040d46a f   settings.obj
 0001:0000c46f       _get_remote_username       0040d46f f   settings.obj
 0001:0000c977       _load_open_settings        0040d977 f   settings.obj
 0001:0000daeb       _load_settings             0040eaeb f   settings.obj
 0001:0000e3df       _ssh_check_frozen          0040f3df f   ssh.obj
 0001:0000e443       _ssh_conn_processed_data   0040f443 f   ssh.obj
 0001:0000e4e7       _ssh_deferred_abort_callback 0040f4e7 f   ssh.obj
 0001:0000e50b       _ssh_get_logctx            0040f50b f   ssh.obj
 0001:0000e513       _ssh_got_exitcode          0040f513 f   ssh.obj
 0001:0000e51f       _ssh_got_fallback_cmd      0040f51f f   ssh.obj
 0001:0000e993       _ssh_ldisc_update          0040f993 f   ssh.obj
 0001:0000e9a7       _ssh_proto_error           0040f9a7 f   ssh.obj
 0001:0000ea0e       _ssh_remote_eof            0040fa0e f   ssh.obj
 0001:0000ea67       _ssh_remote_error          0040fa67 f   ssh.obj
 0001:0000eb70       _ssh_sw_abort              0040fb70 f   ssh.obj
 0001:0000ebd1       _ssh_sw_abort_deferred     0040fbd1 f   ssh.obj
 0001:0000ec2b       _ssh_throttle_conn         0040fc2b f   ssh.obj
 0001:0000ec78       _ssh_user_close            0040fc78 f   ssh.obj
 0001:0000f345       _ssh1_bpp_new              00410345 f   ssh1bpp.obj
 0001:0000f382       _ssh1_bpp_new_cipher       00410382 f   ssh1bpp.obj
 0001:0000f47d       _ssh1_bpp_start_compression 0041047d f   ssh1bpp.obj
 0001:0000f4f7       _ssh1_censor_packet        004104f7 f   ssh1censor.obj
 0001:0000fcea       _ssh1_channel_free         00410cea f   ssh1connection.obj
 0001:0000fd05       _ssh1_channel_init         00410d05 f   ssh1connection.obj
 0001:0000fddf       _ssh1_check_termination    00410ddf f   ssh1connection.obj
 0001:000100a7       _ssh1_connection_new       004110a7 f   ssh1connection.obj
 0001:00010130       _ssh1_connection_set_protoflags 00411130 f   ssh1connection.obj
 0001:00010428       _ssh1_connection_direction_specific_setup 00411428 f   ssh1connection-client.obj
 0001:00010457       _ssh1_connection_need_antispoof_prompt 00411457 f   ssh1connection-client.obj
 0001:000104bc       _ssh1_handle_direction_specific_packet 004114bc f   ssh1connection-client.obj
 0001:00010941       _ssh1_rportfwd_alloc       00411941 f   ssh1connection-client.obj
 0001:00010a8a       _ssh1_serverside_agent_open 00411a8a f   ssh1connection-client.obj
 0001:00010aa6       _ssh1_serverside_x11_open  00411aa6 f   ssh1connection-client.obj
 0001:00010ad1       _ssh1_session_open         00411ad1 f   ssh1connection-client.obj
 0001:00012798       _ssh1_login_new            00413798 f   ssh1login.obj
 0001:0001360f       _ssh2_bpp_new              0041460f f   ssh2bpp.obj
 0001:0001365a       _ssh2_bpp_new_incoming_crypto 0041465a f   ssh2bpp.obj
 0001:000137b1       _ssh2_bpp_new_outgoing_crypto 004147b1 f   ssh2bpp.obj
 0001:0001391a       _ssh2_bpp_rekey_inadvisable 0041491a f   ssh2bpp.obj
 0001:00013c75       _ssh2_bare_bpp_new         00414c75 f   ssh2bpp-bare.obj
 0001:00013caf       _ssh2_censor_packet        00414caf f   ssh2censor.obj
 0001:00014845       _ssh2_channel_init         00415845 f   ssh2connection.obj
 0001:000149af       _ssh2_chanopen_init        004159af f   ssh2connection.obj
 0001:000149f7       _ssh2_chanreq_init         004159f7 f   ssh2connection.obj
 0001:00015607       _ssh2_connection_new       00416607 f   ssh2connection.obj
 0001:000156d7       _ssh2_queue_global_request_handler 004166d7 f   ssh2connection.obj
 0001:00015b4c       _ssh2_connection_need_antispoof_prompt 00416b4c f   ssh2connection-client.obj
 0001:00015b67       _ssh2_connection_parse_channel_open 00416b67 f   ssh2connection-client.obj
 0001:00015c9e       _ssh2_portfwd_chanopen     00416c9e f   ssh2connection-client.obj
 0001:00015d17       _ssh2_rportfwd_alloc       00416d17 f   ssh2connection-client.obj
 0001:00015ec3       _ssh2_rportfwd_remove      00416ec3 f   ssh2connection-client.obj
 0001:00015f67       _ssh2_serverside_agent_open 00416f67 f   ssh2connection-client.obj
 0001:00015f83       _ssh2_serverside_x11_open  00416f83 f   ssh2connection-client.obj
 0001:00015f9f       _ssh2_session_open         00416f9f f   ssh2connection-client.obj
 0001:00015ffe       _ssh2channel_request_agent_forwarding 00416ffe f   ssh2connection-client.obj
 0001:00016035       _ssh2channel_request_pty   00417035 f   ssh2connection-client.obj
 0001:00016121       _ssh2channel_request_x11_forwarding 00417121 f   ssh2connection-client.obj
 0001:00016187       _ssh2channel_send_env_var  00417187 f   ssh2connection-client.obj
 0001:000161dd       _ssh2channel_send_exit_signal 004171dd f   ssh2connection-client.obj
 0001:000161f9       _ssh2channel_send_exit_signal_numeric 004171f9 f   ssh2connection-client.obj
 0001:00016215       _ssh2channel_send_exit_status 00417215 f   ssh2connection-client.obj
 0001:00016231       _ssh2channel_send_serial_break 00417231 f   ssh2connection-client.obj
 0001:0001627b       _ssh2channel_send_signal   0041727b f   ssh2connection-client.obj
 0001:000162c5       _ssh2channel_send_terminal_size_change 004172c5 f   ssh2connection-client.obj
 0001:0001631c       _ssh2channel_start_command 0041731c f   ssh2connection-client.obj
 0001:00016364       _ssh2channel_start_shell   00417364 f   ssh2connection-client.obj
 0001:0001639b       _ssh2channel_start_subsystem 0041739b f   ssh2connection-client.obj
 0001:000163e5       _ssh2kex_coroutine         004173e5 f   ssh2kex-client.obj
 0001:00017a42       _ssh_transient_hostkey_cache_add 00418a42 f   ssh2transhk.obj
 0001:00017af9       _ssh_transient_hostkey_cache_free 00418af9 f   ssh2transhk.obj
 0001:00017b3e       _ssh_transient_hostkey_cache_has 00418b3e f   ssh2transhk.obj
 0001:00017b5b       _ssh_transient_hostkey_cache_new 00418b5b f   ssh2transhk.obj
 0001:00017b7c       _ssh_transient_hostkey_cache_non_empty 00418b7c f   ssh2transhk.obj
 0001:00017b8e       _ssh_transient_hostkey_cache_verify 00418b8e f   ssh2transhk.obj
 0001:00018d39       _ssh2_common_filter_queue  00419d39 f   ssh2transport.obj
 0001:00019513       _ssh2_transport_dialog_callback 0041a513 f   ssh2transport.obj
 0001:000195c8       _ssh2_transport_get_session_id 0041a5c8 f   ssh2transport.obj
 0001:0001981f       _ssh2_transport_new        0041a81f f   ssh2transport.obj
 0001:000199b3       _ssh2_transport_notify_auth_done 0041a9b3 f   ssh2transport.obj
 0001:000199f4       _ssh2_transport_pop        0041a9f4 f   ssh2transport.obj
 0001:0001a2e4       _ssh2transport_finalise_exhash 0041b2e4 f   ssh2transport.obj
 0001:0001cc0d       _ssh2_userauth_new         0041dc0d f   ssh2userauth.obj
 0001:0001cce3       _ssh2_userauth_set_transport_layer 0041dce3 f   ssh2userauth.obj
 0001:00022147       _aes256_decrypt_pubkey     00423147 f   sshauxcrypt.obj
 0001:000221bf       _des3_decrypt_pubkey       004231bf f   sshauxcrypt.obj
 0001:0002225d       _des_decrypt_xdmauth       0042325d f   sshauxcrypt.obj
 0001:00022282       _des_encrypt_xdmauth       00423282 f   sshauxcrypt.obj
 0001:00022335       _hash_simple               00423335 f   sshauxcrypt.obj
 0001:0002235e       _mac_simple                0042335e f   sshauxcrypt.obj
 0001:00022d4a       _blowfish_expandkey        00423d4a f   sshblowf.obj
 0001:000230d0       _blowfish_initkey          004240d0 f   sshblowf.obj
 0001:00024426       _chan_no_request_response  00425426 f   sshcommon.obj
 0001:0002452c       _add_to_commasep           0042552c f   sshcommon.obj
 0001:0002455d       _alloc_channel_id_general  0042555d f   sshcommon.obj
 0001:000245b0       _chan_default_want_close   004255b0 f   sshcommon.obj
 0001:000245c4       _chan_remotely_opened_confirmation 004255c4 f   sshcommon.obj
 0001:000245e0       _chan_remotely_opened_failure 004255e0 f   sshcommon.obj
 0001:000245fc       _free_rportfwd             004255fc f   sshcommon.obj
 0001:00024628       _get_commasep_word         00425628 f   sshcommon.obj
 0001:00024695       _get_ttymodes_from_conf    00425695 f   sshcommon.obj
 0001:0002488a       _pq_base_concatenate       0042588a f   sshcommon.obj
 0001:00024963       _pq_base_push              00425963 f   sshcommon.obj
 0001:00024994       _pq_base_push_front        00425994 f   sshcommon.obj
 0001:00024a68       _pq_in_clear               00425a68 f   sshcommon.obj
 0001:00024a81       _pq_in_init                00425a81 f   sshcommon.obj
 0001:00024ac6       _pq_out_clear              00425ac6 f   sshcommon.obj
 0001:00024af1       _pq_out_init               00425af1 f   sshcommon.obj
 0001:00024b06       _read_ttymodes_from_packet 00425b06 f   sshcommon.obj
 0001:00024bde       _ssh1_common_filter_queue  00425bde f   sshcommon.obj
 0001:00024c7e       _ssh1_common_get_specials  00425c7e f   sshcommon.obj
 0001:00024ca2       _ssh1_compute_session_id   00425ca2 f   sshcommon.obj
 0001:00024d36       _ssh1_pkt_type             00425d36 f   sshcommon.obj
 0001:00024f03       _ssh2_bpp_check_unimplemented 00425f03 f   sshcommon.obj
 0001:00024f5c       _ssh2_bpp_queue_disconnect 00425f5c f   sshcommon.obj
 0001:00024fa5       _ssh2_pkt_type             00425fa5 f   sshcommon.obj
 0001:00025343       _ssh_bpp_common_setup      00426343 f   sshcommon.obj
 0001:0002538a       _ssh_bpp_free              0042638a f   sshcommon.obj
 0001:0002538a       _ssh_ppl_free              0042638a f   sshcommon.obj
 0001:000253c2       _ssh_free_pktout           004263c2 f   sshcommon.obj
 0001:000253d9       _ssh_new_packet            004263d9 f   sshcommon.obj
 0001:00025449       _ssh_ppl_replace           00426449 f   sshcommon.obj
 0001:00025494       _ssh_ppl_setup_queues      00426494 f   sshcommon.obj
 0001:000254d0       _ssh_ppl_user_output_string_and_free 004264d0 f   sshcommon.obj
 0001:000254f9       _verify_ssh_manual_host_key 004264f9 f   sshcommon.obj
 0001:00025674       _write_ttymodes_to_packet  00426674 f   sshcommon.obj
 0001:00025733       _zombiechan_new            00426733 f   sshcommon.obj
 0001:0002574c       _crc32_ssh1                0042674c f   sshcrc.obj
 0001:0002575f       _crc32_update              0042675f f   sshcrc.obj
 0001:00025875       _crcda_free_context        00426875 f   sshcrcda.obj
 0001:00025892       _crcda_make_context        00426892 f   sshcrcda.obj
 0001:000258ab       _detect_attack             004268ab f   sshcrcda.obj
 0001:0002675d       _des_key_setup             0042775d f   sshdes.obj
 0001:000268b8       _dh_cleanup                004278b8 f   sshdh.obj
 0001:0002690f       _dh_create_e               0042790f f   sshdh.obj
 0001:00026990       _dh_find_K                 00427990 f   sshdh.obj
 0001:000269c3       _dh_is_gex                 004279c3 f   sshdh.obj
 0001:000269cd       _dh_modulus_bit_size       004279cd f   sshdh.obj
 0001:000269cd       _ssh_rsakex_klen           004279cd f   sshrsa.obj
 0001:000269db       _dh_setup_gex              004279db f   sshdh.obj
 0001:00026a0e       _dh_setup_group            00427a0e f   sshdh.obj
 0001:00026a52       _dh_validate_f             00427a52 f   sshdh.obj
 0001:000272b4       _dss_gen_k                 004282b4 f   sshdss.obj
 0001:00028e83       _ssh_ecdhkex_curve_textname 00429e83 f   sshecc.obj
 0001:00028e90       _ssh_ecdhkex_freekey       00429e90 f   sshecc.obj
 0001:00028eae       _ssh_ecdhkex_getkey        00429eae f   sshecc.obj
 0001:00028ec4       _ssh_ecdhkex_getpublic     00429ec4 f   sshecc.obj
 0001:00028ed5       _ssh_ecdhkex_newkey        00429ed5 f   sshecc.obj
 0001:00028fdd       _ssh_gssapi_bind_fns       00429fdd f   sshgssc.obj
 0001:0002963c       _ssh2_mac_generate         0042a63c f   sshmac.obj
 0001:00029694       _ssh2_mac_verify           0042a694 f   sshmac.obj
 0001:000296bf       _ssh2_mac_verresult        0042a6bf f   sshmac.obj
 0001:000297b0       _MD5Final                  0042a7b0 f   sshmd5.obj
 0001:000298a7       _MD5Init                   0042a8a7 f   sshmd5.obj
 0001:0002a46a       _prng_add_entropy          0042b46a f   sshprng.obj
 0001:0002a56c       _prng_free                 0042b56c f   sshprng.obj
 0001:0002a5d0       _prng_new                  0042b5d0 f   sshprng.obj
 0001:0002a657       _prng_read                 0042b657 f   sshprng.obj
 0001:0002a73b       _prng_seed_begin           0042b73b f   sshprng.obj
 0001:0002a782       _prng_seed_finish          0042b782 f   sshprng.obj
 0001:0002a81f       _find_pubkey_alg           0042b81f f   sshpubk.obj
 0001:0002a836       _find_pubkey_alg_len       0042b836 f   sshpubk.obj
 0001:0002a8e5       _key_type                  0042b8e5 f   sshpubk.obj
 0001:0002ab5c       _key_type_to_str           0042bb5c f   sshpubk.obj
 0001:0002abe0       _openssh_loadpub           0042bbe0 f   sshpubk.obj
 0001:0002af6a       _rfc4716_loadpub           0042bf6a f   sshpubk.obj
 0001:0002b1f5       _rsa_ssh1_encrypted        0042c1f5 f   sshpubk.obj
 0001:0002b4e1       _rsa_ssh1_loadkey          0042c4e1 f   sshpubk.obj
 0001:0002b59b       _rsa_ssh1_loadpub          0042c59b f   sshpubk.obj
 0001:0002b7d9       _ssh2_fingerprint          0042c7d9 f   sshpubk.obj
 0001:0002b80b       _ssh2_fingerprint_blob     0042c80b f   sshpubk.obj
 0001:0002b90b       _ssh2_load_userkey         0042c90b f   sshpubk.obj
 0001:0002bfe0       _ssh2_userkey_encrypted    0042cfe0 f   sshpubk.obj
 0001:0002c145       _ssh2_userkey_loadpub      0042d145 f   sshpubk.obj
 0001:0002c412       _random_add_noise          0042d412 f   sshrand.obj
 0001:0002c436       _random_clear              0042d436 f   sshrand.obj
 0001:0002c4d1       _random_get_savedata       0042d4d1 f   sshrand.obj
 0001:0002c50b       _random_read               0042d50b f   sshrand.obj
 0001:0002c542       _random_ref                0042d542 f   sshrand.obj
 0001:0002c55f       _random_save_seed          0042d55f f   sshrand.obj
 0001:0002c5e3       _random_unref              0042d5e3 f   sshrand.obj
 0001:0002cada       _rsa2_invalid              0042dada f   sshrsa.obj
 0001:0002cb30       _BinarySource_get_rsa_ssh1_priv 0042db30 f   sshrsa.obj
 0001:0002cb45       _BinarySource_get_rsa_ssh1_pub 0042db45 f   sshrsa.obj
 0001:0002cbb4       _crt_modpow                0042dbb4 f   sshrsa.obj
 0001:0002ccfc       _freersakey                0042dcfc f   sshrsa.obj
 0001:0002cd43       _freersapriv               0042dd43 f   sshrsa.obj
 0001:0002cfac       _rsa_ssh1_decrypt          0042dfac f   sshrsa.obj
 0001:0002cfb1       _rsa_ssh1_encrypt          0042dfb1 f   sshrsa.obj
 0001:0002d103       _rsa_ssh1_fingerprint      0042e103 f   sshrsa.obj
 0001:0002d202       _rsa_ssh1_public_blob      0042e202 f   sshrsa.obj
 0001:0002d255       _rsa_verify                0042e255 f   sshrsa.obj
 0001:0002d374       _rsastr_fmt                0042e374 f   sshrsa.obj
 0001:0002d39f       _ssh_rsakex_encrypt        0042e39f f   sshrsa.obj
 0001:0002d4d9       _ssh_rsakex_freekey        0042e4d9 f   sshrsa.obj
 0001:0002d4e8       _ssh_rsakex_newkey         0042e4e8 f   sshrsa.obj
 0001:0002e043       _SHA384_Final              0042f043 f   sshsh512.obj
 0001:0002e080       _SHA384_Init               0042f080 f   sshsh512.obj
 0001:0002ef5d       _SHA512_Final              0042ff5d f   sshsh512.obj
 0001:0002f085       _SHA512_Init               00430085 f   sshsh512.obj
 0001:0002ff9b       _share_activate            00430f9b f   sshshare.obj
 0001:000302c9       _share_dead_xchannel_respond 004312c9 f   sshshare.obj
 0001:00030e32       _share_got_pkt_from_server 00431e32 f   sshshare.obj
 0001:00031138       _share_ndownstreams        00432138 f   sshshare.obj
 0001:00031247       _share_setup_x11_channel   00432247 f   sshshare.obj
 0001:000315f3       _share_xchannel_confirmation 004325f3 f   sshshare.obj
 0001:000316a0       _share_xchannel_failure    004326a0 f   sshshare.obj
 0001:00031716       _sharestate_free           00432716 f   sshshare.obj
 0001:00031770       _ssh_connection_sharing_init 00432770 f   sshshare.obj
 0001:0003196c       _ssh_connshare_provide_connlayer 0043296c f   sshshare.obj
 0001:00031978       _ssh_share_sockname        00432978 f   sshshare.obj
 0001:000319e1       _ssh_share_test_for_upstream 004329e1 f   sshshare.obj
 0001:00032522       _ssh_verstring_get_bugs    00433522 f   sshverstring.obj
 0001:0003252a       _ssh_verstring_get_remote  0043352a f   sshverstring.obj
 0001:00032534       _ssh_verstring_new         00433534 f   sshverstring.obj
 0001:000326ba       _zlib_compress_init        004336ba f   sshzlib.obj
 0001:00032756       _zlib_compress_cleanup     00433756 f   sshzlib.obj
 0001:00032788       _zlib_compress_block       00433788 f   sshzlib.obj
 0001:00032847       _zlib_decompress_init      00433847 f   sshzlib.obj
 0001:0003292a       _zlib_decompress_cleanup   0043392a f   sshzlib.obj
 0001:00032998       _zlib_decompress_block     00433998 f   sshzlib.obj
 0001:00033ade       _stripctrl_enable_line_limiting 00434ade f   stripctrl.obj
 0001:00033ae9       _stripctrl_free            00434ae9 f   stripctrl.obj
 0001:00033d8a       _stripctrl_new             00434d8a f   stripctrl.obj
 0001:00033deb       _stripctrl_reset           00434deb f   stripctrl.obj
 0001:00033e20       _stripctrl_retarget        00434e20 f   stripctrl.obj
 0001:00035016       _expire_timer_context      00436016 f   timing.obj
 0001:00035063       _run_timers                00436063 f   timing.obj
 0001:00035108       _schedule_timer            00436108 f   timing.obj
 0001:0003519b       _timing_last_clock         0043619b f   timing.obj
 0001:000351a1       _add234                    004361a1 f   tree234.obj
 0001:0003570d       _count234                  0043670d f   tree234.obj
 0001:00035759       _del234                    00436759 f   tree234.obj
 0001:00035788       _delpos234                 00436788 f   tree234.obj
 0001:00035c5a       _find234                   00436c5a f   tree234.obj
 0001:00035c73       _findrel234                00436c73 f   tree234.obj
 0001:00035c8e       _findrelpos234             00436c8e f   tree234.obj
 0001:00035dc5       _freetree234               00436dc5 f   tree234.obj
 0001:00035ddb       _index234                  00436ddb f   tree234.obj
 0001:00035e51       _newtree234                00436e51 f   tree234.obj
 0001:00035e6a       _search234_start           00436e6a f   tree234.obj
 0001:00035e8a       _search234_step            00436e8a f   tree234.obj
 0001:00035f7b       _base64_decode_atom        00436f7b f   utils.obj
 0001:00036067       _base64_encode_atom        00437067 f   utils.obj
 0001:000360e3       _bufchain_add              004370e3 f   utils.obj
 0001:00036185       _bufchain_clear            00437185 f   utils.obj
 0001:000361b7       _bufchain_consume          004371b7 f   utils.obj
 0001:00036242       _bufchain_fetch            00437242 f   utils.obj
 0001:000362b4       _bufchain_fetch_consume    004372b4 f   utils.obj
 0001:000362d5       _bufchain_init             004372d5 f   utils.obj
 0001:000362ee       _bufchain_prefix           004372ee f   utils.obj
 0001:000362fd       _bufchain_set_callback_inner 004372fd f   utils.obj
 0001:00036310       _bufchain_size             00437310 f   utils.obj
 0001:00036318       _bufchain_try_fetch_consume 00437318 f   utils.obj
 0001:00036339       _chomp                     00437339 f   utils.obj
 0001:00036366       _ctrlparse                 00437366 f   utils.obj
 0001:000363e4       _dupcat                    004373e4 f   utils.obj
 0001:00036463       _dupprintf                 00437463 f   utils.obj
 0001:00036474       _dupstr                    00437474 f   utils.obj
 0001:000364a3       _dupvprintf                004374a3 f   utils.obj
 0001:00036539       _fgetline                  00437539 f   utils.obj
 0001:000365c1       _host_strchr               004375c1 f   utils.obj
 0001:00036635       _host_strcspn              00437635 f   utils.obj
 0001:0003665b       _host_strduptrim           0043765b f   utils.obj
 0001:000366e0       _host_strrchr              004376e0 f   utils.obj
 0001:00036700       _mkstr                     00437700 f   utils.obj
 0001:0003672c       _nullstrcmp                0043772c f   utils.obj
 0001:0003674f       _parse_blocksize           0043774f f   utils.obj
 0001:000367c0       _ptrlen_endswith           004377c0 f   utils.obj
 0001:00036803       _ptrlen_eq_ptrlen          00437803 f   utils.obj
 0001:00036828       _ptrlen_eq_string          00437828 f   utils.obj
 0001:00036853       _smemeq                    00437853 f   utils.obj
 0001:000368b3       _strbuf_append             004378b3 f   utils.obj
 0001:000368f1       _strbuf_catf               004378f1 f   utils.obj
 0001:00036907       _strbuf_catfv              00437907 f   utils.obj
 0001:0003693c       _strbuf_finalise_agent_query 0043793c f   utils.obj
 0001:00036983       _strbuf_free               00437983 f   utils.obj
 0001:000369ae       _strbuf_new                004379ae f   utils.obj
 0001:000369b7       _strbuf_new_for_agent_query 004379b7 f   utils.obj
 0001:00036a17       _strbuf_new_nm             00437a17 f   utils.obj
 0001:00036a20       _strbuf_to_str             00437a20 f   utils.obj
 0001:00036a35       _string_length_for_printf  00437a35 f   utils.obj
 0001:00036a60       _vsnprintf                 00437a60 f i utils.obj
 0001:00036ad9       _mk_wcwidth                00437ad9 f   wcwidth.obj
 0001:00036b30       _wc_match                  00437b30 f   wildcard.obj
 0001:00036dad       _got_crypt                 00437dad f   wincapi.obj
 0001:00036f17       _cleanup_exit              00437f17 f   wincons.obj
 0001:00036f2b       _console_confirm_weak_cached_hostkey 00437f2b f   wincons.obj
 0001:00037004       _console_confirm_weak_crypto_primitive 00438004 f   wincons.obj
 0001:000370dd       _console_connection_fatal  004380dd f   wincons.obj
 0001:000370f5       _console_get_userpass_input 004380f5 f   wincons.obj
 0001:0003734b       _console_print_error_msg   0043834b f   wincons.obj
 0001:0003739f       _console_print_error_msg_fmt_v 0043839f f   wincons.obj
 0001:000373c4       _console_set_trust_status  004383c4 f   wincons.obj
 0001:000373e5       _console_stripctrl_new     004383e5 f   wincons.obj
 0001:000373f6       _console_verify_ssh_host_key 004383f6 f   wincons.obj
 0001:0003757c       _is_interactive            0043857c f   wincons.obj
 0001:0003758c       _modalfatalbox             0043858c f   wincons.obj
 0001:000375aa       _nonfatal                  004385aa f   wincons.obj
 0001:000375c1       _old_keyfile_warning       004385c1 f   wincons.obj
 0001:000375d7       _pgp_fingerprints          004385d7 f   wincons.obj
 0001:000375ed       _platform_default_b        004385ed f   windefs.obj
 0001:000375f2       _platform_default_filename 004385f2 f   windefs.obj
 0001:00037619       _platform_default_fontspec 00438619 f   windefs.obj
 0001:0003764b       _platform_default_i        0043864b f   windefs.obj
 0001:00037650       _platform_default_s        00438650 f   windefs.obj
 0001:0003776b       _ssh_gss_cleanup           0043876b f   wingss.obj
 0001:000377b5       _ssh_gss_setup             004387b5 f   wingss.obj
 0001:00037fef       _handle_add_foreign_event  00438fef f   winhandl.obj
 0001:0003805f       _handle_backlog            0043905f f   winhandl.obj
 0001:000380c9       _handle_free               004390c9 f   winhandl.obj
 0001:00038124       _handle_get_events         00439124 f   winhandl.obj
 0001:00038192       _handle_got_event          00439192 f   winhandl.obj
 0001:000382af       _handle_input_new          004392af f   winhandl.obj
 0001:000384e8       _handle_output_new         004394e8 f   winhandl.obj
 0001:000386ad       _handle_sink_init          004396ad f   winhandl.obj
 0001:00038772       _handle_unthrottle         00439772 f   winhandl.obj
 0001:000387a4       _handle_write              004397a4 f   winhandl.obj
 0001:00038806       _handle_write_eof          00439806 f   winhandl.obj
 0001:00038b97       _make_handle_socket        00439b97 f   winhsock.obj
 0001:00038c42       _dll_hijacking_protection  00439c42 f   winmisc.obj
 0001:00038ca8       _escape_registry_key       00439ca8 f   winmisc.obj
 0001:00038d32       _filename_char_sanitise    00439d32 f   winmisc.obj
 0001:00038d56       _filename_copy             00439d56 f   winmisc.obj
 0001:00038d63       _filename_free             00439d63 f   winmisc.obj
 0001:00038d63       _fontspec_free             00439d63 f   winmisc.obj
 0001:00038d79       _filename_from_str         00439d79 f   winmisc.obj
 0001:00038d99       _filename_is_null          00439d99 f   winmisc.obj
 0001:00038da6       _filename_to_str           00439da6 f   winmisc.obj
 0001:00038dad       _fontspec_copy             00439dad f   winmisc.obj
 0001:00038dc7       _fontspec_new              00439dc7 f   winmisc.obj
 0001:00038dfc       _get_username              00439dfc f   winmisc.obj
 0001:00038ef4       _load_system32_dll         00439ef4 f   winmisc.obj
 0001:00038f6d       _open_for_write_would_lose_data 00439f6d f   winmisc.obj
 0001:00038fb6       _platform_get_x_display    00439fb6 f   winmisc.obj
 0001:00038fc9       _win_strerror              00439fc9 f   winmisc.obj
 0001:000390da       _is_console_handle         0043a0da f   winmiscs.obj
 0001:000390f2       _smemclr                   0043a0f2 f   winmiscs.obj
 0001:000393e2       _IN6_IS_ADDR_LOOPBACK      0043a3e2 f i winnet.obj
 0001:00039458       _first_socket              0043a458 f   winnet.obj
 0001:0003947d       _get_hostname              0043a47d f   winnet.obj
 0001:00039562       _net_service_lookup        0043a562 f   winnet.obj
 0001:00039584       _next_socket               0043a584 f   winnet.obj
 0001:000395a9       _platform_get_x11_unix_address 0043a5a9 f   winnet.obj
 0001:000395da       _select_result             0043a5da f   winnet.obj
 0001:0003998a       _sk_addr_dup               0043a98a f   winnet.obj
 0001:00039991       _sk_addr_error             0043a991 f   winnet.obj
 0001:00039999       _sk_addr_free              0043a999 f   winnet.obj
 0001:000399d1       _sk_addr_needs_port        0043a9d1 f   winnet.obj
 0001:000399dd       _sk_addrcopy               0043a9dd f   winnet.obj
 0001:00039aa3       _sk_address_is_local       0043aaa3 f   winnet.obj
 0001:00039b42       _sk_addrtype               0043ab42 f   winnet.obj
 0001:00039b75       _sk_cleanup                0043ab75 f   winnet.obj
 0001:00039c2c       _sk_getaddr                0043ac2c f   winnet.obj
 0001:00039cf4       _sk_hostname_is_local      0043acf4 f   winnet.obj
 0001:00039d39       _sk_init                   0043ad39 f   winnet.obj
 0001:0003a22e       _sk_namedpipe_addr         0043b22e f   winnet.obj
 0001:0003a279       _sk_namelookup             0043b279 f   winnet.obj
 0001:0003a59e       _sk_new                    0043b59e f   winnet.obj
 0001:0003a638       _sk_newlistener            0043b638 f   winnet.obj
 0001:0003a96b       _sk_nonamelookup           0043b96b f   winnet.obj
 0001:0003adca       _try_send                  0043bdca f   winnet.obj
 0001:0003aeb4       _winsock_error_string      0043beb4 f   winnet.obj
 0001:0003b0a2       _has_embedded_chm          0043c0a2 f   winnohlp.obj
 0001:0003b0a6       _noise_get_heavy           0043c0a6 f   winnoise.obj
 0001:0003b17b       _noise_regular             0043c17b f   winnoise.obj
 0001:0003b28e       _noise_ultralight          0043c28e f   winnoise.obj
 0001:0003b2de       _prng_reseed_time_ms       0043c2de f   winnoise.obj
 0001:0003b308       _win_read_random           0043c308 f   winnoise.obj
 0001:0003b3e2       _new_named_pipe_client     0043c3e2 f   winnpc.obj
 0001:0003b721       _new_named_pipe_listener   0043c721 f   winnps.obj
 0001:0003b834       _agent_cancel_query        0043c834 f   winpgntc.obj
 0001:0003b84d       _agent_exists              0043c84d f   winpgntc.obj
 0001:0003b860       _agent_query               0043c860 f   winpgntc.obj
 0001:0003bab6       _cmdline_error             0043cab6 f   winplink.obj
 0001:0003bad4       _do_select                 0043cad4 f   winplink.obj
 0001:0003bb14       _main                      0043cb14 f   winplink.obj
 0001:0003c533       _printf                    0043d533 f i winplink.obj
 0001:0003c550       _stdin_gotdata             0043d550 f   winplink.obj
 0001:0003c638       _stdouterr_sent            0043d638 f   winplink.obj
 0001:0003c9c7       _platform_new_connection   0043d9c7 f   winproxy.obj
 0001:0003cbdd       _get_user_sid              0043dbdd f   winsecur.obj
 0001:0003ccfa       _getsids                   0043dcfa f   winsecur.obj
 0001:0003cdde       _got_advapi                0043ddde f   winsecur.obj
 0001:0003cf05       _make_private_security_descriptor 0043df05 f   winsecur.obj
 0001:0003d19a       _restrict_process_acl      0043e19a f   winsecur.obj
 0001:0003d7e2       _platform_ssh_share        0043e7e2 f   winshare.obj
 0001:0003dc51       _close_settings_r          0043ec51 f   winstore.obj
 0001:0003dc6b       _have_ssh_host_key         0043ec6b f   winstore.obj
 0001:0003dcb1       _open_settings_r           0043ecb1 f   winstore.obj
 0001:0003dd41       _read_random_seed          0043ed41 f   winstore.obj
 0001:0003ddc0       _read_setting_filename     0043edc0 f   winstore.obj
 0001:0003ddf0       _read_setting_fontspec     0043edf0 f   winstore.obj
 0001:0003decd       _read_setting_i            0043eecd f   winstore.obj
 0001:0003df10       _read_setting_s            0043ef10 f   winstore.obj
 0001:0003dfb5       _store_host_key            0043efb5 f   winstore.obj
 0001:0003e0d5       _verify_host_key           0043f0d5 f   winstore.obj
 0001:0003e30d       _write_random_seed         0043f30d f   winstore.obj
 0001:0003e33e       _ltime                     0043f33e f   wintime.obj
 0001:0003e3c3       _mb_to_wc                  0043f3c3 f   winucs.obj
 0001:0003e3e0       _platform_get_x11_auth     0043f3e0 f   winx11.obj
 0001:0003e8b8       _BinarySource_get_string_xauth 0043f8b8 f   x11fwd.obj
 0001:0003e925       _x11_authcmp               0043f925 f   x11fwd.obj
 0001:0003e98a       _x11_dehexify              0043f98a f   x11fwd.obj
 0001:0003e9f9       _x11_free_display          0043f9f9 f   x11fwd.obj
 0001:0003ea3e       _x11_free_fake_auth        0043fa3e f   x11fwd.obj
 0001:0003eab6       _x11_get_auth_from_authfile 0043fab6 f   x11fwd.obj
 0001:0003eddc       _x11_identify_auth_proto   0043fddc f   x11fwd.obj
 0001:0003ee0a       _x11_invent_fake_auth      0043fe0a f   x11fwd.obj
 0001:0003ef62       _x11_make_greeting         0043ff62 f   x11fwd.obj
 0001:0003f139       _x11_new_channel           00440139 f   x11fwd.obj
 0001:0003f2d6       _x11_setup_display         004402d6 f   x11fwd.obj
 0001:0003f7fb       @__security_check_cookie@4 004407fb f   LIBCMT:secchk.obj
 0001:0003f810       __chkstk                   00440810 f   LIBCMT:chkstk.obj
 0001:0003f810       __alloca_probe             00440810 f   LIBCMT:chkstk.obj
 0001:0003f840       __allmul                   00440840 f   LIBCMT:llmul.obj
 0001:0003f880       __allshl                   00440880 f   LIBCMT:llshl.obj
 0001:0003f8a0       __aullshr                  004408a0 f   LIBCMT:ullshr.obj
 0001:0003f8bf       ___raise_securityfailure   004408bf f   LIBCMT:gs_report.obj
 0001:0003f8e7       ___report_gsfailure        004408e7 f   LIBCMT:gs_report.obj
 0001:0003f9e0       ___report_rangecheckfailure 004409e0 f   LIBCMT:gs_report.obj
 0001:0003f9ec       ___report_securityfailure  004409ec f   LIBCMT:gs_report.obj
 0001:0003fac0       __aulldiv                  00440ac0 f   LIBCMT:ulldiv.obj
 0001:0003fd6f       _mainCRTStartup            00440d6f f   LIBCMT:exe_main.obj
 0001:0003fdbd       ___scrt_acquire_startup_lock 00440dbd f   LIBCMT:utility.obj
 0001:0003fdef       ___scrt_initialize_crt     00440def f   LIBCMT:utility.obj
 0001:0003fe28       ___scrt_initialize_onexit_tables 00440e28 f   LIBCMT:utility.obj
 0001:0003feaf       ___scrt_is_nonwritable_in_current_image 00440eaf f   LIBCMT:utility.obj
 0001:0003ff43       ___scrt_release_startup_lock 00440f43 f   LIBCMT:utility.obj
 0001:0003ff60       ___scrt_uninitialize_crt   00440f60 f   LIBCMT:utility.obj
 0001:0003ff88       __onexit                   00440f88 f   LIBCMT:utility.obj
 0001:0003ffb5       _atexit                    00440fb5 f   LIBCMT:utility.obj
 0001:00040017       ___security_init_cookie    00441017 f   LIBCMT:gs_support.obj
 0001:00040062       __get_startup_argv_mode    00441062 f   LIBCMT:argv_mode.obj
 0001:00040066       __get_startup_file_mode    00441066 f   LIBCMT:file_mode.obj
 0001:0004006c       ?__scrt_initialize_type_info@@YAXXZ 0044106c f   LIBCMT:tncleanup.obj
 0001:00040078       __initialize_default_precision 00441078 f   LIBCMT:default_precision.obj
 0001:00040099       ___scrt_initialize_default_local_stdio_options 00441099 f   LIBCMT:default_local_stdio_options.obj
 0001:000400b6       ___scrt_is_user_matherr_present 004410b6 f   LIBCMT:matherr_detection.obj
 0001:000400c2       ___scrt_get_dyn_tls_init_callback 004410c2 f   LIBCMT:dyn_tls_init.obj
 0001:000400c8       ___scrt_get_dyn_tls_dtor_callback 004410c8 f   LIBCMT:dyn_tls_dtor.obj
 0001:000400ce       ___scrt_fastfail           004410ce f   LIBCMT:utility_desktop.obj
 0001:000401e8       ___scrt_initialize_mta     004411e8 f   LIBCMT:utility_desktop.obj
 0001:000401ed       ___scrt_is_managed_app     004411ed f   LIBCMT:utility_desktop.obj
 0001:00040230       ___scrt_set_unhandled_exception_filter 00441230 f   LIBCMT:utility_desktop.obj
 0001:0004023c       ___scrt_unhandled_exception_filter@4 0044123c f   LIBCMT:utility_desktop.obj
 0001:0004027d       __crt_debugger_hook        0044127d f   LIBCMT:utility_desktop.obj
 0001:00040285       __RTC_Initialize           00441285 f   LIBCMT:initsect.obj
 0001:000402b1       __RTC_Terminate            004412b1 f   LIBCMT:initsect.obj
 0001:000402e0       __SEH_prolog4              004412e0 f   LIBCMT:sehprolg4.obj
 0001:00040326       __SEH_epilog4              00441326 f   LIBCMT:sehprolg4.obj
 0001:0004033b       ___isa_available_init      0044133b f   LIBCMT:cpu_disp.obj
 0001:000404d2       ___scrt_is_ucrt_dll_in_use 004414d2 f   LIBCMT:ucrt_detection.obj
 0001:000404de       _IsProcessorFeaturePresent@4 004414de f   kernel32:KERNEL32.dll
 0001:000404f0       _memchr                    004414f0 f   libvcruntime:memchr.obj
 0001:000405a0       _memcpy                    004415a0 f   libvcruntime:memcpy.obj
 0001:00040b20       _memmove                   00441b20 f   libvcruntime:memmove.obj
 0001:000410a0       _strchr                    004420a0 f   libvcruntime:strchr.obj
 0001:0004110e       ___from_strstr_to_strchr   0044210e     libvcruntime:strchr.obj
 0001:000411d0       _strrchr                   004421d0 f   libvcruntime:strrchr.obj
 0001:00041310       _memset                    00442310 f   libvcruntime:memset.obj
 0001:0004146a       _memcmp                    0044246a f   libvcruntime:memcmp.obj
 0001:00042410       _strstr                    00443410 f   libvcruntime:strstr.obj
 0001:000426c0       __except_handler4          004436c0 f   libvcruntime:chandler4.obj
 0001:0004281e       ___vcrt_initialize         0044381e f   libvcruntime:initialization.obj
 0001:0004283d       ___vcrt_uninitialize       0044383d f   libvcruntime:initialization.obj
 0001:00042854       ___std_type_info_compare   00443854 f   libvcruntime:std_type_info.obj
 0001:00042890       __local_unwind4            00443890 f   libvcruntime:exsup4.obj
 0001:00042968       __seh_longjmp_unwind4@4    00443968 f   libvcruntime:exsup4.obj
 0001:00042990       @_EH4_CallFilterFunc@8     00443990 f   libvcruntime:exsup4.obj
 0001:000429a8       @_EH4_TransferToHandler@8  004439a8 f   libvcruntime:exsup4.obj
 0001:000429c4       @_EH4_GlobalUnwind2@8      004439c4 f   libvcruntime:exsup4.obj
 0001:000429e0       @_EH4_LocalUnwind@16       004439e0 f   libvcruntime:exsup4.obj
 0001:000429f7       ___except_validate_context_record 004439f7 f   libvcruntime:jbcxrval.obj
 0001:00042a27       ___except_validate_jump_buffer 00443a27 f   libvcruntime:jbcxrval.obj
 0001:00042a54       ___vcrt_freefls@4          00443a54 f   libvcruntime:per_thread_data.obj
 0001:00042a70       ___vcrt_getptd             00443a70 f   libvcruntime:per_thread_data.obj
 0001:00042a7e       ___vcrt_getptd_noexit      00443a7e f   libvcruntime:per_thread_data.obj
 0001:00042b10       ___vcrt_initialize_ptd     00443b10 f   libvcruntime:per_thread_data.obj
 0001:00042b43       ___vcrt_uninitialize_ptd   00443b43 f   libvcruntime:per_thread_data.obj
 0001:00042b5e       ___vcrt_initialize_locks   00443b5e f   libvcruntime:locks.obj
 0001:00042b9a       ___vcrt_uninitialize_locks 00443b9a f   libvcruntime:locks.obj
 0001:00042bd0       __global_unwind2           00443bd0 f   libvcruntime:exsup.obj
 0001:00042c36       __local_unwind2            00443c36 f   libvcruntime:exsup.obj
 0001:00042cba       __abnormal_termination     00443cba f   libvcruntime:exsup.obj
 0001:00042ce0       __NLG_Notify1              00443ce0 f   libvcruntime:exsup.obj
 0001:00042cec       __NLG_Notify               00443cec f   libvcruntime:exsup.obj
 0001:00042d03       __NLG_Dispatch             00443d03     libvcruntime:exsup.obj
 0001:00042d03       __NLG_Dispatch2            00443d03     libvcruntime:exsup.obj
 0001:00042d0b       __NLG_Call                 00443d0b f   libvcruntime:exsup.obj
 0001:00042d0d       __NLG_Return2              00443d0d     libvcruntime:exsup.obj
 0001:00042e03       ___vcrt_FlsAlloc           00443e03 f   libvcruntime:winapi_downlevel.obj
 0001:00042e3e       ___vcrt_FlsFree            00443e3e f   libvcruntime:winapi_downlevel.obj
 0001:00042e79       ___vcrt_FlsGetValue        00443e79 f   libvcruntime:winapi_downlevel.obj
 0001:00042eb4       ___vcrt_FlsSetValue        00443eb4 f   libvcruntime:winapi_downlevel.obj
 0001:00042ef2       ___vcrt_InitializeCriticalSectionEx 00443ef2 f   libvcruntime:winapi_downlevel.obj
 0001:00042f39       ?GetRangeOfTrysToCheck@__FrameHandler3@@SA?AU?$pair@Viterator@TryBlockMap@__FrameHandler3@@V123@@std@@AAVTryBlockMap@1@HPAXPBU_s_FuncInfo@@H@Z 00443f39 f   libvcruntime:trnsctrl.obj
 0001:00042fa9       ?_CallCatchBlock2@@YAPAXPAUEHRegistrationNode@@PBU_s_FuncInfo@@PAXHK@Z 00443fa9 f   libvcruntime:trnsctrl.obj
 0001:00043007       ?_CallSETranslator@@YAHPAUEHExceptionRecord@@PAUEHRegistrationNode@@PAX2PBU_s_FuncInfo@@H1@Z 00444007 f   libvcruntime:trnsctrl.obj
 0001:000430ed       ?_JumpToContinuation@@YGXPAXPAUEHRegistrationNode@@@Z 004440ed f   libvcruntime:trnsctrl.obj
 0001:0004311d       ?_UnwindNestedFrames@@YGXPAUEHRegistrationNode@@PAUEHExceptionRecord@@@Z 0044411d f   libvcruntime:trnsctrl.obj
 0001:00043170       __CatchGuardHandler        00444170 f   libvcruntime:trnsctrl.obj
 0001:000431a1       __CreateFrameInfo          004441a1 f   libvcruntime:trnsctrl.obj
 0001:000431c5       __FindAndUnlinkFrame       004441c5 f   libvcruntime:trnsctrl.obj
 0001:0004320d       __TranslatorGuardHandler   0044420d f   libvcruntime:trnsctrl.obj
 0001:000432aa       ___CxxFrameHandler3        004442aa f   libvcruntime:trnsctrl.obj
 0001:00043a0c       ??$TypeMatchHelper@V__FrameHandler3@@@@YAHPBU_s_HandlerType@@PBU_s_CatchableType@@PBU_s_ThrowInfo@@@Z 00444a0c f i libvcruntime:frame.obj
 0001:00043a9a       ??$__InternalCxxFrameHandler@V__FrameHandler3@@@@YA?AW4_EXCEPTION_DISPOSITION@@PAUEHExceptionRecord@@PAUEHRegistrationNode@@PAU_CONTEXT@@PAXPBU_s_FuncInfo@@H1E@Z 00444a9a f i libvcruntime:frame.obj
 0001:00043b9c       ??0bad_exception@std@@QAE@ABV01@@Z 00444b9c f i libvcruntime:frame.obj
 0001:00043bb7       ??0bad_exception@std@@QAE@XZ 00444bb7 f i libvcruntime:frame.obj
 0001:00043bcf       ??0exception@std@@QAE@ABV01@@Z 00444bcf f i libvcruntime:frame.obj
 0001:00043bfb       ??1bad_exception@std@@UAE@XZ 00444bfb f i libvcruntime:frame.obj
 0001:00043c0c       ??8type_info@@QBE_NABV0@@Z 00444c0c f i libvcruntime:frame.obj
 0001:00043c2b       ??_Eexception@std@@UAEPAXI@Z 00444c2b f i libvcruntime:frame.obj
 0001:00043c2b       ??_Gexception@std@@UAEPAXI@Z 00444c2b f i libvcruntime:frame.obj
 0001:00043c2b       ??_Ebad_exception@std@@UAEPAXI@Z 00444c2b f i libvcruntime:frame.obj
 0001:00043c2b       ??_Gbad_exception@std@@UAEPAXI@Z 00444c2b f i libvcruntime:frame.obj
 0001:00043ea0       ?FrameUnwindToEmptyState@__FrameHandler3@@SAXPAUEHRegistrationNode@@PAXPBU_s_FuncInfo@@@Z 00444ea0 f   libvcruntime:frame.obj
 0001:00043eb8       ?FrameUnwindToState@__FrameHandler3@@SAXPAUEHRegistrationNode@@PAXPBU_s_FuncInfo@@H@Z 00444eb8 f   libvcruntime:frame.obj
 0001:0004403a       ?_CallMemberFunction1@@YGXQAX00@Z 0044503a f i libvcruntime:frame.obj
 0001:0004404a       ?_CallMemberFunction2@@YGXQAX00H@Z 0044504a f i libvcruntime:frame.obj
 0001:0004405d       ?getESTypes@__FrameHandler3@@SAPBU_s_ESTypeList@@PBU_s_FuncInfo@@@Z 0044505d f i libvcruntime:frame.obj
 0001:00044068       ?what@exception@std@@UBEPBDXZ 00445068 f i libvcruntime:frame.obj
 0001:00044080       __CallSettingFrame@12      00445080 f   libvcruntime:lowhelpr.obj
 0001:000440a7       __NLG_Return               004450a7     libvcruntime:lowhelpr.obj
 0001:000440cc       _unexpected                004450cc f   libvcruntime:unexpected.obj
 0001:000440e9       ?GetCurrentState@__FrameHandler3@@SAHPAUEHRegistrationNode@@PAXPBU_s_FuncInfo@@@Z 004450e9 f   libvcruntime:ehstate.obj
 0001:00044106       ?SetState@__FrameHandler3@@SAXPAUEHRegistrationNode@@PBU_s_FuncInfo@@H@Z 00445106 f   libvcruntime:ehstate.obj
 0001:00044114       ___DestructExceptionObject 00445114 f   libvcruntime:ehhelpers.obj
 0001:000441b4       ?_CallMemberFunction0@@YGXQAX0@Z 004451b4 f i libvcruntime:ehhelpers.obj
 0001:000441c1       __IsExceptionObjectToBeDestroyed 004451c1 f   libvcruntime:ehhelpers.obj
 0001:000441e7       ___AdjustPointer           004451e7 f   libvcruntime:ehhelpers.obj
 0001:0004420c       ___FrameUnwindFilter       0044520c f   libvcruntime:ehhelpers.obj
 0001:00044251       ___std_exception_copy      00445251 f   libvcruntime:std_exception.obj
 0001:000442b4       ___std_exception_destroy   004452b4 f   libvcruntime:std_exception.obj
 0001:000442d3       __CxxThrowException@8      004452d3 f   libvcruntime:throw.obj
 0001:0004493f       ??$ftprintf@PAU_iobuf@@PB_WABQB_WABQB_WABI@?$__crt_char_traits@_W@@SAH$$QAPAU_iobuf@@$$QAPB_WABQB_W2ABI@Z 0044593f f i libucrt:assert.obj
 0001:00044a1c       __vfwprintf_l              00445a1c f i libucrt:assert.obj
 0001:00044a41       __vswprintf_c_l            00445a41 f i libucrt:assert.obj
 0001:00044a70       __wassert                  00445a70 f   libucrt:assert.obj
 0001:00044ab8       _fwprintf                  00445ab8 f i libucrt:assert.obj
 0001:00044b54       _swprintf                  00445b54 f i libucrt:assert.obj
 0001:00044b80       _strlen                    00445b80 f   libucrt:strlen.obj
 0001:00044c0b       __fclose_nolock            00445c0b f   libucrt:fclose.obj
 0001:00044c82       _fclose                    00445c82 f   libucrt:fclose.obj
 0001:00044dbd       _fopen                     00445dbd f   libucrt:fopen.obj
 0001:00044dd4       __fread_nolock_s           00445dd4 f   libucrt:fread.obj
 0001:00044fba       _fread                     00445fba f   libucrt:fread.obj
 0001:00044fd7       _fread_s                   00445fd7 f   libucrt:fread.obj
 0001:00045074       ??$is_overflow_condition@K@__crt_strtox@@YA_NIK@Z 00446074 f i libucrt:atox.obj
 0001:000450a5       ??$is_overflow_condition@_K@__crt_strtox@@YA_NI_K@Z 004460a5 f i libucrt:atox.obj
 0001:000450e6       ??$parse_integer@KV?$c_string_character_source@D@__crt_strtox@@@__crt_strtox@@YAKQAU__crt_locale_pointers@@V?$c_string_character_source@D@0@H_N@Z 004460e6 f i libucrt:atox.obj
 0001:0004530b       ??$parse_integer@KV?$c_string_character_source@_W@__crt_strtox@@@__crt_strtox@@YAKQAU__crt_locale_pointers@@V?$c_string_character_source@_W@0@H_N@Z 0044630b f i libucrt:atox.obj
 0001:00045913       ??$parse_integer@_KV?$c_string_character_source@D@__crt_strtox@@@__crt_strtox@@YA_KQAU__crt_locale_pointers@@V?$c_string_character_source@D@0@H_N@Z 00446913 f i libucrt:atox.obj
 0001:00045bb9       ??0_LocaleUpdate@@QAE@QAU__crt_locale_pointers@@@Z 00446bb9 f i libucrt:atox.obj
 0001:00045c3c       ??1_LocaleUpdate@@QAE@XZ   00446c3c f i libucrt:atox.obj
 0001:00045c4c       ?unget@?$c_string_character_source@D@__crt_strtox@@QAEXD@Z 00446c4c f i libucrt:atox.obj
 0001:00045c75       ?unget@?$c_string_character_source@_W@__crt_strtox@@QAEX_W@Z 00446c75 f i libucrt:atox.obj
 0001:00045ca3       ?validate@?$stream_output_adapter@_W@__crt_stdio_output@@QBE_NXZ 00446ca3 f i libucrt:output.obj
 0001:00045ca3       ?validate@?$string_output_adapter@_W@__crt_stdio_output@@QBE_NXZ 00446ca3 f i libucrt:output.obj
 0001:00045ca3       ?validate@?$c_string_character_source@D@__crt_strtox@@QBE_NXZ 00446ca3 f i libucrt:atox.obj
 0001:00045ca3       ?validate@?$c_string_character_source@_W@__crt_strtox@@QBE_NXZ 00446ca3 f i libucrt:atox.obj
 0001:00045ca3       ?validate@?$string_output_adapter@D@__crt_stdio_output@@QBE_NXZ 00446ca3 f i libucrt:output.obj
 0001:00045cbe       ___acrt_locale_get_ctype_array_value 00446cbe f i libucrt:atox.obj
 0001:00045ce0       __ischartype_l             00446ce0 f i libucrt:atox.obj
 0001:00045d34       __wtol                     00446d34 f   libucrt:atox.obj
 0001:00045d57       _atol                      00446d57 f   libucrt:atox.obj
 0001:00045d57       _atoi                      00446d57 f   libucrt:atox.obj
 0001:00045d80       _strcmp                    00446d80 f   libucrt:strcmp.obj
 0001:00045e10       _strncmp                   00446e10 f   libucrt:strncmp.obj
 0001:00045e90       _strspn                    00446e90 f   libucrt:strspn.obj
 0001:00046291       ??$count@D@formatting_buffer@__crt_stdio_output@@QBEIXZ 00447291 f i libucrt:output.obj
 0001:000462a9       ??$count@_W@formatting_buffer@__crt_stdio_output@@QBEIXZ 004472a9 f i libucrt:output.obj
 0001:000462c2       ??$ensure_buffer_is_big_enough@D@formatting_buffer@__crt_stdio_output@@QAE_NI@Z 004472c2 f i libucrt:output.obj
 0001:0004633f       ??$ensure_buffer_is_big_enough@_W@formatting_buffer@__crt_stdio_output@@QAE_NI@Z 0044733f f i libucrt:output.obj
 0001:000463bd       ??$is_wide_character_specifier@D@__crt_stdio_output@@YA_N_KDW4length_modifier@0@@Z 004473bd f i libucrt:output.obj
 0001:000463ee       ??$is_wide_character_specifier@_W@__crt_stdio_output@@YA_N_K_WW4length_modifier@0@@Z 004473ee f i libucrt:output.obj
 0001:0004643c       ??$scratch_data@D@formatting_buffer@__crt_stdio_output@@QAEPADXZ 0044743c f i libucrt:output.obj
 0001:0004645a       ??$type_case_integer_parse_into_buffer@I@?$output_processor@DV?$string_output_adapter@D@__crt_stdio_output@@V?$standard_base@DV?$string_output_adapter@D@__crt_stdio_output@@@2@@__crt_stdio_output@@AAEXII_N@Z 0044745a f i libucrt:output.obj
 0001:0004645a       ??$type_case_integer_parse_into_buffer@I@?$output_processor@DV?$stream_output_adapter@D@__crt_stdio_output@@V?$standard_base@DV?$stream_output_adapter@D@__crt_stdio_output@@@2@@__crt_stdio_output@@AAEXII_N@Z 0044745a f i libucrt:output.obj
 0001:000464cd       ??$type_case_integer_parse_into_buffer@I@?$output_processor@_WV?$string_output_adapter@_W@__crt_stdio_output@@V?$standard_base@_WV?$string_output_adapter@_W@__crt_stdio_output@@@2@@__crt_stdio_output@@AAEXII_N@Z 004474cd f i libucrt:output.obj
 0001:000464cd       ??$type_case_integer_parse_into_buffer@I@?$output_processor@_WV?$stream_output_adapter@_W@__crt_stdio_output@@V?$standard_base@_WV?$stream_output_adapter@_W@__crt_stdio_output@@@2@@__crt_stdio_output@@AAEXII_N@Z 004474cd f i libucrt:output.obj
 0001:00046554       ??$type_case_integer_parse_into_buffer@_K@?$output_processor@DV?$stream_output_adapter@D@__crt_stdio_output@@V?$standard_base@DV?$stream_output_adapter@D@__crt_stdio_output@@@2@@__crt_stdio_output@@AAEX_KI_N@Z 00447554 f i libucrt:output.obj
 0001:00046554       ??$type_case_integer_parse_into_buffer@_K@?$output_processor@DV?$string_output_adapter@D@__crt_stdio_output@@V?$standard_base@DV?$string_output_adapter@D@__crt_stdio_output@@@2@@__crt_stdio_output@@AAEX_KI_N@Z 00447554 f i libucrt:output.obj
 0001:000465e2       ??$type_case_integer_parse_into_buffer@_K@?$output_processor@_WV?$stream_output_adapter@_W@__crt_stdio_output@@V?$standard_base@_WV?$stream_output_adapter@_W@__crt_stdio_output@@@2@@__crt_stdio_output@@AAEX_KI_N@Z 004475e2 f i libucrt:output.obj
 0001:000465e2       ??$type_case_integer_parse_into_buffer@_K@?$output_processor@_WV?$string_output_adapter@_W@__crt_stdio_output@@V?$standard_base@_WV?$string_output_adapter@_W@__crt_stdio_output@@@2@@__crt_stdio_output@@AAEX_KI_N@Z 004475e2 f i libucrt:output.obj
 0001:00046684       ??$write_multiple_characters@V?$stream_output_adapter@D@__crt_stdio_output@@D@__crt_stdio_output@@YAXABV?$stream_output_adapter@D@0@DHQAH@Z 00447684 f i libucrt:output.obj
 0001:000466bf       ??$write_multiple_characters@V?$stream_output_adapter@_W@__crt_stdio_output@@D@__crt_stdio_output@@YAXABV?$stream_output_adapter@_W@0@DHQAH@Z 004476bf f i libucrt:output.obj
 0001:000466ff       ??$write_multiple_characters@V?$string_output_adapter@D@__crt_stdio_output@@D@__crt_stdio_output@@YAXABV?$string_output_adapter@D@0@DHQAH@Z 004476ff f i libucrt:output.obj
 0001:0004672b       ??$write_multiple_characters@V?$string_output_adapter@_W@__crt_stdio_output@@D@__crt_stdio_output@@YAXABV?$string_output_adapter@_W@0@DHQAH@Z 0044772b f i libucrt:output.obj
 0001:0004675c       ??0?$common_data@D@__crt_stdio_output@@IAE@XZ 0044775c f i libucrt:output.obj
 0001:000467a1       ??0?$common_data@_W@__crt_stdio_output@@IAE@XZ 004477a1 f i libucrt:output.obj
 0001:000467eb       ??0?$output_adapter_data@DV?$string_output_adapter@D@__crt_stdio_output@@@__crt_stdio_output@@IAE@ABV?$string_output_adapter@D@1@_KQBDQAU__crt_locale_pointers@@QAD@Z 004477eb f i libucrt:output.obj
 0001:000467eb       ??0?$output_adapter_data@DV?$stream_output_adapter@D@__crt_stdio_output@@@__crt_stdio_output@@IAE@ABV?$stream_output_adapter@D@1@_KQBDQAU__crt_locale_pointers@@QAD@Z 004477eb f i libucrt:output.obj
 0001:00046827       ??0?$output_adapter_data@_WV?$string_output_adapter@_W@__crt_stdio_output@@@__crt_stdio_output@@IAE@ABV?$string_output_adapter@_W@1@_KQB_WQAU__crt_locale_pointers@@QAD@Z 00447827 f i libucrt:output.obj
 0001:00046827       ??0?$output_adapter_data@_WV?$stream_output_adapter@_W@__crt_stdio_output@@@__crt_stdio_output@@IAE@ABV?$stream_output_adapter@_W@1@_KQB_WQAU__crt_locale_pointers@@QAD@Z 00447827 f i libucrt:output.obj
 0001:00046863       ??1formatting_buffer@__crt_stdio_output@@QAE@XZ 00447863 f i libucrt:output.obj
 0001:0004687d       ??4?$__crt_unique_heap_ptr@DU__crt_internal_free_policy@@@@QAEAAV0@$$QAV0@@Z 0044787d f i libucrt:output.obj
 0001:00046a1f       ?crop_zeroes@__crt_stdio_output@@YAXPADQAU__crt_locale_pointers@@@Z 00447a1f f i libucrt:output.obj
 0001:00046a7f       ?find_next_state@?$output_processor@DV?$string_output_adapter@D@__crt_stdio_output@@V?$standard_base@DV?$string_output_adapter@D@__crt_stdio_output@@@2@@__crt_stdio_output@@ABE?AW4state@2@DW432@@Z 00447a7f f i libucrt:output.obj
 0001:00046a7f       ?find_next_state@?$output_processor@DV?$stream_output_adapter@D@__crt_stdio_output@@V?$standard_base@DV?$stream_output_adapter@D@__crt_stdio_output@@@2@@__crt_stdio_output@@ABE?AW4state@2@DW432@@Z 00447a7f f i libucrt:output.obj
 0001:00046abc       ?find_next_state@?$output_processor@_WV?$stream_output_adapter@_W@__crt_stdio_output@@V?$standard_base@_WV?$stream_output_adapter@_W@__crt_stdio_output@@@2@@__crt_stdio_output@@ABE?AW4state@2@_WW432@@Z 00447abc f i libucrt:output.obj
 0001:00046abc       ?find_next_state@?$output_processor@_WV?$string_output_adapter@_W@__crt_stdio_output@@V?$standard_base@_WV?$string_output_adapter@_W@__crt_stdio_output@@@2@@__crt_stdio_output@@ABE?AW4state@2@_WW432@@Z 00447abc f i libucrt:output.obj
 0001:00046afb       ?force_decimal_point@__crt_stdio_output@@YAXPADQAU__crt_locale_pointers@@@Z 00447afb f i libucrt:output.obj
 0001:00046b57       ?parse_int_from_format_string@?$output_processor@DV?$string_output_adapter@D@__crt_stdio_output@@V?$standard_base@DV?$string_output_adapter@D@__crt_stdio_output@@@2@@__crt_stdio_output@@AAE_NQAH@Z 00447b57 f i libucrt:output.obj
 0001:00046b57       ?parse_int_from_format_string@?$output_processor@DV?$stream_output_adapter@D@__crt_stdio_output@@V?$standard_base@DV?$stream_output_adapter@D@__crt_stdio_output@@@2@@__crt_stdio_output@@AAE_NQAH@Z 00447b57 f i libucrt:output.obj
 0001:00046bcb       ?parse_int_from_format_string@?$output_processor@_WV?$stream_output_adapter@_W@__crt_stdio_output@@V?$standard_base@_WV?$stream_output_adapter@_W@__crt_stdio_output@@@2@@__crt_stdio_output@@AAE_NQAH@Z 00447bcb f i libucrt:output.obj
 0001:00046bcb       ?parse_int_from_format_string@?$output_processor@_WV?$string_output_adapter@_W@__crt_stdio_output@@V?$standard_base@_WV?$string_output_adapter@_W@__crt_stdio_output@@@2@@__crt_stdio_output@@AAE_NQAH@Z 00447bcb f i libucrt:output.obj
 0001:00046c41       ?process@?$output_processor@DV?$stream_output_adapter@D@__crt_stdio_output@@V?$standard_base@DV?$stream_output_adapter@D@__crt_stdio_output@@@2@@__crt_stdio_output@@QAEHXZ 00447c41 f i libucrt:output.obj
 0001:00046d55       ?process@?$output_processor@DV?$string_output_adapter@D@__crt_stdio_output@@V?$standard_base@DV?$string_output_adapter@D@__crt_stdio_output@@@2@@__crt_stdio_output@@QAEHXZ 00447d55 f i libucrt:output.obj
 0001:00046e69       ?process@?$output_processor@_WV?$stream_output_adapter@_W@__crt_stdio_output@@V?$standard_base@_WV?$stream_output_adapter@_W@__crt_stdio_output@@@2@@__crt_stdio_output@@QAEHXZ 00447e69 f i libucrt:output.obj
 0001:00046f85       ?process@?$output_processor@_WV?$string_output_adapter@_W@__crt_stdio_output@@V?$standard_base@_WV?$string_output_adapter@_W@__crt_stdio_output@@@2@@__crt_stdio_output@@QAEHXZ 00447f85 f i libucrt:output.obj
 0001:000470a1       ?state_case_flag@?$output_processor@DV?$stream_output_adapter@D@__crt_stdio_output@@V?$standard_base@DV?$stream_output_adapter@D@__crt_stdio_output@@@2@@__crt_stdio_output@@AAE_NXZ 004480a1 f i libucrt:output.obj
 0001:000470a1       ?state_case_flag@?$output_processor@DV?$string_output_adapter@D@__crt_stdio_output@@V?$standard_base@DV?$string_output_adapter@D@__crt_stdio_output@@@2@@__crt_stdio_output@@AAE_NXZ 004480a1 f i libucrt:output.obj
 0001:000470de       ?state_case_flag@?$output_processor@_WV?$string_output_adapter@_W@__crt_stdio_output@@V?$standard_base@_WV?$string_output_adapter@_W@__crt_stdio_output@@@2@@__crt_stdio_output@@AAE_NXZ 004480de f i libucrt:output.obj
 0001:000470de       ?state_case_flag@?$output_processor@_WV?$stream_output_adapter@_W@__crt_stdio_output@@V?$standard_base@_WV?$stream_output_adapter@_W@__crt_stdio_output@@@2@@__crt_stdio_output@@AAE_NXZ 004480de f i libucrt:output.obj
 0001:0004711b       ?state_case_normal@?$output_processor@DV?$stream_output_adapter@D@__crt_stdio_output@@V?$standard_base@DV?$stream_output_adapter@D@__crt_stdio_output@@@2@@__crt_stdio_output@@AAE_NXZ 0044811b f i libucrt:output.obj
 0001:0004713a       ?state_case_normal@?$output_processor@DV?$string_output_adapter@D@__crt_stdio_output@@V?$standard_base@DV?$string_output_adapter@D@__crt_stdio_output@@@2@@__crt_stdio_output@@AAE_NXZ 0044813a f i libucrt:output.obj
 0001:00047159       ?state_case_normal@?$output_processor@_WV?$stream_output_adapter@_W@__crt_stdio_output@@V?$standard_base@_WV?$stream_output_adapter@_W@__crt_stdio_output@@@2@@__crt_stdio_output@@AAE_NXZ 00448159 f i libucrt:output.obj
 0001:00047178       ?state_case_normal@?$output_processor@_WV?$string_output_adapter@_W@__crt_stdio_output@@V?$standard_base@_WV?$string_output_adapter@_W@__crt_stdio_output@@@2@@__crt_stdio_output@@AAE_NXZ 00448178 f i libucrt:output.obj
 0001:00047197       ?state_case_normal_common@?$output_processor@DV?$stream_output_adapter@D@__crt_stdio_output@@V?$standard_base@DV?$stream_output_adapter@D@__crt_stdio_output@@@2@@__crt_stdio_output@@AAE_NXZ 00448197 f i libucrt:output.obj
 0001:000471d1       ?state_case_normal_common@?$output_processor@DV?$string_output_adapter@D@__crt_stdio_output@@V?$standard_base@DV?$string_output_adapter@D@__crt_stdio_output@@@2@@__crt_stdio_output@@AAE_NXZ 004481d1 f i libucrt:output.obj
 0001:000471fb       ?state_case_normal_common@?$output_processor@_WV?$stream_output_adapter@_W@__crt_stdio_output@@V?$standard_base@_WV?$stream_output_adapter@_W@__crt_stdio_output@@@2@@__crt_stdio_output@@AAE_NXZ 004481fb f i libucrt:output.obj
[...]
 0002:0001d9e8       __sehtable$??$?RV<lambda_38edbb1296d33220d7e4dd0ed76b244a>@@AAV<lambda_5ce1d447e08cb34b2473517608e21441>@@V<lambda_fb385d3da700c9147fc39e65dd577a8c>@@@?$__crt_seh_guarded_call@X@@QAEX$$QAV<lambda_38edbb1296d33220d7e4dd0ed76b244a>@@AAV<lambda_5ce1d447e08cb34b2473517608e21441>@@$$QAV<lambda_fb385d3da700c9147fc39e65dd577a8c>@@@Z 004839e8     libucrt:per_thread_data.obj
 0002:0001da08       __sehtable$??$?RV<lambda_6affb1475c98b40b75cdec977db92e3c>@@AAV<lambda_b8d4b9c228a6ecc3f80208dbb4b4a104>@@V<lambda_608742c3c92a14382c1684fc64f96c88>@@@?$__crt_seh_guarded_call@X@@QAEX$$QAV<lambda_6affb1475c98b40b75cdec977db92e3c>@@AAV<lambda_b8d4b9c228a6ecc3f80208dbb4b4a104>@@$$QAV<lambda_608742c3c92a14382c1684fc64f96c88>@@@Z 00483a08     libucrt:per_thread_data.obj
 0002:0001da28       __sehtable$___acrt_initialize_lowio 00483a28     libucrt:ioinit.obj
 0002:0001da48       __sehtable$??$?RV<lambda_9e9de3de5fa147e2223d7db92bc10aa6>@@AAV<lambda_38ce7e780aa69e748d6df282ebc68efe>@@V<lambda_8ca6da459f0f6780f1cff60fdc3d00e5>@@@?$__crt_seh_guarded_call@H@@QAEH$$QAV<lambda_9e9de3de5fa147e2223d7db92bc10aa6>@@AAV<lambda_38ce7e780aa69e748d6df282ebc68efe>@@$$QAV<lambda_8ca6da459f0f6780f1cff60fdc3d00e5>@@@Z 00483a48     libucrt:commit.obj
 0002:0001da68       __sehtable$__write         00483a68     libucrt:write.obj
 0002:0001da88       __sehtable$??$?RV<lambda_6b4b7855443974f2b4b77000ea21c99c>@@AAV<lambda_8f7d3b162ab39427f4fa9995c67a7986>@@V<lambda_cc9a5ba8a5d8428b9634eab82665e5dc>@@@?$__crt_seh_guarded_call@H@@QAEH$$QAV<lambda_6b4b7855443974f2b4b77000ea21c99c>@@AAV<lambda_8f7d3b162ab39427f4fa9995c67a7986>@@$$QAV<lambda_cc9a5ba8a5d8428b9634eab82665e5dc>@@@Z 00483a88     libucrt:winapi_thunks.obj
 0002:0001daa8       __sehtable$??$common_lseek@J@@YAJHJH@Z 00483aa8     libucrt:lseek.obj
 0002:0001dac8       __sehtable$??$common_lseek@_J@@YA_JH_JH@Z 00483ac8     libucrt:lseek.obj
 0002:0001dae4       __unwindtable$?_wcstombs_l_helper@@YAIPADPB_WIPAU__crt_locale_pointers@@@Z 00483ae4     libucrt:wcstombs.obj
 0002:0001daec       __ehfuncinfo$?_wcstombs_l_helper@@YAIPADPB_WIPAU__crt_locale_pointers@@@Z 00483aec     libucrt:wcstombs.obj
 0002:0001db10       __sehtable$__fcloseall     00483b10     libucrt:closeall.obj
 0002:0001db30       __sehtable$?update_thread_multibyte_data_internal@@YAPAU__crt_multibyte_data@@QAU__acrt_ptd@@QAPAU1@@Z 00483b30     libucrt:mbctype.obj
 0002:0001db50       __sehtable$??$?RV<lambda_ceb1ee4838e85a9d631eb091e2fbe199>@@AAV<lambda_ae742caa10f662c28703da3d2ea5e57e>@@V<lambda_cd08b5d6af4937fe54fc07d0c9bf6b37>@@@?$__crt_seh_guarded_call@X@@QAEX$$QAV<lambda_ceb1ee4838e85a9d631eb091e2fbe199>@@AAV<lambda_ae742caa10f662c28703da3d2ea5e57e>@@$$QAV<lambda_cd08b5d6af4937fe54fc07d0c9bf6b37>@@@Z 00483b50     libucrt:mbctype.obj
 0002:0001db70       __sehtable$__alloc_osfhnd  00483b70     libucrt:osfinfo.obj
 0002:0001db90       __sehtable$___acrt_lowio_ensure_fh_exists 00483b90     libucrt:osfinfo.obj
 0002:0001dbb0       __sehtable$___acrt_update_thread_locale_data 00483bb0     libucrt:locale_refcounting.obj
 0002:0001dbd0       __sehtable$__query_new_handler 00483bd0     libucrt:new_handler.obj
 0002:0001dbf0       __sehtable$??$common_sopen_dispatch@D@@YAHQBDHHHQAHH@Z 00483bf0     libucrt:open.obj
 0002:0001dc10       __sehtable$___tzset        00483c10     libucrt:tzset.obj
 0002:0001dc30       __sehtable$___set_fpsr_sse2 00483c30     libucrt:fpctrl.obj
 0002:0001dc50       __sehtable$__IsNonwritableInCurrentImage 00483c50     LIBCMT:pesect.obj
 0002:0001e002       .idata$6                   00484002     advapi32:ADVAPI32.dll
 0002:0001e0b4       .idata$6                   004840b4     user32:USER32.dll
 0002:0001e5d8       .idata$6                   004845d8     kernel32:KERNEL32.dll
 0003:00000000       _subkeytypes               00485000     conf.obj
 0003:00000318       _valuetypes                00485318     conf.obj
 0003:0000062c       _nullplug_plug             0048562c     nullplug.obj
 0003:0000064c       _gss_mech_krb5_desc        0048564c     pgssapi.obj
 0003:00000654       _pktin_freeq_head          00485654     sshcommon.obj
 0003:00000660       _ic_pktin_free             00485660     sshcommon.obj
 0003:00000670       ?algs_with_oid@?1??ec_alg_by_oid@@9@9 00485670     sshecc.obj
 0003:00000684       _plink_seat                00485684     winplink.obj
 0003:000006c0       ?__vcrt_flsindex@@3KA      004856c0     libvcruntime:per_thread_data.obj
 0003:00000790       __ctype_loc_style          00485790     libucrt:wsetlocale.obj
 0003:00000794       ?errno_no_memory@@3HA      00485794     libucrt:errno.obj
 0003:00000798       ?doserrno_no_memory@@3KA   00485798     libucrt:errno.obj
 0003:000008a8       ?__acrt_flsindex@@3KA      004858a8     libucrt:per_thread_data.obj
 0003:00000bd8       __mbctypes                 00485bd8     libucrt:mbctype.obj
 0003:00000ce0       __mbcasemaps               00485ce0     libucrt:mbctype.obj
 0003:00000de0       ?__rgctypeflag@@3PADA      00485de0     libucrt:mbctype.obj
 0003:00000de8       ?__rgcode_page_info@@3PAUcode_page_info@@A 00485de8     libucrt:mbctype.obj
 0003:00000f38       ?tzstd_program@@3PADA      00485f38     libucrt:timeset.obj
 0003:00000f78       ?tzdst_program@@3PADA      00485f78     libucrt:timeset.obj
 0003:00000fb8       ?tzname_states@@3PAY01PADA 00485fb8     libucrt:timeset.obj
 0003:00000fc0       ?dststart@@3Utransitiondate@?A0x7639d0b4@@A 00485fc0     libucrt:tzset.obj
 0003:00000fcc       ?dstend@@3Utransitiondate@?A0x7639d0b4@@A 00485fcc     libucrt:tzset.obj
 0003:00000fe0       ?__DAZ_ENABLED@?1??__set_fpsr_sse2@@9@9 00485fe0     libucrt:fpctrl.obj
 0003:00000ff0       ?__dcrt_lowio_console_output_handle@@3PAXA 00485ff0     libucrt:initcon.obj
 0003:00001078       _saves                     00486078     cmdline.obj
 0003:00001090       _cmdline_password          00486090     cmdline.obj
 0003:00001094       ?tried_once@?1??cmdline_get_passwd_input@@9@9 00486094     cmdline.obj
 0003:00001095       _seen_hostname_argument    00486095     cmdline.obj
 0003:00001096       _seen_port_argument        00486096     cmdline.obj
 0003:00001097       ?initialised@?1??aes_hw_available_cached@@9@9 00486097     sshaes.obj
 0003:00001098       ?hw_available@?1??aes_hw_available_cached@@9@9 00486098     sshaes.obj
 0003:000010a0       ?curve@?1??ec_p256@@9@9    004860a0     sshecc.obj
 0003:000010c4       ?initialised@?1??ec_p256@@9@9 004860c4     sshecc.obj
 0003:000010c5       ?initialised@?1??ec_p384@@9@9 004860c5     sshecc.obj
 0003:000010c6       ?initialised@?1??ec_p521@@9@9 004860c6     sshecc.obj
 0003:000010c7       ?initialised@?1??ec_curve25519@@9@9 004860c7     sshecc.obj
 0003:000010c8       ?curve@?1??ec_p384@@9@9    004860c8     sshecc.obj
 0003:000010ec       ?curve@?1??ec_p521@@9@9    004860ec     sshecc.obj
 0003:00001110       ?curve@?1??ec_curve25519@@9@9 00486110     sshecc.obj
 0003:00001134       ?curve@?1??ec_ed25519@@9@9 00486134     sshecc.obj
 0003:00001158       ?initialised@?1??ec_ed25519@@9@9 00486158     sshecc.obj
 0003:00001168       _random_timer_ctx          00486168     sshrand.obj
 0003:0000116c       _global_prng               0048616c     sshrand.obj
 0003:00001170       _next_noise_collection     00486170     sshrand.obj
 0003:00001174       ?initialised@?1??sha256_hw_available_cached@@9@9 00486174     sshsh256.obj
 0003:00001175       ?hw_available@?1??sha256_hw_available_cached@@9@9 00486175     sshsh256.obj
 0003:00001176       ?initialised@?1??sha1_hw_available_cached@@9@9 00486176     sshsha.obj
 0003:00001177       ?hw_available@?1??sha1_hw_available_cached@@9@9 00486177     sshsha.obj
 0003:00001178       _timers                    00486178     timing.obj
 0003:0000117c       _timer_contexts            0048617c     timing.obj
 0003:00001180       _now                       00486180     timing.obj
 0003:00001184       ?attempted@?1??got_crypt@@9@9 00486184     wincapi.obj
 0003:00001185       ?successful@?1??got_crypt@@9@9 00486185     wincapi.obj
 0003:00001188       ?crypt@?1??got_crypt@@9@9  00486188     wincapi.obj
 0003:00001194       _p_AcquireCredentialsHandleA 00486194     wingss.obj
 0003:00001198       _p_InitializeSecurityContextA 00486198     wingss.obj
 0003:0000119c       _p_FreeContextBuffer       0048619c     wingss.obj
 0003:000011a0       _p_FreeCredentialsHandle   004861a0     wingss.obj
 0003:000011a4       _p_DeleteSecurityContext   004861a4     wingss.obj
 0003:000011a8       _p_QueryContextAttributesA 004861a8     wingss.obj
 0003:000011ac       _p_MakeSignature           004861ac     wingss.obj
 0003:000011b0       _p_VerifySignature         004861b0     wingss.obj
 0003:000011b4       _p_AddDllDirectory         004861b4     wingss.obj
 0003:000011b8       ?kernel32_module@?1??ssh_gss_setup@@9@9 004861b8     wingss.obj
 0003:000011bc       _handles_by_evtomain       004861bc     winhandl.obj
 0003:000011c0       ?kernel32_module@?1??sk_handle_peer_info@@9@9 004861c0     winhsock.obj
 0003:000011c4       ?p_GetNamedPipeClientProcessId@?1??sk_handle_peer_info@@9@9 004861c4     winhsock.obj
 0003:000011c8       ?p_GetUserNameExA@?1??get_username@@9@9 004861c8     winmisc.obj
 0003:000011cc       ?tried_usernameex@?2??get_username@@9@9 004861cc     winmisc.obj
 0003:000011d0       ?kernel32_module@?1??dll_hijacking_protection@@9@9 004861d0     winmisc.obj
 0003:000011d4       ?p_SetDefaultDllDirectories@?1??dll_hijacking_protection@@9@9 004861d4     winmisc.obj
 0003:000011d8       ?kernel32_module@?1??init_winver@@9@9 004861d8     winmisc.obj
 0003:000011dc       ?p_GetVersionExA@?1??init_winver@@9@9 004861dc     winmisc.obj
 0003:000011e0       ?sysdir@?1??load_system32_dll@@9@9 004861e0     winmisc.obj
 0003:000011e4       ?sysdirsize@?1??load_system32_dll@@9@9 004861e4     winmisc.obj
 0003:000011e8       _errstrings                004861e8     winmisc.obj
 0003:000011f0       _sktree                    004861f0     winnet.obj
 0003:000011f4       _p_WSAStartup              004861f4     winnet.obj
 0003:000011f8       _p_WSACleanup              004861f8     winnet.obj
 0003:000011fc       _p_closesocket             004861fc     winnet.obj
 0003:00001200       _p_ntohl                   00486200     winnet.obj
 0003:00001204       _p_htonl                   00486204     winnet.obj
 0003:00001208       _p_htons                   00486208     winnet.obj
 0003:0000120c       _p_ntohs                   0048620c     winnet.obj
 0003:00001210       _p_gethostname             00486210     winnet.obj
 0003:00001214       _p_gethostbyname           00486214     winnet.obj
 0003:00001218       _p_getservbyname           00486218     winnet.obj
 0003:0000121c       _p_inet_addr               0048621c     winnet.obj
 0003:00001220       _p_inet_ntoa               00486220     winnet.obj
 0003:00001224       _p_inet_ntop               00486224     winnet.obj
 0003:00001228       _p_connect                 00486228     winnet.obj
 0003:0000122c       _p_bind                    0048622c     winnet.obj
 0003:00001230       _p_setsockopt              00486230     winnet.obj
 0003:00001234       _p_socket                  00486234     winnet.obj
 0003:00001238       _p_listen                  00486238     winnet.obj
 0003:0000123c       _p_send                    0048623c     winnet.obj
 0003:00001240       _p_shutdown                00486240     winnet.obj
 0003:00001244       _p_ioctlsocket             00486244     winnet.obj
 0003:00001248       _p_accept                  00486248     winnet.obj
 0003:0000124c       _p_getpeername             0048624c     winnet.obj
 0003:00001250       _p_recv                    00486250     winnet.obj
 0003:00001254       _p_WSAIoctl                00486254     winnet.obj
 0003:00001258       _p_getaddrinfo             00486258     winnet.obj
 0003:0000125c       _p_freeaddrinfo            0048625c     winnet.obj
 0003:00001260       _p_getnameinfo             00486260     winnet.obj
 0003:00001264       _p_gai_strerror            00486264     winnet.obj
 0003:00001268       _p_WSAAddressToStringA     00486268     winnet.obj
 0003:0000126c       _winsock_module            0048626c     winnet.obj
 0003:00001270       _wsadata                   00486270     winnet.obj
 0003:00001400       _winsock2_module           00486400     winnet.obj
 0003:00001404       _wship6_module             00486404     winnet.obj
 0003:00001408       _local_interfaces          00486408     winnet.obj
 0003:000018c8       _n_local_interfaces        004868c8     winnet.obj
 0003:000018cc       _p_CryptAcquireContextA    004868cc     winnoise.obj
 0003:000018d0       _p_CryptGenRandom          004868d0     winnoise.obj
 0003:000018d4       _p_CryptReleaseContext     004868d4     winnoise.obj
 0003:000018d8       _wincrypt_module           004868d8     winnoise.obj
 0003:000018dc       _backend                   004868dc     winplink.obj
 0003:000018e0       _main_thread_id            004868e0     winplink.obj
 0003:000018e4       _worldsid                  004868e4     winsecur.obj
 0003:000018e8       _networksid                004868e8     winsecur.obj
 0003:000018ec       _usersid                   004868ec     winsecur.obj
 0003:000018f0       ?attempted@?1??got_advapi@@9@9 004868f0     winsecur.obj
 0003:000018f1       ?successful@?1??got_advapi@@9@9 004868f1     winsecur.obj
 0003:000018f4       ?advapi@?1??got_advapi@@9@9 004868f4     winsecur.obj
 0003:000018f8       _tried_shgetfolderpath     004868f8     winstore.obj
 0003:000018fc       _shell32_module            004868fc     winstore.obj
 0003:00001900       _p_SHGetFolderPathA        00486900     winstore.obj
 0003:00001904       ?c@?1??check_compose_internal@@9@9 00486904     winucs.obj
 0003:00001908       ?buf@?1??cp_name@@9@9      00486908     winucs.obj
 0003:00001928       _GS_ExceptionRecord        00486928     LIBCMT:gs_report.obj
 0003:00001978       _GS_ContextRecord          00486978     LIBCMT:gs_report.obj
 0003:00001c4c       ?is_initialized_as_dll@@3_NA 00486c4c     LIBCMT:utility.obj
 0003:00001c4d       ?module_local_atexit_table_initialized@@3_NA 00486c4d     LIBCMT:utility.obj
 0003:00001c50       ?module_local_atexit_table@@3U_onexit_table_t@@A 00486c50     LIBCMT:utility.obj
 0003:00001c5c       ?module_local_at_quick_exit_table@@3U_onexit_table_t@@A 00486c5c     LIBCMT:utility.obj
 0003:00001c7c       ?__vcrt_startup_thread_ptd@@3U__vcrt_ptd@@A 00486c7c     libvcruntime:per_thread_data.obj
 0003:00001ca4       ___vcrt_lock_table         00486ca4     libvcruntime:locks.obj
 0003:00001cbc       ___vcrt_locks_initialized  00486cbc     libvcruntime:locks.obj
 0003:00001ce8       ?heap@@3V_HeapManager@@A   00486ce8     libvcruntime:undname.obj
 0003:00001cfc       ?module_handles@@3PAPAUHINSTANCE__@@A 00486cfc     libvcruntime:winapi_downlevel.obj
 0003:00001d08       ?function_pointers@@3PAPAXA 00486d08     libvcruntime:winapi_downlevel.obj
 0003:00001d24       ?mbst@?1??mbrtowc@@9@4U_Mbstatet@@A 00486d24     libucrt:mbrtowc.obj
 0003:00001d2c       ?local_state@?6??_wcrtomb_s_l@@YAHQAHQADI_WQAU_Mbstatet@@QAU__crt_locale_pointers@@@Z@4U2@A 00486d2c     libucrt:wcrtomb.obj
 0003:00001d40       ?c_termination_complete@@3JA 00486d40     libucrt:exit.obj
 0003:00001d44       ?thread_local_exit_callback_func@@3P6GXPAXK0@ZA 00486d44     libucrt:exit.obj
 0003:00001d4c       ?__acrt_app_type@@3W4_crt_app_type@@A 00486d4c     libucrt:report_runtime_error.obj
 0003:00001d50       ?user_matherr@@3V?$dual_state_global@P6AHPAU_exception@@@Z@__crt_state_management@@A 00486d50     libucrt:matherr.obj
 0003:00001d58       ?program_name@?1???$common_configure_argv@D@@YAHW4_crt_argv_mode@@@Z@4PADA 00486d58     libucrt:argv_parsing.obj
 0003:00001e8c       ?__acrt_global_new_mode@@3V?$dual_state_global@J@__crt_state_management@@A 00486e8c     libucrt:new_mode.obj
 0003:00001eac       ?__acrt_invalid_parameter_handler@@3V?$dual_state_global@P6AXPB_W00II@Z@__crt_state_management@@A 00486eac     libucrt:invalid_parameter.obj
 0003:00001eb0       ___acrt_error_mode         00486eb0     libucrt:set_error_mode.obj
 0003:00001eb4       ?ctrlc_action@@3V?$dual_state_global@P6AXH@Z@__crt_state_management@@A 00486eb4     libucrt:signal.obj
 0003:00001eb8       ?ctrlbreak_action@@3V?$dual_state_global@P6AXH@Z@__crt_state_management@@A 00486eb8     libucrt:signal.obj
 0003:00001ebc       ?abort_action@@3V?$dual_state_global@P6AXH@Z@__crt_state_management@@A 00486ebc     libucrt:signal.obj
 0003:00001ec0       ?term_action@@3V?$dual_state_global@P6AXH@Z@__crt_state_management@@A 00486ec0     libucrt:signal.obj
 0003:00001ec8       ?internal_state@?1??_mbtowc_l@@9@4U_Mbstatet@@A 00486ec8     libucrt:mbtowc.obj
 0003:00001ed0       ?enable_percent_n@@3IA     00486ed0     libucrt:printf_count_output.obj
 0003:000020e8       ?__acrt_lock_table@@3PAU_RTL_CRITICAL_SECTION@@A 004870e8     libucrt:locks.obj
 0003:00002238       ?__acrt_locks_initialized@@3IA 00487238     libucrt:locks.obj
 0003:00002240       ?module_handles@@3PAPAUHINSTANCE__@@A 00487240     libucrt:winapi_thunks.obj
 0003:00002290       ?encoded_function_pointers@@3PAPAXA 00487290     libucrt:winapi_thunks.obj
 0003:00002318       ?static_enum_proc@?1??enum_system_locales_ex_nolock@@YAHQ6GHPA_WKJ@Z@Z@4P6GH0KJ@ZA 00487318     libucrt:winapi_thunks.obj
 0003:0000231c       ?internal_pst@?1??__mbrtoc32_utf8@__crt_mbstring@@YAIPA_UPBDIPAU_Mbstatet@@@Z@4U3@A 0048731c     libucrt:mbrtoc32.obj
 0003:00002324       ?internal_pst@?1??__c16rtomb_utf8@__crt_mbstring@@YAIPAD_SPAU_Mbstatet@@@Z@4U3@A 00487324     libucrt:c16rtomb.obj
 0003:0000232c       ?state_cache@?1???$get_cached_win_policy@Udeveloper_information_policy_properties@?1??__acrt_get_developer_information_policy@@YA?AW4developer_information_policy@@XZ@@@YA?AW4developer_information_policy@@W4AppPolicyShowDeveloperDiagnostic@@@Z@4JA 0048732c     libucrt:win_policies.obj
 0003:00002330       ?state_cache@?1???$get_cached_win_policy@Uwindowing_model_policy_properties@?1??__acrt_get_windowing_model_policy@@YA?AW4windowing_model_policy@@XZ@@@YA?AW4windowing_model_policy@@W4AppPolicyWindowingModel@@@Z@4JA 00487330     libucrt:win_policies.obj
 0003:00002340       ?fSystemSet@@3HA           00487340     libucrt:mbctype.obj
 0003:00002344       ?initialized@?1??__acrt_initialize_multibyte@@9@4_NA 00487344     libucrt:mbctype.obj
 0003:00002358       ?__acrt_new_handler@@3V?$dual_state_global@P6AHI@Z@__crt_state_management@@A 00487358     libucrt:new_handler.obj
 0003:00002368       ?_tzname@@3V?$dual_state_global@PAPAD@__crt_state_management@@A 00487368     libucrt:timeset.obj
 0003:0000236c       ?last_tz@@3PADA            0048736c     libucrt:tzset.obj
 0003:00002370       ?tz_api_used@@3HA          00487370     libucrt:tzset.obj
 0003:00002378       ?tz_info@@3U_TIME_ZONE_INFORMATION@@A 00487378     libucrt:tzset.obj
 0003:00002424       ?first_time@?1??__tzset@@9@4JA 00487424     libucrt:tzset.obj
 0003:00002430       __pmatherr_set             00487430     libucrt:libm_error.obj
 0004:000001e0       $R000000                   004881e0     plink.res
 0004:00000308       $R000128                   00488308     plink.res
 0004:000005f0       $R000410                   004885f0     plink.res
 0004:00000c58       $R000A78                   00488c58     plink.res
 0004:00000d08       $R000B28                   00488d08     plink.res
 0004:00000e38       $R000C58                   00488e38     plink.res
 0004:00001168       $R000F88                   00489168     plink.res
 0004:000011c8       $R000FE8                   004891c8     plink.res
