 psftp

 Timestamp is 5d84fb6b (Fri Sep 20 21:46:43 2019)

 Preferred load address is 00400000

 Start         Length     Name                   Class
 0001:00000000 00067d79H .text$mn                CODE
 0001:00067d79 0000006bH .text$x                 CODE
 0002:00000000 00000258H .idata$5                DATA
 0002:00000258 00000004H .00cfg                  DATA
 0002:0000025c 00000004H .CRT$XCA                DATA
 0002:00000260 00000004H .CRT$XCAA               DATA
 0002:00000264 00000004H .CRT$XCZ                DATA
 0002:00000268 00000004H .CRT$XIA                DATA
 0002:0000026c 00000004H .CRT$XIAA               DATA
 0002:00000270 00000004H .CRT$XIAC               DATA
 0002:00000274 00000010H .CRT$XIC                DATA
 0002:00000284 00000004H .CRT$XIZ                DATA
 0002:00000288 00000004H .CRT$XPA                DATA
 0002:0000028c 00000008H .CRT$XPX                DATA
 0002:00000294 00000004H .CRT$XPXA               DATA
 0002:00000298 00000004H .CRT$XPZ                DATA
 0002:0000029c 00000004H .CRT$XTA                DATA
 0002:000002a0 00000010H .CRT$XTZ                DATA
 0002:000002a4 00000000H .gfids$y                DATA
 0002:000002b0 0001e604H .rdata                  DATA
 0002:0001e8b4 000000dcH .rdata$r                DATA
 0002:0001e990 00000020H .rdata$sxdata           DATA
 0002:0001e9b0 000002c4H .rdata$zzzdbg           DATA
 0002:0001ec74 00000004H .rtc$IAA                DATA
 0002:0001ec78 00000004H .rtc$IZZ                DATA
 0002:0001ec7c 00000004H .rtc$TAA                DATA
 0002:0001ec80 00000008H .rtc$TZZ                DATA
 0002:0001ec88 000008c4H .xdata$x                DATA
 0002:0001f54c 00000000H .edata                  DATA
 0002:0001f54c 0000003cH .idata$2                DATA
 0002:0001f588 00000014H .idata$3                DATA
 0002:0001f59c 00000258H .idata$4                DATA
 0002:0001f7f4 00000ad8H .idata$6                DATA
 0003:00000000 00001230H .data                   DATA
 0003:00001230 00000058H .data$r                 DATA
 0003:00001288 00001484H .bss                    DATA
 0004:00000000 000001e0H .rsrc$01                DATA
 0004:000001e0 000012f8H .rsrc$02                DATA

  Address         Publics by Value              Rva+Base       Lib:Object

 0000:00000000       ___hybrid_auxiliary_iat    00000000     <absolute>
 0000:00000000       ___volatile_metadata       00000000     <absolute>
 0000:00000000       ___guard_iat_table         00000000     <absolute>
 0000:00000000       ___hybrid_code_map_count   00000000     <absolute>
 0000:00000000       ___guard_longjmp_table     00000000     <absolute>
 0000:00000000       ___guard_fids_count        00000000     <absolute>
 0000:00000000       ___AbsoluteZero            00000000     <absolute>
 0000:00000000       ___guard_fids_table        00000000     <absolute>
 0000:00000000       ___enclave_config          00000000     <absolute>
 0000:00000000       ___guard_iat_count         00000000     <absolute>
 0000:00000000       ___dynamic_value_reloc_table 00000000     <absolute>
 0000:00000000       ___guard_longjmp_count     00000000     <absolute>
 0000:00000000       ___hybrid_code_map         00000000     <absolute>
 0000:00000000       __except_list              00000000     <absolute>
 0000:00000008       ___safe_se_handler_count   00000008     <absolute>
 0000:00000100       ___guard_flags             00000100     <absolute>
 0000:00000000       ___ImageBase               00400000     <linker-defined>
 0001:0000016c       _agentf_new                0040116c f   agentf.obj
 0001:000002c9       _backend_socket_log        004012c9 f   be_misc.obj
 0001:0000042d       _log_proxy_stderr          0040142d f   be_misc.obj
 0001:000005a2       _psb_init                  004015a2 f   be_misc.obj
 0001:000005ae       _delete_callbacks_for_context 004015ae f   callback.obj
 0001:0000061a       _queue_idempotent_callback 0040161a f   callback.obj
 0001:00000636       _queue_toplevel_callback   00401636 f   callback.obj
 0001:000006a6       _run_toplevel_callbacks    004016a6 f   callback.obj
 0001:000006f4       _toplevel_callback_pending 004016f4 f   callback.obj
 0001:0000072d       _cmdline_cleanup           0040172d f   cmdline.obj
 0001:00000783       _cmdline_get_passwd_input  00401783 f   cmdline.obj
 0001:000007f0       _cmdline_process_param     004017f0 f   cmdline.obj
 0001:00001af4       _cmdline_run_saved         00402af4 f   cmdline.obj
 0001:00001c1b       _conf_copy                 00402c1b f   conf.obj
 0001:00001c33       _conf_copy_into            00402c33 f   conf.obj
 0001:00001d0a       _conf_del_str_str          00402d0a f   conf.obj
 0001:00001d8a       _conf_free                 00402d8a f   conf.obj
 0001:00001da7       _conf_get_bool             00402da7 f   conf.obj
 0001:00001e26       _conf_get_filename         00402e26 f   conf.obj
 0001:00001ea5       _conf_get_int              00402ea5 f   conf.obj
 0001:00001f24       _conf_get_int_int          00402f24 f   conf.obj
 0001:00001fa9       _conf_get_str              00402fa9 f   conf.obj
 0001:00002028       _conf_get_str_nthstrkey    00403028 f   conf.obj
 0001:000020c2       _conf_get_str_str          004030c2 f   conf.obj
 0001:000020f8       _conf_get_str_str_opt      004030f8 f   conf.obj
 0001:0000216b       _conf_get_str_strs         0040316b f   conf.obj
 0001:00002265       _conf_new                  00403265 f   conf.obj
 0001:00002286       _conf_set_bool             00403286 f   conf.obj
 0001:000022f5       _conf_set_filename         004032f5 f   conf.obj
 0001:0000236a       _conf_set_fontspec         0040336a f   conf.obj
 0001:000023df       _conf_set_int              004033df f   conf.obj
 0001:0000244e       _conf_set_int_int          0040344e f   conf.obj
 0001:000024c4       _conf_set_str              004034c4 f   conf.obj
 0001:00002539       _conf_set_str_str          00403539 f   conf.obj
 0001:00002612       _proxy_socks5_handlechap   00403612 f   cproxy.obj
 0001:0000282c       _proxy_socks5_offerencryptedauth 0040382c f   cproxy.obj
 0001:0000283d       _proxy_socks5_selectchap   0040383d f   cproxy.obj
 0001:00002937       _ecc_edwards_add           00403937 f   ecc.obj
 0001:00002bf8       _ecc_edwards_curve         00403bf8 f   ecc.obj
 0001:00002bf8       _ecc_weierstrass_curve     00403bf8 f   ecc.obj
 0001:00002c5a       _ecc_edwards_eq            00403c5a f   ecc.obj
 0001:00002cb7       _ecc_edwards_get_affine    00403cb7 f   ecc.obj
 0001:00002d45       _ecc_edwards_multiply      00403d45 f   ecc.obj
 0001:00002e2c       _ecc_edwards_point_copy    00403e2c f   ecc.obj
 0001:00002e6e       _ecc_edwards_point_free    00403e6e f   ecc.obj
 0001:00002ea5       _ecc_edwards_point_new     00403ea5 f   ecc.obj
 0001:00002ef7       _ecc_edwards_point_new_from_y 00403ef7 f   ecc.obj
 0001:000030dd       _ecc_montgomery_curve      004040dd f   ecc.obj
 0001:00003198       _ecc_montgomery_diff_add   00404198 f   ecc.obj
 0001:0000332e       _ecc_montgomery_double     0040432e f   ecc.obj
 0001:00003457       _ecc_montgomery_get_affine 00404457 f   ecc.obj
 0001:000034af       _ecc_montgomery_multiply   004044af f   ecc.obj
 0001:00003599       _ecc_montgomery_point_copy 00404599 f   ecc.obj
 0001:000035c5       _ecc_montgomery_point_free 004045c5 f   ecc.obj
 0001:000035ec       _ecc_montgomery_point_new  004045ec f   ecc.obj
 0001:0000363e       _ecc_weierstrass_add       0040463e f   ecc.obj
 0001:00003722       _ecc_weierstrass_add_general 00404722 f   ecc.obj
 0001:00003a44       _ecc_weierstrass_double    00404a44 f   ecc.obj
 0001:00003be4       _ecc_weierstrass_get_affine 00404be4 f   ecc.obj
 0001:00003c26       _ecc_weierstrass_is_identity 00404c26 f   ecc.obj
 0001:00003c3a       _ecc_weierstrass_multiply  00404c3a f   ecc.obj
 0001:00003da2       _ecc_weierstrass_point_copy 00404da2 f   ecc.obj
 0001:00003dd9       _ecc_weierstrass_point_free 00404dd9 f   ecc.obj
 0001:00003e08       _ecc_weierstrass_point_new 00404e08 f   ecc.obj
 0001:00003e57       _ecc_weierstrass_point_new_from_x 00404e57 f   ecc.obj
 0001:00003f64       _ecc_weierstrass_point_new_identity 00404f64 f   ecc.obj
 0001:00003fd1       _ecc_weierstrass_point_valid 00404fd1 f   ecc.obj
 0001:000042a0       _ssh_verstring_get_local   004052a0 f   sshverstring.obj
 0001:000042a8       __get_startup_new_mode     004052a8 f   LIBCMT:new_mode.obj
 0001:000042a8       ___scrt_exe_initialize_mta 004052a8 f   LIBCMT:utility_desktop.obj
 0001:000042a8       _nullseat_get_ttymode      004052a8 f   misc.obj
 0001:000042a8       ___scrt_stub_for_initialize_mta 004052a8 f   LIBCMT:utility_desktop.obj
 0001:000042a8       ___scrt_initialize_winrt   004052a8 f   LIBCMT:utility_desktop.obj
 0001:000042a8       __get_startup_commit_mode  004052a8 f   LIBCMT:commit_mode.obj
 0001:000042a8       __get_startup_thread_locale_mode 004052a8 f   LIBCMT:thread_locale.obj
 0001:000042a8       __matherr                  004052a8 f   LIBCMT:matherr.obj
 0001:000042a8       _nullseat_get_x_display    004052a8 f   misc.obj
 0001:000042ab       _new_error_socket_fmt      004052ab f   errsock.obj
 0001:000042df       ___local_stdio_printf_options 004052df f i logging.obj
 0001:000042e5       __vsnprintf_l              004052e5 f i logging.obj
 0001:00004317       _log_free                  00405317 f   logging.obj
 0001:0000434e       _log_init                  0040534e f   logging.obj
 0001:00004395       _log_packet                00405395 f   logging.obj
 0001:00004709       _logevent                  00405709 f   logging.obj
 0001:00004790       _logevent_and_free         00405790 f   logging.obj
 0001:000047e3       _logeventf                 004057e3 f   logging.obj
 0001:000047f9       _logeventvf                004057f9 f   logging.obj
 0001:00004814       _logfclose                 00405814 f   logging.obj
 0001:0000482f       _logflush                  0040582f f   logging.obj
 0001:00004848       _logfopen                  00405848 f   logging.obj
 0001:00004ba5       _sprintf                   00405ba5 f i logging.obj
 0001:00005472       _mainchan_get_specials     00406472 f   mainchan.obj
 0001:0000559a       _mainchan_new              0040659a f   mainchan.obj
 0001:000056bd       _mainchan_special_cmd      004066bd f   mainchan.obj
 0001:00005738       _mainchan_terminal_size    00406738 f   mainchan.obj
 0001:00005839       _BinarySink_put_asciz      00406839 f   marshal.obj
 0001:00005853       _BinarySink_put_bool       00406853 f   marshal.obj
 0001:0000586f       _BinarySink_put_byte       0040686f f   marshal.obj
 0001:00005881       _BinarySink_put_data       00406881 f   marshal.obj
 0001:00005894       _BinarySink_put_datapl     00406894 f   marshal.obj
 0001:000058a9       _BinarySink_put_padding    004068a9 f   marshal.obj
 0001:000058ff       _BinarySink_put_pstring    004068ff f   marshal.obj
 0001:00005934       _BinarySink_put_string     00406934 f   marshal.obj
 0001:00005953       _BinarySink_put_stringpl   00406953 f   marshal.obj
 0001:00005968       _BinarySink_put_stringsb   00406968 f   marshal.obj
 0001:00005986       _BinarySink_put_stringz    00406986 f   marshal.obj
 0001:000059a1       _BinarySink_put_uint16     004069a1 f   marshal.obj
 0001:000059c1       _BinarySink_put_uint32     004069c1 f   marshal.obj
 0001:000059f1       _BinarySink_put_uint64     004069f1 f   marshal.obj
 0001:00005a7e       _BinarySource_get_asciz    00406a7e f   marshal.obj
 0001:00005ac5       _BinarySource_get_bool     00406ac5 f   marshal.obj
 0001:00005ae9       _BinarySource_get_byte     00406ae9 f   marshal.obj
 0001:00005b09       _BinarySource_get_data     00406b09 f   marshal.obj
 0001:00005b36       _BinarySource_get_pstring  00406b36 f   marshal.obj
 0001:00005b82       _BinarySource_get_string   00406b82 f   marshal.obj
 0001:00005bf0       _BinarySource_get_uint16   00406bf0 f   marshal.obj
 0001:00005c21       _BinarySource_get_uint32   00406c21 f   marshal.obj
 0001:00005c65       _BinarySource_get_uint64   00406c65 f   marshal.obj
 0001:00005d13       _bufchain_sink_init        00406d13 f   marshal.obj
 0001:00005d42       _stdio_sink_init           00406d42 f   marshal.obj
 0001:00005d73       _safefree                  00406d73 f   memory.obj
 0001:00005d7f       _safegrowarray             00406d7f f   memory.obj
 0001:00005e8d       _safemalloc                00406e8d f   memory.obj
 0001:00005ecb       _saferealloc               00406ecb f   memory.obj
 0001:00005f10       _add_prompt                00406f10 f   misc.obj
 0001:00005f5f       _buildinfo                 00406f5f f   misc.obj
 0001:00005ffd       _conf_launchable           00406ffd f   misc.obj
 0001:00006027       _free_prompts              00407027 f   misc.obj
 0001:00006089       _new_prompts               00407089 f   misc.obj
 0001:000060b6       _platform_ssh_share_cleanup 004070b6 f   winshare.obj
 0001:000060b6       _add_session_to_jumplist   004070b6 f   winnojmp.obj
 0001:000060b6       _timer_change_notify       004070b6 f   wincons.obj
 0001:000060b6       _nullseat_set_busy_status  004070b6 f   misc.obj
 0001:000060b6       @_guard_check_icall_nop@4  004070b6 f   LIBCMT:guard_support.obj
 0001:000060b6       _ldisc_echoedit_update     004070b6 f   psftp.obj
 0001:000060b6       _nullseat_update_specials_menu 004070b6 f   misc.obj
 0001:000060b6       __initialize_denormal_control 004070b6 f   LIBCMT:denormal_control.obj
 0001:000060b6       __initialize_invalid_parameter_handler 004070b6 f   LIBCMT:invalid_parameter_handler.obj
 0001:000060b6       _nullseat_echoedit_update  004070b6 f   misc.obj
 0001:000060b6       _nullseat_notify_remote_exit 004070b6 f   misc.obj
 0001:000060b6       _platform_get_x11_auth     004070b6 f   winsftp.obj
 0001:000060b7       _sk_address_is_special_local 004070b7 f   winnet.obj
 0001:000060b7       _chan_no_run_subsystem     004070b7 f   sshcommon.obj
 0001:000060b7       _chan_no_set_env           004070b7 f   sshcommon.obj
 0001:000060b7       _ssh2_connection_parse_global_request 004070b7 f   ssh2connection-client.obj
 0001:000060b7       _chan_no_enable_agent_forwarding 004070b7 f   sshcommon.obj
 0001:000060b7       _nullseat_is_never_utf8    004070b7 f   misc.obj
 0001:000060b7       _nullseat_get_windowid     004070b7 f   misc.obj
 0001:000060b7       _chan_no_run_shell         004070b7 f   sshcommon.obj
 0001:000060b7       _chan_no_allocate_pty      004070b7 f   sshcommon.obj
 0001:000060b7       _chan_no_run_command       004070b7 f   sshcommon.obj
 0001:000060b7       _chan_no_change_window_size 004070b7 f   sshcommon.obj
 0001:000060b7       _chan_no_send_signal       004070b7 f   sshcommon.obj
 0001:000060b7       _chan_no_exit_status       004070b7 f   sshcommon.obj
 0001:000060b7       _chan_no_exit_signal       004070b7 f   sshcommon.obj
 0001:000060b7       _nullseat_get_window_pixel_size 004070b7 f   misc.obj
 0001:000060b7       _chan_no_enable_x11_forwarding 004070b7 f   sshcommon.obj
 0001:000060b7       _chan_no_exit_signal_numeric 004070b7 f   sshcommon.obj
 0001:000060b7       _chan_no_send_break        004070b7 f   sshcommon.obj
 0001:000060ba       __should_initialize_environment 004070ba f   LIBCMT:env_mode.obj
 0001:000060ba       _nullseat_set_trust_status_vacuously 004070ba f   misc.obj
 0001:000060ba       ___acrt_uninitialize_command_line 004070ba f   libucrt:argv_data.obj
 0001:000060bd       _out_of_memory             004070bd f   misc.obj
 0001:000060c9       _prompt_ensure_result_size 004070c9 f   misc.obj
 0001:00006124       _prompt_set_result         00407124 f   misc.obj
 0001:0000614b       _seat_connection_fatal     0040714b f   misc.obj
 0001:00006172       _sk_free_peer_info         00407172 f   misc.obj
 0001:00006196       _validate_manual_hostkey   00407196 f   misc.obj
 0001:00006347       _dup_mb_to_wc              00407347 f   miscucs.obj
 0001:00006366       _dup_mb_to_wc_c            00407366 f   miscucs.obj
 0001:000063d3       _BinarySink_put_mp_ssh1    004073d3 f   mpint.obj
 0001:0000643a       _BinarySink_put_mp_ssh2    0040743a f   mpint.obj
 0001:0000647e       _BinarySource_get_mp_ssh1  0040747e f   mpint.obj
 0001:000064ed       _BinarySource_get_mp_ssh2  004074ed f   mpint.obj
 0001:0000653b       __vfprintf_l               0040753b f i mpint.obj
 0001:0000655e       _fprintf                   0040755e f i mpint.obj
 0001:00006576       _modsqrt_new               00407576 f   mpint.obj
 0001:00006605       _monty_add                 00407605 f   mpint.obj
 0001:0000664c       _monty_export              0040764c f   mpint.obj
 0001:0000666f       _monty_export_into         0040766f f   mpint.obj
 0001:000066cc       _monty_free                004076cc f   mpint.obj
 0001:00006716       _handle_get_privdata       00407716 f   winhandl.obj
 0001:00006716       _monty_identity            00407716 f   mpint.obj
 0001:0000671e       _monty_import              0040771e f   mpint.obj
 0001:00006734       _monty_invert              00407734 f   mpint.obj
 0001:00006761       _monty_modsqrt             00407761 f   mpint.obj
 0001:00006929       _monty_mul                 00407929 f   mpint.obj
 0001:00006950       _monty_mul_into            00407950 f   mpint.obj
 0001:00006a0d       _monty_new                 00407a0d f   mpint.obj
 0001:00006ac3       _monty_pow                 00407ac3 f   mpint.obj
 0001:00006cb0       _monty_sub                 00407cb0 f   mpint.obj
 0001:00006cef       _mp_add                    00407cef f   mpint.obj
 0001:00006d1b       _mp_add_integer_into       00407d1b f   mpint.obj
 0001:00006e02       _mp_add_into               00407e02 f   mpint.obj
 0001:000071e7       _mp_clear                  004081e7 f   mpint.obj
 0001:000071fc       _mp_cmp_eq                 004081fc f   mpint.obj
 0001:0000724a       _mp_cmp_hs                 0040824a f   mpint.obj
 0001:0000726d       _mp_cond_add_into          0040826d f   mpint.obj
 0001:00007295       _mp_cond_clear             00408295 f   mpint.obj
 0001:000072b5       _mp_cond_sub_into          004082b5 f   mpint.obj
 0001:000072e0       _mp_cond_swap              004082e0 f   mpint.obj
 0001:0000733c       _mp_copy                   0040833c f   mpint.obj
 0001:00007365       _mp_copy_into              00408365 f   mpint.obj
 0001:000073a2       _mp_divmod_into            004083a2 f   mpint.obj
 0001:000078c6       _mp_eq_integer             004088c6 f   mpint.obj
 0001:00007a0f       _mp_free                   00408a0f f   mpint.obj
 0001:00007a2b       _mp_from_bytes_be          00408a2b f   mpint.obj
 0001:00007aa4       _mp_from_bytes_le          00408aa4 f   mpint.obj
 0001:00007ab9       _mp_from_decimal           00408ab9 f   mpint.obj
 0001:00007ad0       _mp_from_decimal_pl        00408ad0 f   mpint.obj
 0001:00007b50       _mp_from_hex               00408b50 f   mpint.obj
 0001:00007b67       _mp_from_hex_pl            00408b67 f   mpint.obj
 0001:00007c32       _mp_from_integer           00408c32 f   mpint.obj
 0001:00007c6a       _mp_get_bit                00408c6a f   mpint.obj
 0001:00007c8a       _mp_get_byte               00408c8a f   mpint.obj
 0001:00007caa       _mp_get_hex                00408caa f   mpint.obj
 0001:00007d3b       _mp_get_nbits              00408d3b f   mpint.obj
 0001:00007d93       _mp_hs_integer             00408d93 f   mpint.obj
 0001:00007de5       _mp_invert                 00408de5 f   mpint.obj
 0001:00007e09       _mp_invert_mod_2to         00408e09 f   mpint.obj
 0001:000080e6       _mp_lshift_fixed_into      004090e6 f   mpint.obj
 0001:000081ac       _mp_max                    004091ac f   mpint.obj
 0001:000081d7       _mp_max_bits               004091d7 f   mpint.obj
 0001:000081e1       _mp_max_into               004091e1 f   mpint.obj
 0001:00008203       _mp_min                    00409203 f   mpint.obj
 0001:0000822e       _mp_min_into               0040922e f   mpint.obj
 0001:00008250       _mp_mod                    00409250 f   mpint.obj
 0001:00008274       _mp_modadd                 00409274 f   mpint.obj
 0001:0000829f       _mp_modmul                 0040929f f   mpint.obj
 0001:000082ca       _mp_modpow                 004092ca f   mpint.obj
 0001:00008350       _mp_mul                    00409350 f   mpint.obj
 0001:0000841b       _mp_mul_integer_into       0040941b f   mpint.obj
 0001:00008753       _mp_mul_into               00409753 f   mpint.obj
 0001:00008796       _mp_neg_into               00409796 f   mpint.obj
 0001:000087b3       _mp_new                    004097b3 f   mpint.obj
 0001:000087c5       _mp_power_2                004097c5 f   mpint.obj
 0001:000087e7       _mp_random_bits_fn         004097e7 f   mpint.obj
 0001:0000883a       _mp_random_in_range_fn     0040983a f   mpint.obj
 0001:00008889       _mp_reduce_mod_2to         00409889 f   mpint.obj
 0001:000088b1       _mp_rshift_fixed           004098b1 f   mpint.obj
 0001:000088ea       _mp_rshift_fixed_into      004098ea f   mpint.obj
 0001:00008955       _mp_rshift_safe            00409955 f   mpint.obj
 0001:00008a84       _mp_select_into            00409a84 f   mpint.obj
 0001:00008ac8       _mp_set_bit                00409ac8 f   mpint.obj
 0001:00008b17       _mp_sub                    00409b17 f   mpint.obj
 0001:00008b42       _mp_sub_integer_into       00409b42 f   mpint.obj
 0001:00008b66       _mp_sub_into               00409b66 f   mpint.obj
 0001:00008cf7       _pinger_free               00409cf7 f   pinger.obj
 0001:00008d06       _pinger_new                00409d06 f   pinger.obj
 0001:00008d39       _pinger_reconfig           00409d39 f   pinger.obj
 0001:00009741       _pfr_free                  0040a741 f   portfwd.obj
 0001:00009780       _portfwd_raw_free          0040a780 f   portfwd.obj
 0001:000097b0       _portfwd_raw_new           0040a7b0 f   portfwd.obj
 0001:000097fc       _portfwd_raw_setup         0040a7fc f   portfwd.obj
 0001:00009830       _portfwdmgr_close          0040a830 f   portfwd.obj
 0001:00009853       _portfwdmgr_close_all      0040a853 f   portfwd.obj
 0001:0000987f       _portfwdmgr_config         0040a87f f   portfwd.obj
 0001:00009eac       _portfwdmgr_connect        0040aeac f   portfwd.obj
 0001:00009fa8       _portfwdmgr_free           0040afa8 f   portfwd.obj
 0001:00009fd5       _portfwdmgr_new            0040afd5 f   portfwd.obj
 0001:0000a389       ___local_stdio_scanf_options 0040b389 f i proxy.obj
 0001:0000a38f       __vsscanf_l                0040b38f f i proxy.obj
 0001:0000a3ea       _format_telnet_command     0040b3ea f   proxy.obj
 0001:0000a735       _name_lookup               0040b735 f   proxy.obj
 0001:0000a7ed       _new_connection            0040b7ed f   proxy.obj
 0001:0000ab42       _new_listener              0040bb42 f   proxy.obj
 0001:0000ab78       _proxy_activate            0040bb78 f   proxy.obj
 0001:0000ac69       _proxy_for_destination     0040bc69 f   proxy.obj
 0001:0000ae72       _proxy_http_negotiate      0040be72 f   proxy.obj
 0001:0000b297       _proxy_socks4_negotiate    0040c297 f   proxy.obj
 0001:0000b4ac       _proxy_socks5_negotiate    0040c4ac f   proxy.obj
 0001:0000ba28       _proxy_telnet_negotiate    0040ca28 f   proxy.obj
 0001:0000bbad       _sscanf                    0040cbad f i proxy.obj
 0001:0000bc11       _has_embedded_chm          0040cc11 f   winnohlp.obj
 0001:0000bc11       _sftp_cmd_quit             0040cc11 f   psftp.obj
 0001:0000bc15       _sftp_cmd_close            0040cc15 f   psftp.obj
 0001:0000bc66       _sftp_cmd_ls               0040cc66 f   psftp.obj
 0001:0000bec4       _sftp_cmd_cd               0040cec4 f   psftp.obj
 0001:0000bfab       _sftp_cmd_pwd              0040cfab f   psftp.obj
 0001:0000bff5       _sftp_cmd_get              0040cff5 f   psftp.obj
 0001:0000c006       _sftp_cmd_mget             0040d006 f   psftp.obj
 0001:0000c017       _sftp_cmd_reget            0040d017 f   psftp.obj
 0001:0000c028       _sftp_cmd_put              0040d028 f   psftp.obj
 0001:0000c039       _sftp_cmd_mput             0040d039 f   psftp.obj
 0001:0000c04a       _sftp_cmd_reput            0040d04a f   psftp.obj
 0001:0000c05b       _sftp_cmd_mkdir            0040d05b f   psftp.obj
 0001:0000c138       _sftp_cmd_rmdir            0040d138 f   psftp.obj
 0001:0000c195       _sftp_cmd_rm               0040d195 f   psftp.obj
 0001:0000c1f2       _sftp_cmd_mv               0040d1f2 f   psftp.obj
 0001:0000c2f5       _sftp_cmd_chmod            0040d2f5 f   psftp.obj
 0001:0000c7cf       _canonify                  0040d7cf f   psftp.obj
 0001:0000c90e       _cmdline_error             0040d90e f   psftp.obj
 0001:0000c95a       _do_sftp                   0040d95a f   psftp.obj
 0001:0000cb4c       _is_wildcard               0040db4c f   psftp.obj
 0001:0000cb85       _list_directory_from_sftp_print 0040db85 f   psftp.obj
 0001:0000cbb6       _list_directory_from_sftp_warn_unsorted 0040dbb6 f   psftp.obj
 0001:0000cbc2       _lookup_command            0040dbc2 f   psftp.obj
 0001:0000cc0d       _printf                    0040dc0d f i psftp.obj
 0001:0000cfb9       _psftp_main                0040dfb9 f   psftp.obj
 0001:0000d5f0       _sftp_begin_wildcard_matching 0040e5f0 f   psftp.obj
 0001:0000d6d6       __get_startup_argv_mode    0040e6d6 f   LIBCMT:argv_mode.obj
 0001:0000d6d6       _sftp_cmd_null             0040e6d6 f   psftp.obj
 0001:0000d6da       _sftp_cmd_unknown          0040e6da f   psftp.obj
 0001:0000d6f1       _sftp_finish_wildcard_matching 0040e6f1 f   psftp.obj
 0001:0000d73b       _sftp_general_get          0040e73b f   psftp.obj
 0001:0000d923       _sftp_general_put          0040e923 f   psftp.obj
 0001:0000dad4       _sftp_get_file             0040ead4 f   psftp.obj
 0001:0000e1d2       _sftp_getcmd               0040f1d2 f   psftp.obj
 0001:0000e3cc       _sftp_put_file             0040f3cc f   psftp.obj
 0001:0000e926       _sftp_recvdata             0040f926 f   psftp.obj
 0001:0000e97b       _sftp_sendbuffer           0040f97b f   psftp.obj
 0001:0000e988       _sftp_senddata             0040f988 f   psftp.obj
 0001:0000e9a1       _sftp_wait_for_reply       0040f9a1 f   psftp.obj
 0001:0000e9f0       _sftp_wildcard_get_filename 0040f9f0 f   psftp.obj
 0001:0000ed04       _vfprintf                  0040fd04 f i psftp.obj
 0001:0000ed1b       _wildcard_iterate          0040fd1b f   psftp.obj
 0001:0000ede3       _list_directory_from_sftp_feed 0040fde3 f   psftpcommon.obj
 0001:0000ee9f       _list_directory_from_sftp_finish 0040fe9f f   psftpcommon.obj
 0001:0000eef4       _list_directory_from_sftp_free 0040fef4 f   psftpcommon.obj
 0001:0000ef24       _list_directory_from_sftp_new 0040ff24 f   psftpcommon.obj
 0001:0000ef47       _sftp_name_compare         0040ff47 f   psftpcommon.obj
 0001:0000ef5f       _backend_vt_from_name      0040ff5f f   settings.obj
 0001:0000ef8d       _do_defaults               0040ff8d f   settings.obj
 0001:0000ef92       _get_remote_username       0040ff92 f   settings.obj
 0001:0000f498       _load_open_settings        00410498 f   settings.obj
 0001:0001060c       _load_settings             0041160c f   settings.obj
 0001:000106f2       _fxp_write_recv            004116f2 f   sftp.obj
 0001:000106f2       _fxp_close_recv            004116f2 f   sftp.obj
 0001:0001071b       _fxp_close_send            0041171b f   sftp.obj
 0001:00010767       _fxp_dup_name              00411767 f   sftp.obj
 0001:000107a3       _fxp_error                 004117a3 f   sftp.obj
 0001:000107a9       _fxp_error_type            004117a9 f   sftp.obj
 0001:000107af       _fxp_free_name             004117af f   sftp.obj
 0001:000107ce       _fxp_free_names            004117ce f   sftp.obj
 0001:00010812       _fxp_stat_recv             00411812 f   sftp.obj
 0001:00010812       _fxp_fstat_recv            00411812 f   sftp.obj
 0001:00010845       _fxp_fstat_send            00411845 f   sftp.obj
 0001:0001098d       _fxp_init                  0041198d f   sftp.obj
 0001:00010a3e       _fxp_setstat_recv          00411a3e f   sftp.obj
 0001:00010a3e       _fxp_mkdir_recv            00411a3e f   sftp.obj
 0001:00010a3e       _fxp_rmdir_recv            00411a3e f   sftp.obj
 0001:00010a3e       _fxp_rename_recv           00411a3e f   sftp.obj
 0001:00010a3e       _fxp_remove_recv           00411a3e f   sftp.obj
 0001:00010a67       _fxp_mkdir_send            00411a67 f   sftp.obj
 0001:00010ac7       _fxp_open_recv             00411ac7 f   sftp.obj
 0001:00010ac7       _fxp_opendir_recv          00411ac7 f   sftp.obj
 0001:00010af5       _fxp_open_send             00411af5 f   sftp.obj
 0001:00010b5f       _fxp_opendir_send          00411b5f f   sftp.obj
 0001:00010b96       _fxp_read_recv             00411b96 f   sftp.obj
 0001:00010c0b       _fxp_read_send             00411c0b f   sftp.obj
 0001:00010c5f       _fxp_readdir_recv          00411c5f f   sftp.obj
 0001:00010dc4       _fxp_readdir_send          00411dc4 f   sftp.obj
 0001:00010e00       _fxp_realpath_recv         00411e00 f   sftp.obj
 0001:00010e89       _fxp_realpath_send         00411e89 f   sftp.obj
 0001:00010ec0       _fxp_remove_send           00411ec0 f   sftp.obj
 0001:00010ef7       _fxp_rename_send           00411ef7 f   sftp.obj
 0001:00010f38       _fxp_rmdir_send            00411f38 f   sftp.obj
 0001:00010f6f       _fxp_setstat_send          00411f6f f   sftp.obj
 0001:00010fc4       _fxp_stat_send             00411fc4 f   sftp.obj
 0001:00010ffb       _fxp_write_send            00411ffb f   sftp.obj
 0001:00011116       _sftp_cleanup_request      00412116 f   sftp.obj
 0001:0001112e       _sftp_find_request         0041212e f   sftp.obj
 0001:000111a3       _sftp_recv                 004121a3 f   sftp.obj
 0001:00011211       _sftp_register             00412211 f   sftp.obj
 0001:00011233       _sftp_send                 00412233 f   sftp.obj
 0001:00011259       _xfer_cleanup              00412259 f   sftp.obj
 0001:0001128d       _xfer_done                 0041228d f   sftp.obj
 0001:000112a5       _xfer_download_data        004122a5 f   sftp.obj
 0001:0001130d       _xfer_download_gotpkt      0041230d f   sftp.obj
 0001:00011400       _xfer_download_init        00412400 f   sftp.obj
 0001:00011425       _xfer_download_queue       00412425 f   sftp.obj
 0001:00011518       _xfer_set_error            00412518 f   sftp.obj
 0001:00011521       _xfer_upload_data          00412521 f   sftp.obj
 0001:0001159d       _xfer_upload_gotpkt        0041259d f   sftp.obj
 0001:0001161f       _xfer_upload_init          0041261f f   sftp.obj
 0001:00011638       _xfer_upload_ready         00412638 f   sftp.obj
 0001:00011644       _BinarySink_put_fxp_attrs  00412644 f   sftpcommon.obj
 0001:000116c2       _BinarySource_get_fxp_attrs 004126c2 f   sftpcommon.obj
 0001:000117c7       _sftp_pkt_free             004127c7 f   sftpcommon.obj
 0001:000117e2       _sftp_pkt_init             004127e2 f   sftpcommon.obj
 0001:00011829       _sftp_recv_finish          00412829 f   sftpcommon.obj
 0001:0001185c       _sftp_recv_prepare         0041285c f   sftpcommon.obj
 0001:0001188b       _sftp_send_prepare         0041288b f   sftpcommon.obj
 0001:000120ce       _ssh_check_frozen          004130ce f   ssh.obj
 0001:00012132       _ssh_conn_processed_data   00413132 f   ssh.obj
 0001:000121d6       _ssh_deferred_abort_callback 004131d6 f   ssh.obj
 0001:000121fa       _ssh_get_logctx            004131fa f   ssh.obj
 0001:00012202       _ssh_got_exitcode          00413202 f   ssh.obj
 0001:0001220e       _ssh_got_fallback_cmd      0041320e f   ssh.obj
 0001:00012682       _ssh_ldisc_update          00413682 f   ssh.obj
 0001:00012696       _ssh_proto_error           00413696 f   ssh.obj
 0001:000126fd       _ssh_remote_eof            004136fd f   ssh.obj
 0001:00012756       _ssh_remote_error          00413756 f   ssh.obj
 0001:0001285f       _ssh_sw_abort              0041385f f   ssh.obj
 0001:000128c0       _ssh_sw_abort_deferred     004138c0 f   ssh.obj
 0001:0001291a       _ssh_throttle_conn         0041391a f   ssh.obj
 0001:00012967       _ssh_user_close            00413967 f   ssh.obj
 0001:00013034       _ssh1_bpp_new              00414034 f   ssh1bpp.obj
 0001:00013071       _ssh1_bpp_new_cipher       00414071 f   ssh1bpp.obj
 0001:0001316c       _ssh1_bpp_start_compression 0041416c f   ssh1bpp.obj
 0001:000131e6       _ssh1_censor_packet        004141e6 f   ssh1censor.obj
 0001:000139d9       _ssh1_channel_free         004149d9 f   ssh1connection.obj
 0001:000139f4       _ssh1_channel_init         004149f4 f   ssh1connection.obj
 0001:00013ace       _ssh1_check_termination    00414ace f   ssh1connection.obj
 0001:00013d96       _ssh1_connection_new       00414d96 f   ssh1connection.obj
 0001:00013e1f       _ssh1_connection_set_protoflags 00414e1f f   ssh1connection.obj
 0001:00014117       _ssh1_connection_direction_specific_setup 00415117 f   ssh1connection-client.obj
 0001:00014146       _ssh1_connection_need_antispoof_prompt 00415146 f   ssh1connection-client.obj
 0001:000141ab       _ssh1_handle_direction_specific_packet 004151ab f   ssh1connection-client.obj
 0001:00014630       _ssh1_rportfwd_alloc       00415630 f   ssh1connection-client.obj
 0001:00014779       _ssh1_serverside_agent_open 00415779 f   ssh1connection-client.obj
 0001:00014795       _ssh1_serverside_x11_open  00415795 f   ssh1connection-client.obj
 0001:000147c0       _ssh1_session_open         004157c0 f   ssh1connection-client.obj
 0001:00016487       _ssh1_login_new            00417487 f   ssh1login.obj
 0001:000172fe       _ssh2_bpp_new              004182fe f   ssh2bpp.obj
 0001:00017349       _ssh2_bpp_new_incoming_crypto 00418349 f   ssh2bpp.obj
 0001:000174a0       _ssh2_bpp_new_outgoing_crypto 004184a0 f   ssh2bpp.obj
 0001:00017609       _ssh2_bpp_rekey_inadvisable 00418609 f   ssh2bpp.obj
 0001:00017964       _ssh2_bare_bpp_new         00418964 f   ssh2bpp-bare.obj
 0001:0001799e       _ssh2_censor_packet        0041899e f   ssh2censor.obj
 0001:00018534       _ssh2_channel_init         00419534 f   ssh2connection.obj
 0001:0001869e       _ssh2_chanopen_init        0041969e f   ssh2connection.obj
 0001:000186e6       _ssh2_chanreq_init         004196e6 f   ssh2connection.obj
 0001:000192f6       _ssh2_connection_new       0041a2f6 f   ssh2connection.obj
 0001:000193c6       _ssh2_queue_global_request_handler 0041a3c6 f   ssh2connection.obj
 0001:0001983b       _ssh2_connection_need_antispoof_prompt 0041a83b f   ssh2connection-client.obj
 0001:00019856       _ssh2_connection_parse_channel_open 0041a856 f   ssh2connection-client.obj
 0001:0001998d       _ssh2_portfwd_chanopen     0041a98d f   ssh2connection-client.obj
 0001:00019a06       _ssh2_rportfwd_alloc       0041aa06 f   ssh2connection-client.obj
 0001:00019bb2       _ssh2_rportfwd_remove      0041abb2 f   ssh2connection-client.obj
 0001:00019c56       _ssh2_serverside_agent_open 0041ac56 f   ssh2connection-client.obj
 0001:00019c72       _ssh2_serverside_x11_open  0041ac72 f   ssh2connection-client.obj
 0001:00019c8e       _ssh2_session_open         0041ac8e f   ssh2connection-client.obj
 0001:00019ced       _ssh2channel_request_agent_forwarding 0041aced f   ssh2connection-client.obj
 0001:00019d24       _ssh2channel_request_pty   0041ad24 f   ssh2connection-client.obj
 0001:00019e10       _ssh2channel_request_x11_forwarding 0041ae10 f   ssh2connection-client.obj
 0001:00019e76       _ssh2channel_send_env_var  0041ae76 f   ssh2connection-client.obj
 0001:00019ecc       _ssh2channel_send_exit_signal 0041aecc f   ssh2connection-client.obj
 0001:00019ee8       _ssh2channel_send_exit_signal_numeric 0041aee8 f   ssh2connection-client.obj
 0001:00019f04       _ssh2channel_send_exit_status 0041af04 f   ssh2connection-client.obj
 0001:00019f20       _ssh2channel_send_serial_break 0041af20 f   ssh2connection-client.obj
 0001:00019f6a       _ssh2channel_send_signal   0041af6a f   ssh2connection-client.obj
 0001:00019fb4       _ssh2channel_send_terminal_size_change 0041afb4 f   ssh2connection-client.obj
 0001:0001a00b       _ssh2channel_start_command 0041b00b f   ssh2connection-client.obj
 0001:0001a053       _ssh2channel_start_shell   0041b053 f   ssh2connection-client.obj
 0001:0001a08a       _ssh2channel_start_subsystem 0041b08a f   ssh2connection-client.obj
 0001:0001a0d4       _ssh2kex_coroutine         0041b0d4 f   ssh2kex-client.obj
 0001:0001b731       _ssh_transient_hostkey_cache_add 0041c731 f   ssh2transhk.obj
 0001:0001b7e8       _ssh_transient_hostkey_cache_free 0041c7e8 f   ssh2transhk.obj
 0001:0001b82d       _ssh_transient_hostkey_cache_has 0041c82d f   ssh2transhk.obj
 0001:0001b84a       _ssh_transient_hostkey_cache_new 0041c84a f   ssh2transhk.obj
 0001:0001b86b       _ssh_transient_hostkey_cache_non_empty 0041c86b f   ssh2transhk.obj
 0001:0001b87d       _ssh_transient_hostkey_cache_verify 0041c87d f   ssh2transhk.obj
 0001:0001ca28       _ssh2_common_filter_queue  0041da28 f   ssh2transport.obj
 0001:0001d202       _ssh2_transport_dialog_callback 0041e202 f   ssh2transport.obj
 0001:0001d2b7       _ssh2_transport_get_session_id 0041e2b7 f   ssh2transport.obj
 0001:0001d50e       _ssh2_transport_new        0041e50e f   ssh2transport.obj
 0001:0001d6a2       _ssh2_transport_notify_auth_done 0041e6a2 f   ssh2transport.obj
 0001:0001d6e3       _ssh2_transport_pop        0041e6e3 f   ssh2transport.obj
 0001:0001dfd3       _ssh2transport_finalise_exhash 0041efd3 f   ssh2transport.obj
 0001:000208fc       _ssh2_userauth_new         004218fc f   ssh2userauth.obj
 0001:000209d2       _ssh2_userauth_set_transport_layer 004219d2 f   ssh2userauth.obj
 0001:00025e36       _aes256_decrypt_pubkey     00426e36 f   sshauxcrypt.obj
 0001:00025eae       _des3_decrypt_pubkey       00426eae f   sshauxcrypt.obj
 0001:00025f4c       _des_decrypt_xdmauth       00426f4c f   sshauxcrypt.obj
 0001:00025f71       _des_encrypt_xdmauth       00426f71 f   sshauxcrypt.obj
 0001:00026024       _hash_simple               00427024 f   sshauxcrypt.obj
 0001:0002604d       _mac_simple                0042704d f   sshauxcrypt.obj
 0001:00026a39       _blowfish_expandkey        00427a39 f   sshblowf.obj
 0001:00026dbf       _blowfish_initkey          00427dbf f   sshblowf.obj
 0001:00028115       _chan_no_request_response  00429115 f   sshcommon.obj
 0001:0002821b       _add_to_commasep           0042921b f   sshcommon.obj
 0001:0002824c       _alloc_channel_id_general  0042924c f   sshcommon.obj
 0001:0002829f       _chan_default_want_close   0042929f f   sshcommon.obj
 0001:000282b3       _chan_remotely_opened_confirmation 004292b3 f   sshcommon.obj
 0001:000282cf       _chan_remotely_opened_failure 004292cf f   sshcommon.obj
 0001:000282eb       _free_rportfwd             004292eb f   sshcommon.obj
 0001:00028317       _get_commasep_word         00429317 f   sshcommon.obj
 0001:00028384       _get_ttymodes_from_conf    00429384 f   sshcommon.obj
 0001:00028579       _pq_base_concatenate       00429579 f   sshcommon.obj
 0001:00028652       _pq_base_push              00429652 f   sshcommon.obj
 0001:00028683       _pq_base_push_front        00429683 f   sshcommon.obj
 0001:00028757       _pq_in_clear               00429757 f   sshcommon.obj
 0001:00028770       _pq_in_init                00429770 f   sshcommon.obj
 0001:000287b5       _pq_out_clear              004297b5 f   sshcommon.obj
 0001:000287e0       _pq_out_init               004297e0 f   sshcommon.obj
 0001:000287f5       _read_ttymodes_from_packet 004297f5 f   sshcommon.obj
 0001:000288cd       _ssh1_common_filter_queue  004298cd f   sshcommon.obj
 0001:0002896d       _ssh1_common_get_specials  0042996d f   sshcommon.obj
 0001:00028991       _ssh1_compute_session_id   00429991 f   sshcommon.obj
 0001:00028a25       _ssh1_pkt_type             00429a25 f   sshcommon.obj
 0001:00028bf2       _ssh2_bpp_check_unimplemented 00429bf2 f   sshcommon.obj
 0001:00028c4b       _ssh2_bpp_queue_disconnect 00429c4b f   sshcommon.obj
 0001:00028c92       _ssh2_pkt_type             00429c92 f   sshcommon.obj
 0001:00029030       _ssh_bpp_common_setup      0042a030 f   sshcommon.obj
 0001:00029077       _ssh_bpp_free              0042a077 f   sshcommon.obj
 0001:00029077       _ssh_ppl_free              0042a077 f   sshcommon.obj
 0001:000290af       _ssh_free_pktout           0042a0af f   sshcommon.obj
 0001:000290c6       _ssh_new_packet            0042a0c6 f   sshcommon.obj
 0001:00029136       _ssh_ppl_replace           0042a136 f   sshcommon.obj
 0001:00029181       _ssh_ppl_setup_queues      0042a181 f   sshcommon.obj
 0001:000291bd       _ssh_ppl_user_output_string_and_free 0042a1bd f   sshcommon.obj
 0001:000291e6       _verify_ssh_manual_host_key 0042a1e6 f   sshcommon.obj
 0001:00029361       _write_ttymodes_to_packet  0042a361 f   sshcommon.obj
 0001:00029420       _zombiechan_new            0042a420 f   sshcommon.obj
 0001:00029439       _crc32_ssh1                0042a439 f   sshcrc.obj
 0001:0002944c       _crc32_update              0042a44c f   sshcrc.obj
 0001:00029562       _crcda_free_context        0042a562 f   sshcrcda.obj
 0001:0002957f       _crcda_make_context        0042a57f f   sshcrcda.obj
 0001:00029598       _detect_attack             0042a598 f   sshcrcda.obj
 0001:0002a3c9       _des_key_setup             0042b3c9 f   sshdes.obj
 0001:0002a524       _dh_cleanup                0042b524 f   sshdh.obj
 0001:0002a57b       _dh_create_e               0042b57b f   sshdh.obj
 0001:0002a5fc       _dh_find_K                 0042b5fc f   sshdh.obj
 0001:0002a62f       _dh_is_gex                 0042b62f f   sshdh.obj
 0001:0002a639       _ssh_rsakex_klen           0042b639 f   sshrsa.obj
 0001:0002a639       _dh_modulus_bit_size       0042b639 f   sshdh.obj
 0001:0002a647       _dh_setup_gex              0042b647 f   sshdh.obj
 0001:0002a67a       _dh_setup_group            0042b67a f   sshdh.obj
 0001:0002a6be       _dh_validate_f             0042b6be f   sshdh.obj
 0001:0002af20       _dss_gen_k                 0042bf20 f   sshdss.obj
 0001:0002caef       _ssh_ecdhkex_curve_textname 0042daef f   sshecc.obj
 0001:0002cafc       _ssh_ecdhkex_freekey       0042dafc f   sshecc.obj
 0001:0002cb1a       _ssh_ecdhkex_getkey        0042db1a f   sshecc.obj
 0001:0002cb30       _ssh_ecdhkex_getpublic     0042db30 f   sshecc.obj
 0001:0002cb41       _ssh_ecdhkex_newkey        0042db41 f   sshecc.obj
 0001:0002cc48       _ssh_gssapi_bind_fns       0042dc48 f   sshgssc.obj
 0001:0002d2a7       _ssh2_mac_generate         0042e2a7 f   sshmac.obj
 0001:0002d2ff       _ssh2_mac_verify           0042e2ff f   sshmac.obj
 0001:0002d32a       _ssh2_mac_verresult        0042e32a f   sshmac.obj
 0001:0002d41b       _MD5Final                  0042e41b f   sshmd5.obj
 0001:0002d512       _MD5Init                   0042e512 f   sshmd5.obj
 0001:0002e0d5       _prng_add_entropy          0042f0d5 f   sshprng.obj
 0001:0002e1d7       _prng_free                 0042f1d7 f   sshprng.obj
 0001:0002e23b       _prng_new                  0042f23b f   sshprng.obj
 0001:0002e2c2       _prng_read                 0042f2c2 f   sshprng.obj
 0001:0002e3a6       _prng_seed_begin           0042f3a6 f   sshprng.obj
 0001:0002e3ed       _prng_seed_finish          0042f3ed f   sshprng.obj
 0001:0002e48a       _find_pubkey_alg           0042f48a f   sshpubk.obj
 0001:0002e4a1       _find_pubkey_alg_len       0042f4a1 f   sshpubk.obj
 0001:0002e550       _key_type                  0042f550 f   sshpubk.obj
 0001:0002e7c7       _key_type_to_str           0042f7c7 f   sshpubk.obj
 0001:0002e84b       _openssh_loadpub           0042f84b f   sshpubk.obj
 0001:0002ebd5       _rfc4716_loadpub           0042fbd5 f   sshpubk.obj
 0001:0002ee60       _rsa_ssh1_encrypted        0042fe60 f   sshpubk.obj
 0001:0002f14c       _rsa_ssh1_loadkey          0043014c f   sshpubk.obj
 0001:0002f206       _rsa_ssh1_loadpub          00430206 f   sshpubk.obj
 0001:0002f444       _ssh2_fingerprint          00430444 f   sshpubk.obj
 0001:0002f476       _ssh2_fingerprint_blob     00430476 f   sshpubk.obj
 0001:0002f576       _ssh2_load_userkey         00430576 f   sshpubk.obj
 0001:0002fc48       _ssh2_userkey_encrypted    00430c48 f   sshpubk.obj
 0001:0002fdad       _ssh2_userkey_loadpub      00430dad f   sshpubk.obj
 0001:0003007a       _random_add_noise          0043107a f   sshrand.obj
 0001:0003009e       _random_clear              0043109e f   sshrand.obj
 0001:00030139       _random_get_savedata       00431139 f   sshrand.obj
 0001:00030173       _random_read               00431173 f   sshrand.obj
 0001:000301aa       _random_ref                004311aa f   sshrand.obj
 0001:000301c7       _random_save_seed          004311c7 f   sshrand.obj
 0001:0003024b       _random_unref              0043124b f   sshrand.obj
 0001:00030742       _rsa2_invalid              00431742 f   sshrsa.obj
 0001:00030798       _BinarySource_get_rsa_ssh1_priv 00431798 f   sshrsa.obj
 0001:000307ad       _BinarySource_get_rsa_ssh1_pub 004317ad f   sshrsa.obj
 0001:0003081c       _crt_modpow                0043181c f   sshrsa.obj
 0001:00030964       _freersakey                00431964 f   sshrsa.obj
 0001:000309ab       _freersapriv               004319ab f   sshrsa.obj
 0001:00030c14       _rsa_ssh1_decrypt          00431c14 f   sshrsa.obj
 0001:00030c19       _rsa_ssh1_encrypt          00431c19 f   sshrsa.obj
 0001:00030d6b       _rsa_ssh1_fingerprint      00431d6b f   sshrsa.obj
 0001:00030e6a       _rsa_ssh1_public_blob      00431e6a f   sshrsa.obj
 0001:00030ebd       _rsa_verify                00431ebd f   sshrsa.obj
 0001:00030fdc       _rsastr_fmt                00431fdc f   sshrsa.obj
 0001:00031007       _ssh_rsakex_encrypt        00432007 f   sshrsa.obj
 0001:00031141       _ssh_rsakex_freekey        00432141 f   sshrsa.obj
 0001:00031150       _ssh_rsakex_newkey         00432150 f   sshrsa.obj
 0001:00031cab       _SHA384_Final              00432cab f   sshsh512.obj
 0001:00031ce8       _SHA384_Init               00432ce8 f   sshsh512.obj
 0001:00032bc5       _SHA512_Final              00433bc5 f   sshsh512.obj
 0001:00032ced       _SHA512_Init               00433ced f   sshsh512.obj
 0001:00033c03       _share_activate            00434c03 f   sshshare.obj
 0001:00033f18       _share_dead_xchannel_respond 00434f18 f   sshshare.obj
 0001:00034a81       _share_got_pkt_from_server 00435a81 f   sshshare.obj
 0001:00034d87       _share_ndownstreams        00435d87 f   sshshare.obj
 0001:00034e96       _share_setup_x11_channel   00435e96 f   sshshare.obj
 0001:00035242       _share_xchannel_confirmation 00436242 f   sshshare.obj
 0001:000352ef       _share_xchannel_failure    004362ef f   sshshare.obj
 0001:00035365       _sharestate_free           00436365 f   sshshare.obj
 0001:000353bf       _ssh_connection_sharing_init 004363bf f   sshshare.obj
 0001:000355bb       _ssh_connshare_provide_connlayer 004365bb f   sshshare.obj
 0001:000355c7       _ssh_share_sockname        004365c7 f   sshshare.obj
 0001:00035630       _ssh_share_test_for_upstream 00436630 f   sshshare.obj
 0001:00036171       _ssh_verstring_get_bugs    00437171 f   sshverstring.obj
 0001:00036179       _ssh_verstring_get_remote  00437179 f   sshverstring.obj
 0001:00036183       _ssh_verstring_new         00437183 f   sshverstring.obj
 0001:00036309       _zlib_compress_init        00437309 f   sshzlib.obj
 0001:000363a5       _zlib_compress_cleanup     004373a5 f   sshzlib.obj
 0001:000363d7       _zlib_compress_block       004373d7 f   sshzlib.obj
 0001:00036496       _zlib_decompress_init      00437496 f   sshzlib.obj
 0001:00036579       _zlib_decompress_cleanup   00437579 f   sshzlib.obj
 0001:000365e7       _zlib_decompress_block     004375e7 f   sshzlib.obj
 0001:0003772d       _stripctrl_enable_line_limiting 0043872d f   stripctrl.obj
 0001:00037738       _stripctrl_free            00438738 f   stripctrl.obj
 0001:000379d9       _stripctrl_new             004389d9 f   stripctrl.obj
 0001:00037a3a       _stripctrl_reset           00438a3a f   stripctrl.obj
 0001:00037a6f       _stripctrl_retarget        00438a6f f   stripctrl.obj
 0001:00037a82       _stripctrl_string_ptrlen   00438a82 f   stripctrl.obj
 0001:00037b15       _expire_timer_context      00438b15 f   timing.obj
 0001:00037b62       _run_timers                00438b62 f   timing.obj
 0001:00037c07       _schedule_timer            00438c07 f   timing.obj
 0001:00037c9a       _timing_last_clock         00438c9a f   timing.obj
 0001:00037ca0       _add234                    00438ca0 f   tree234.obj
 0001:0003820c       _count234                  0043920c f   tree234.obj
 0001:00038258       _del234                    00439258 f   tree234.obj
 0001:00038287       _delpos234                 00439287 f   tree234.obj
 0001:00038759       _find234                   00439759 f   tree234.obj
 0001:00038772       _findrel234                00439772 f   tree234.obj
 0001:0003878d       _findrelpos234             0043978d f   tree234.obj
 0001:000388c4       _freetree234               004398c4 f   tree234.obj
 0001:000388da       _index234                  004398da f   tree234.obj
 0001:00038950       _newtree234                00439950 f   tree234.obj
 0001:00038969       _search234_start           00439969 f   tree234.obj
 0001:00038989       _search234_step            00439989 f   tree234.obj
 0001:00038a7a       _base64_decode_atom        00439a7a f   utils.obj
 0001:00038b66       _base64_encode_atom        00439b66 f   utils.obj
 0001:00038be2       _bufchain_add              00439be2 f   utils.obj
 0001:00038c84       _bufchain_clear            00439c84 f   utils.obj
 0001:00038cb6       _bufchain_consume          00439cb6 f   utils.obj
 0001:00038d41       _bufchain_fetch            00439d41 f   utils.obj
 0001:00038db3       _bufchain_fetch_consume    00439db3 f   utils.obj
 0001:00038dd4       _bufchain_fetch_consume_up_to 00439dd4 f   utils.obj
 0001:00038dfa       _bufchain_init             00439dfa f   utils.obj
 0001:00038e13       _bufchain_prefix           00439e13 f   utils.obj
 0001:00038e22       _bufchain_set_callback_inner 00439e22 f   utils.obj
 0001:00038e35       _bufchain_size             00439e35 f   utils.obj
 0001:00038e3d       _bufchain_try_fetch_consume 00439e3d f   utils.obj
 0001:00038e5e       _chomp                     00439e5e f   utils.obj
 0001:00038e8b       _ctrlparse                 00439e8b f   utils.obj
 0001:00038f09       _dupcat                    00439f09 f   utils.obj
 0001:00038f88       _dupprintf                 00439f88 f   utils.obj
 0001:00038f99       _dupstr                    00439f99 f   utils.obj
 0001:00038fc8       _dupvprintf                00439fc8 f   utils.obj
 0001:0003905e       _fgetline                  0043a05e f   utils.obj
 0001:000390e6       _host_strchr               0043a0e6 f   utils.obj
 0001:0003915a       _host_strcspn              0043a15a f   utils.obj
 0001:00039180       _host_strduptrim           0043a180 f   utils.obj
 0001:00039205       _host_strrchr              0043a205 f   utils.obj
 0001:00039225       _mkstr                     0043a225 f   utils.obj
 0001:00039251       _nullstrcmp                0043a251 f   utils.obj
 0001:00039274       _parse_blocksize           0043a274 f   utils.obj
 0001:000392e5       _ptrlen_endswith           0043a2e5 f   utils.obj
 0001:00039328       _ptrlen_eq_ptrlen          0043a328 f   utils.obj
 0001:0003934d       _ptrlen_eq_string          0043a34d f   utils.obj
 0001:00039378       _smemeq                    0043a378 f   utils.obj
 0001:000393d8       _strbuf_append             0043a3d8 f   utils.obj
 0001:00039416       _strbuf_catf               0043a416 f   utils.obj
 0001:0003942c       _strbuf_catfv              0043a42c f   utils.obj
 0001:00039461       _strbuf_finalise_agent_query 0043a461 f   utils.obj
 0001:000394a8       _strbuf_free               0043a4a8 f   utils.obj
 0001:000394d3       _strbuf_new                0043a4d3 f   utils.obj
 0001:000394dc       _strbuf_new_for_agent_query 0043a4dc f   utils.obj
 0001:0003953c       _strbuf_new_nm             0043a53c f   utils.obj
 0001:00039545       _strbuf_to_str             0043a545 f   utils.obj
 0001:0003955a       _string_length_for_printf  0043a55a f   utils.obj
 0001:00039585       _vsnprintf                 0043a585 f i utils.obj
 0001:000395fe       _mk_wcwidth                0043a5fe f   wcwidth.obj
 0001:00039655       _wc_match                  0043a655 f   wildcard.obj
 0001:000398d2       _wc_unescape               0043a8d2 f   wildcard.obj
 0001:00039918       _got_crypt                 0043a918 f   wincapi.obj
 0001:00039a82       _cleanup_exit              0043aa82 f   wincons.obj
 0001:00039a96       _console_confirm_weak_cached_hostkey 0043aa96 f   wincons.obj
 0001:00039b6f       _console_confirm_weak_crypto_primitive 0043ab6f f   wincons.obj
 0001:00039c48       _console_connection_fatal  0043ac48 f   wincons.obj
 0001:00039c60       _console_get_userpass_input 0043ac60 f   wincons.obj
 0001:00039eb6       _console_print_error_msg   0043aeb6 f   wincons.obj
 0001:00039f0a       _console_print_error_msg_fmt_v 0043af0a f   wincons.obj
 0001:00039f2f       _console_stripctrl_new     0043af2f f   wincons.obj
 0001:00039f40       _console_verify_ssh_host_key 0043af40 f   wincons.obj
 0001:0003a0c6       _modalfatalbox             0043b0c6 f   wincons.obj
 0001:0003a0e4       _nonfatal                  0043b0e4 f   wincons.obj
 0001:0003a0fb       _old_keyfile_warning       0043b0fb f   wincons.obj
 0001:0003a111       _pgp_fingerprints          0043b111 f   wincons.obj
 0001:0003a127       _platform_default_b        0043b127 f   windefs.obj
 0001:0003a12c       _platform_default_filename 0043b12c f   windefs.obj
 0001:0003a153       _platform_default_fontspec 0043b153 f   windefs.obj
 0001:0003a185       _platform_default_i        0043b185 f   windefs.obj
 0001:0003a18a       _platform_default_s        0043b18a f   windefs.obj
 0001:0003a2a5       _ssh_gss_cleanup           0043b2a5 f   wingss.obj
 0001:0003a2ef       _ssh_gss_setup             0043b2ef f   wingss.obj
 0001:0003ab29       _handle_add_foreign_event  0043bb29 f   winhandl.obj
 0001:0003abd6       _handle_free               0043bbd6 f   winhandl.obj
 0001:0003ac31       _handle_get_events         0043bc31 f   winhandl.obj
 0001:0003ac9f       _handle_got_event          0043bc9f f   winhandl.obj
 0001:0003adbc       _handle_input_new          0043bdbc f   winhandl.obj
 0001:0003aff5       _handle_output_new         0043bff5 f   winhandl.obj
 0001:0003b250       _handle_unthrottle         0043c250 f   winhandl.obj
 0001:0003b282       _handle_write              0043c282 f   winhandl.obj
 0001:0003b2e4       _handle_write_eof          0043c2e4 f   winhandl.obj
 0001:0003b675       _make_handle_socket        0043c675 f   winhsock.obj
 0001:0003b720       _dll_hijacking_protection  0043c720 f   winmisc.obj
 0001:0003b786       _escape_registry_key       0043c786 f   winmisc.obj
 0001:0003b810       _filename_char_sanitise    0043c810 f   winmisc.obj
 0001:0003b834       _filename_copy             0043c834 f   winmisc.obj
 0001:0003b841       _fontspec_free             0043c841 f   winmisc.obj
 0001:0003b841       _filename_free             0043c841 f   winmisc.obj
 0001:0003b857       _filename_from_str         0043c857 f   winmisc.obj
 0001:0003b877       _filename_is_null          0043c877 f   winmisc.obj
 0001:0003b884       _filename_to_str           0043c884 f   winmisc.obj
 0001:0003b88b       _fontspec_copy             0043c88b f   winmisc.obj
 0001:0003b8a5       _fontspec_new              0043c8a5 f   winmisc.obj
 0001:0003b8da       _get_username              0043c8da f   winmisc.obj
 0001:0003b9d2       _load_system32_dll         0043c9d2 f   winmisc.obj
 0001:0003ba4b       _open_for_write_would_lose_data 0043ca4b f   winmisc.obj
 0001:0003ba94       _platform_get_x_display    0043ca94 f   winmisc.obj
 0001:0003baa7       _win_strerror              0043caa7 f   winmisc.obj
 0001:0003bbb8       _smemclr                   0043cbb8 f   winmiscs.obj
 0001:0003bea8       _IN6_IS_ADDR_LOOPBACK      0043cea8 f i winnet.obj
 0001:0003bf1e       _first_socket              0043cf1e f   winnet.obj
 0001:0003bfe2       _net_service_lookup        0043cfe2 f   winnet.obj
 0001:0003c004       _next_socket               0043d004 f   winnet.obj
 0001:0003c029       _platform_get_x11_unix_address 0043d029 f   winnet.obj
 0001:0003c05a       _select_result             0043d05a f   winnet.obj
 0001:0003c40a       _sk_addr_dup               0043d40a f   winnet.obj
 0001:0003c411       _sk_addr_error             0043d411 f   winnet.obj
 0001:0003c419       _sk_addr_free              0043d419 f   winnet.obj
 0001:0003c451       _sk_addr_needs_port        0043d451 f   winnet.obj
 0001:0003c45d       _sk_addrcopy               0043d45d f   winnet.obj
 0001:0003c523       _sk_address_is_local       0043d523 f   winnet.obj
 0001:0003c5c2       _sk_addrtype               0043d5c2 f   winnet.obj
 0001:0003c5f5       _sk_cleanup                0043d5f5 f   winnet.obj
 0001:0003c6ac       _sk_getaddr                0043d6ac f   winnet.obj
 0001:0003c774       _sk_hostname_is_local      0043d774 f   winnet.obj
 0001:0003c7b9       _sk_init                   0043d7b9 f   winnet.obj
 0001:0003ccae       _sk_namedpipe_addr         0043dcae f   winnet.obj
 0001:0003ccf9       _sk_namelookup             0043dcf9 f   winnet.obj
 0001:0003d01e       _sk_new                    0043e01e f   winnet.obj
 0001:0003d0b8       _sk_newlistener            0043e0b8 f   winnet.obj
 0001:0003d3eb       _sk_nonamelookup           0043e3eb f   winnet.obj
 0001:0003d4a4       _socket_writable           0043e4a4 f   winnet.obj
 0001:0003d878       _try_send                  0043e878 f   winnet.obj
 0001:0003d95f       _winsock_error_string      0043e95f f   winnet.obj
 0001:0003db4d       _noise_get_heavy           0043eb4d f   winnoise.obj
 0001:0003dc22       _noise_regular             0043ec22 f   winnoise.obj
 0001:0003dd35       _noise_ultralight          0043ed35 f   winnoise.obj
 0001:0003dd85       _prng_reseed_time_ms       0043ed85 f   winnoise.obj
 0001:0003ddaf       _win_read_random           0043edaf f   winnoise.obj
 0001:0003de89       _new_named_pipe_client     0043ee89 f   winnpc.obj
 0001:0003e1c8       _new_named_pipe_listener   0043f1c8 f   winnps.obj
 0001:0003e2db       _agent_cancel_query        0043f2db f   winpgntc.obj
 0001:0003e2f4       _agent_exists              0043f2f4 f   winpgntc.obj
 0001:0003e307       _agent_query               0043f307 f   winpgntc.obj
 0001:0003e4cd       _platform_new_connection   0043f4cd f   winproxy.obj
 0001:0003e6e3       _get_user_sid              0043f6e3 f   winsecur.obj
 0001:0003e800       _getsids                   0043f800 f   winsecur.obj
 0001:0003e8e4       _got_advapi                0043f8e4 f   winsecur.obj
 0001:0003ea0b       _make_private_security_descriptor 0043fa0b f   winsecur.obj
 0001:0003eca0       _restrict_process_acl      0043fca0 f   winsecur.obj
 0001:0003ecc7       _begin_wildcard_matching   0043fcc7 f   winsftp.obj
 0001:0003ed6d       _close_directory           0043fd6d f   winsftp.obj
 0001:0003ed92       _close_wfile               0043fd92 f   winsftp.obj
 0001:0003ed92       _close_rfile               0043fd92 f   winsftp.obj
 0001:0003edcb       _create_directory          0043fdcb f   winsftp.obj
 0001:0003eddd       _dir_file_cat              0043fddd f   winsftp.obj
 0001:0003ee39       _do_eventsel_loop          0043fe39 f   winsftp.obj
 0001:0003f02e       _do_select                 0044002e f   winsftp.obj
 0001:0003f0a3       _file_type                 004400a3 f   winsftp.obj
 0001:0003f0bf       _filexfer_get_userpass_input 004400bf f   winsftp.obj
 0001:0003f0d9       _finish_wildcard_matching  004400d9 f   winsftp.obj
 0001:0003f107       _get_file_posn             00440107 f   winsftp.obj
 0001:0003f12b       _main                      0044012b f   winsftp.obj
 0001:0003f135       _open_directory            00440135 f   winsftp.obj
 0001:0003f1c3       _open_existing_file        004401c3 f   winsftp.obj
 0001:0003f298       _open_existing_wfile       00440298 f   winsftp.obj
 0001:0003f2fc       _open_new_file             004402fc f   winsftp.obj
 0001:0003f336       _platform_psftp_pre_conn_setup 00440336 f   winsftp.obj
 0001:0003f353       _psftp_getcwd              00440353 f   winsftp.obj
 0001:0003f394       _psftp_lcd                 00440394 f   winsftp.obj
 0001:0003f3f4       _read_filename             004403f4 f   winsftp.obj
 0001:0003f498       _read_from_file            00440498 f   winsftp.obj
 0001:0003f4c2       _seek_file                 004404c2 f   winsftp.obj
 0001:0003f50c       _ssh_sftp_get_cmdline      0044050c f   winsftp.obj
 0001:0003f5ee       _ssh_sftp_loop_iteration   004405ee f   winsftp.obj
 0001:0003f6f4       _stripslashes              004406f4 f   winsftp.obj
 0001:0003f73e       _test_wildcard             0044073e f   winsftp.obj
 0001:0003f794       _vet_filename              00440794 f   winsftp.obj
 0001:0003f7de       _wildcard_get_filename     004407de f   winsftp.obj
 0001:0003f867       _write_to_file             00440867 f   winsftp.obj
 0001:0003f982       _platform_ssh_share        00440982 f   winshare.obj
 0001:0003fdf1       _close_settings_r          00440df1 f   winstore.obj
 0001:0003fe0b       _have_ssh_host_key         00440e0b f   winstore.obj
 0001:0003fe51       _open_settings_r           00440e51 f   winstore.obj
 0001:0003fee1       _read_random_seed          00440ee1 f   winstore.obj
 0001:0003ff60       _read_setting_filename     00440f60 f   winstore.obj
 0001:0003ff90       _read_setting_fontspec     00440f90 f   winstore.obj
 0001:0004006d       _read_setting_i            0044106d f   winstore.obj
 0001:000400b0       _read_setting_s            004410b0 f   winstore.obj
 0001:00040155       _store_host_key            00441155 f   winstore.obj
 0001:00040275       _verify_host_key           00441275 f   winstore.obj
 0001:000404ad       _write_random_seed         004414ad f   winstore.obj
 0001:000404de       _ltime                     004414de f   wintime.obj
 0001:00040563       _mb_to_wc                  00441563 f   winucs.obj
 0001:00040a86       _x11_authcmp               00441a86 f   x11fwd.obj
 0001:00040aeb       _x11_dehexify              00441aeb f   x11fwd.obj
 0001:00040b5a       _x11_free_display          00441b5a f   x11fwd.obj
 0001:00040b9f       _x11_free_fake_auth        00441b9f f   x11fwd.obj
 0001:00040c17       _x11_identify_auth_proto   00441c17 f   x11fwd.obj
 0001:00040c45       _x11_invent_fake_auth      00441c45 f   x11fwd.obj
 0001:00040d9d       _x11_make_greeting         00441d9d f   x11fwd.obj
 0001:00040f74       _x11_new_channel           00441f74 f   x11fwd.obj
 0001:00041111       _x11_setup_display         00442111 f   x11fwd.obj
 0001:00041636       @__security_check_cookie@4 00442636 f   LIBCMT:secchk.obj
 0001:00041650       __alloca_probe             00442650 f   LIBCMT:chkstk.obj
 0001:00041650       __chkstk                   00442650 f   LIBCMT:chkstk.obj
 0001:00041680       __allmul                   00442680 f   LIBCMT:llmul.obj
 0001:000416c0       __allshl                   004426c0 f   LIBCMT:llshl.obj
 0001:000416e0       __aullshr                  004426e0 f   LIBCMT:ullshr.obj
 0001:000416ff       ___raise_securityfailure   004426ff f   LIBCMT:gs_report.obj
 0001:00041727       ___report_gsfailure        00442727 f   LIBCMT:gs_report.obj
 0001:00041820       ___report_rangecheckfailure 00442820 f   LIBCMT:gs_report.obj
 0001:0004182c       ___report_securityfailure  0044282c f   LIBCMT:gs_report.obj
 0001:00041900       __aulldiv                  00442900 f   LIBCMT:ulldiv.obj
 0001:00041baf       _mainCRTStartup            00442baf f   LIBCMT:exe_main.obj
 0001:00041bfd       ___scrt_acquire_startup_lock 00442bfd f   LIBCMT:utility.obj
 0001:00041c2f       ___scrt_initialize_crt     00442c2f f   LIBCMT:utility.obj
 0001:00041c68       ___scrt_initialize_onexit_tables 00442c68 f   LIBCMT:utility.obj
 0001:00041cef       ___scrt_is_nonwritable_in_current_image 00442cef f   LIBCMT:utility.obj
 0001:00041d83       ___scrt_release_startup_lock 00442d83 f   LIBCMT:utility.obj
 0001:00041da0       ___scrt_uninitialize_crt   00442da0 f   LIBCMT:utility.obj
 0001:00041dc8       __onexit                   00442dc8 f   LIBCMT:utility.obj
 0001:00041df5       _atexit                    00442df5 f   LIBCMT:utility.obj
 0001:00041e57       ___security_init_cookie    00442e57 f   LIBCMT:gs_support.obj
 0001:00041ea2       __get_startup_file_mode    00442ea2 f   LIBCMT:file_mode.obj
 0001:00041ea8       ?__scrt_initialize_type_info@@YAXXZ 00442ea8 f   LIBCMT:tncleanup.obj
 0001:00041eb4       __initialize_default_precision 00442eb4 f   LIBCMT:default_precision.obj
 0001:00041ed5       ___scrt_initialize_default_local_stdio_options 00442ed5 f   LIBCMT:default_local_stdio_options.obj
 0001:00041ef2       ___scrt_is_user_matherr_present 00442ef2 f   LIBCMT:matherr_detection.obj
 0001:00041efe       ___scrt_get_dyn_tls_init_callback 00442efe f   LIBCMT:dyn_tls_init.obj
 0001:00041f04       ___scrt_get_dyn_tls_dtor_callback 00442f04 f   LIBCMT:dyn_tls_dtor.obj
 0001:00041f0a       ___scrt_fastfail           00442f0a f   LIBCMT:utility_desktop.obj
 0001:00042024       ___scrt_initialize_mta     00443024 f   LIBCMT:utility_desktop.obj
 0001:00042029       ___scrt_is_managed_app     00443029 f   LIBCMT:utility_desktop.obj
 0001:0004206c       ___scrt_set_unhandled_exception_filter 0044306c f   LIBCMT:utility_desktop.obj
 0001:00042078       ___scrt_unhandled_exception_filter@4 00443078 f   LIBCMT:utility_desktop.obj
 0001:000420b9       __crt_debugger_hook        004430b9 f   LIBCMT:utility_desktop.obj
 0001:000420c1       __RTC_Initialize           004430c1 f   LIBCMT:initsect.obj
 0001:000420ed       __RTC_Terminate            004430ed f   LIBCMT:initsect.obj
 0001:00042120       __SEH_prolog4              00443120 f   LIBCMT:sehprolg4.obj
 0001:00042166       __SEH_epilog4              00443166 f   LIBCMT:sehprolg4.obj
 0001:0004217b       ___isa_available_init      0044317b f   LIBCMT:cpu_disp.obj
 0001:00042312       ___scrt_is_ucrt_dll_in_use 00443312 f   LIBCMT:ucrt_detection.obj
 0001:0004231e       _IsProcessorFeaturePresent@4 0044331e f   kernel32:KERNEL32.dll
 0001:00042330       _memchr                    00443330 f   libvcruntime:memchr.obj
 0001:000423e0       _memcpy                    004433e0 f   libvcruntime:memcpy.obj
 0001:00042960       _memmove                   00443960 f   libvcruntime:memmove.obj
 0001:00042ee0       _strchr                    00443ee0 f   libvcruntime:strchr.obj
 0001:00042f4e       ___from_strstr_to_strchr   00443f4e     libvcruntime:strchr.obj
 0001:00043010       _strrchr                   00444010 f   libvcruntime:strrchr.obj
 0001:00043150       _memset                    00444150 f   libvcruntime:memset.obj
 0001:000432aa       _memcmp                    004442aa f   libvcruntime:memcmp.obj
 0001:00044250       _strstr                    00445250 f   libvcruntime:strstr.obj
 0001:00044500       __except_handler4          00445500 f   libvcruntime:chandler4.obj
 0001:0004465e       ___vcrt_initialize         0044565e f   libvcruntime:initialization.obj
 0001:0004467d       ___vcrt_uninitialize       0044567d f   libvcruntime:initialization.obj
 0001:00044694       ___std_type_info_compare   00445694 f   libvcruntime:std_type_info.obj
 0001:000446d0       __local_unwind4            004456d0 f   libvcruntime:exsup4.obj
 0001:000447a8       __seh_longjmp_unwind4@4    004457a8 f   libvcruntime:exsup4.obj
 0001:000447d0       @_EH4_CallFilterFunc@8     004457d0 f   libvcruntime:exsup4.obj
 0001:000447e8       @_EH4_TransferToHandler@8  004457e8 f   libvcruntime:exsup4.obj
 0001:00044804       @_EH4_GlobalUnwind2@8      00445804 f   libvcruntime:exsup4.obj
 0001:00044820       @_EH4_LocalUnwind@16       00445820 f   libvcruntime:exsup4.obj
 0001:00044837       ___except_validate_context_record 00445837 f   libvcruntime:jbcxrval.obj
 0001:00044867       ___except_validate_jump_buffer 00445867 f   libvcruntime:jbcxrval.obj
 0001:00044894       ___vcrt_freefls@4          00445894 f   libvcruntime:per_thread_data.obj
 0001:000448b0       ___vcrt_getptd             004458b0 f   libvcruntime:per_thread_data.obj
 0001:000448be       ___vcrt_getptd_noexit      004458be f   libvcruntime:per_thread_data.obj
 0001:00044950       ___vcrt_initialize_ptd     00445950 f   libvcruntime:per_thread_data.obj
 0001:00044983       ___vcrt_uninitialize_ptd   00445983 f   libvcruntime:per_thread_data.obj
 0001:0004499e       ___vcrt_initialize_locks   0044599e f   libvcruntime:locks.obj
 0001:000449da       ___vcrt_uninitialize_locks 004459da f   libvcruntime:locks.obj
 0001:00044a10       __global_unwind2           00445a10 f   libvcruntime:exsup.obj
 0001:00044a76       __local_unwind2            00445a76 f   libvcruntime:exsup.obj
 0001:00044afa       __abnormal_termination     00445afa f   libvcruntime:exsup.obj
 0001:00044b20       __NLG_Notify1              00445b20 f   libvcruntime:exsup.obj
 0001:00044b2c       __NLG_Notify               00445b2c f   libvcruntime:exsup.obj
 0001:00044b43       __NLG_Dispatch             00445b43     libvcruntime:exsup.obj
 0001:00044b43       __NLG_Dispatch2            00445b43     libvcruntime:exsup.obj
 0001:00044b4b       __NLG_Call                 00445b4b f   libvcruntime:exsup.obj
 0001:00044b4d       __NLG_Return2              00445b4d     libvcruntime:exsup.obj
 0001:00044c43       ___vcrt_FlsAlloc           00445c43 f   libvcruntime:winapi_downlevel.obj
 0001:00044c7e       ___vcrt_FlsFree            00445c7e f   libvcruntime:winapi_downlevel.obj
 0001:00044cb9       ___vcrt_FlsGetValue        00445cb9 f   libvcruntime:winapi_downlevel.obj
 0001:00044cf4       ___vcrt_FlsSetValue        00445cf4 f   libvcruntime:winapi_downlevel.obj
 0001:00044d32       ___vcrt_InitializeCriticalSectionEx 00445d32 f   libvcruntime:winapi_downlevel.obj
 0001:00044d79       ?GetRangeOfTrysToCheck@__FrameHandler3@@SA?AU?$pair@Viterator@TryBlockMap@__FrameHandler3@@V123@@std@@AAVTryBlockMap@1@HPAXPBU_s_FuncInfo@@H@Z 00445d79 f   libvcruntime:trnsctrl.obj
 0001:00044de9       ?_CallCatchBlock2@@YAPAXPAUEHRegistrationNode@@PBU_s_FuncInfo@@PAXHK@Z 00445de9 f   libvcruntime:trnsctrl.obj
 0001:00044e47       ?_CallSETranslator@@YAHPAUEHExceptionRecord@@PAUEHRegistrationNode@@PAX2PBU_s_FuncInfo@@H1@Z 00445e47 f   libvcruntime:trnsctrl.obj
 0001:00044f2d       ?_JumpToContinuation@@YGXPAXPAUEHRegistrationNode@@@Z 00445f2d f   libvcruntime:trnsctrl.obj
 0001:00044f5d       ?_UnwindNestedFrames@@YGXPAUEHRegistrationNode@@PAUEHExceptionRecord@@@Z 00445f5d f   libvcruntime:trnsctrl.obj
 0001:00044fb0       __CatchGuardHandler        00445fb0 f   libvcruntime:trnsctrl.obj
 0001:00044fe1       __CreateFrameInfo          00445fe1 f   libvcruntime:trnsctrl.obj
 0001:00045005       __FindAndUnlinkFrame       00446005 f   libvcruntime:trnsctrl.obj
 0001:0004504d       __TranslatorGuardHandler   0044604d f   libvcruntime:trnsctrl.obj
 0001:000450ea       ___CxxFrameHandler3        004460ea f   libvcruntime:trnsctrl.obj
 0001:0004584c       ??$TypeMatchHelper@V__FrameHandler3@@@@YAHPBU_s_HandlerType@@PBU_s_CatchableType@@PBU_s_ThrowInfo@@@Z 0044684c f i libvcruntime:frame.obj
 0001:000458da       ??$__InternalCxxFrameHandler@V__FrameHandler3@@@@YA?AW4_EXCEPTION_DISPOSITION@@PAUEHExceptionRecord@@PAUEHRegistrationNode@@PAU_CONTEXT@@PAXPBU_s_FuncInfo@@H1E@Z 004468da f i libvcruntime:frame.obj
 0001:000459dc       ??0bad_exception@std@@QAE@ABV01@@Z 004469dc f i libvcruntime:frame.obj
 0001:000459f7       ??0bad_exception@std@@QAE@XZ 004469f7 f i libvcruntime:frame.obj
 0001:00045a0f       ??0exception@std@@QAE@ABV01@@Z 00446a0f f i libvcruntime:frame.obj
 0001:00045a3b       ??1bad_exception@std@@UAE@XZ 00446a3b f i libvcruntime:frame.obj
 0001:00045a4c       ??8type_info@@QBE_NABV0@@Z 00446a4c f i libvcruntime:frame.obj
 0001:00045a6b       ??_Ebad_exception@std@@UAEPAXI@Z 00446a6b f i libvcruntime:frame.obj
 0001:00045a6b       ??_Eexception@std@@UAEPAXI@Z 00446a6b f i libvcruntime:frame.obj
 0001:00045a6b       ??_Gexception@std@@UAEPAXI@Z 00446a6b f i libvcruntime:frame.obj
 0001:00045a6b       ??_Gbad_exception@std@@UAEPAXI@Z 00446a6b f i libvcruntime:frame.obj
 0001:00045ce0       ?FrameUnwindToEmptyState@__FrameHandler3@@SAXPAUEHRegistrationNode@@PAXPBU_s_FuncInfo@@@Z 00446ce0 f   libvcruntime:frame.obj
 0001:00045cf8       ?FrameUnwindToState@__FrameHandler3@@SAXPAUEHRegistrationNode@@PAXPBU_s_FuncInfo@@H@Z 00446cf8 f   libvcruntime:frame.obj
 0001:00045e7a       ?_CallMemberFunction1@@YGXQAX00@Z 00446e7a f i libvcruntime:frame.obj
 0001:00045e8a       ?_CallMemberFunction2@@YGXQAX00H@Z 00446e8a f i libvcruntime:frame.obj
 0001:00045e9d       ?getESTypes@__FrameHandler3@@SAPBU_s_ESTypeList@@PBU_s_FuncInfo@@@Z 00446e9d f i libvcruntime:frame.obj
 0001:00045ea8       ?what@exception@std@@UBEPBDXZ 00446ea8 f i libvcruntime:frame.obj
 0001:00045ec0       __CallSettingFrame@12      00446ec0 f   libvcruntime:lowhelpr.obj
 0001:00045ee7       __NLG_Return               00446ee7     libvcruntime:lowhelpr.obj
 0001:00045f0c       _unexpected                00446f0c f   libvcruntime:unexpected.obj
 0001:00045f29       ?GetCurrentState@__FrameHandler3@@SAHPAUEHRegistrationNode@@PAXPBU_s_FuncInfo@@@Z 00446f29 f   libvcruntime:ehstate.obj
 0001:00045f46       ?SetState@__FrameHandler3@@SAXPAUEHRegistrationNode@@PBU_s_FuncInfo@@H@Z 00446f46 f   libvcruntime:ehstate.obj
 0001:00045f54       ___DestructExceptionObject 00446f54 f   libvcruntime:ehhelpers.obj
 0001:00045ff4       ?_CallMemberFunction0@@YGXQAX0@Z 00446ff4 f i libvcruntime:ehhelpers.obj
 0001:00046001       __IsExceptionObjectToBeDestroyed 00447001 f   libvcruntime:ehhelpers.obj
 0001:00046027       ___AdjustPointer           00447027 f   libvcruntime:ehhelpers.obj
 0001:0004604c       ___FrameUnwindFilter       0044704c f   libvcruntime:ehhelpers.obj
 0001:00046091       ___std_exception_copy      00447091 f   libvcruntime:std_exception.obj
 0001:000460f4       ___std_exception_destroy   004470f4 f   libvcruntime:std_exception.obj
 0001:00046113       __CxxThrowException@8      00447113 f   libvcruntime:throw.obj
 0001:0004677f       ??$ftprintf@PAU_iobuf@@PB_WABQB_WABQB_WABI@?$__crt_char_traits@_W@@SAH$$QAPAU_iobuf@@$$QAPB_WABQB_W2ABI@Z 0044777f f i libucrt:assert.obj
 0001:0004685c       __vfwprintf_l              0044785c f i libucrt:assert.obj
 0001:00046881       __vswprintf_c_l            00447881 f i libucrt:assert.obj
 0001:000468b0       __wassert                  004478b0 f   libucrt:assert.obj
 0001:000468f8       _fwprintf                  004478f8 f i libucrt:assert.obj
 0001:00046994       _swprintf                  00447994 f i libucrt:assert.obj
 0001:000469c0       _strlen                    004479c0 f   libucrt:strlen.obj
 0001:00046a4b       __fclose_nolock            00447a4b f   libucrt:fclose.obj
 0001:00046ac2       _fclose                    00447ac2 f   libucrt:fclose.obj
 0001:00046bfd       _fopen                     00447bfd f   libucrt:fopen.obj
 0001:00046c14       __fread_nolock_s           00447c14 f   libucrt:fread.obj
 0001:00046dfa       _fread                     00447dfa f   libucrt:fread.obj
 0001:00046e17       _fread_s                   00447e17 f   libucrt:fread.obj
 0001:00046eb4       ??$is_overflow_condition@K@__crt_strtox@@YA_NIK@Z 00447eb4 f i libucrt:atox.obj
 0001:00046ee5       ??$is_overflow_condition@_K@__crt_strtox@@YA_NI_K@Z 00447ee5 f i libucrt:atox.obj
 0001:00046f26       ??$parse_integer@KV?$c_string_character_source@D@__crt_strtox@@@__crt_strtox@@YAKQAU__crt_locale_pointers@@V?$c_string_character_source@D@0@H_N@Z 00447f26 f i libucrt:atox.obj
 0001:0004714b       ??$parse_integer@KV?$c_string_character_source@_W@__crt_strtox@@@__crt_strtox@@YAKQAU__crt_locale_pointers@@V?$c_string_character_source@_W@0@H_N@Z 0044814b f i libucrt:atox.obj
 0001:00047753       ??$parse_integer@_KV?$c_string_character_source@D@__crt_strtox@@@__crt_strtox@@YA_KQAU__crt_locale_pointers@@V?$c_string_character_source@D@0@H_N@Z 00448753 f i libucrt:atox.obj
 0001:000479f9       ??0_LocaleUpdate@@QAE@QAU__crt_locale_pointers@@@Z 004489f9 f i libucrt:atox.obj
 0001:00047a7c       ??1_LocaleUpdate@@QAE@XZ   00448a7c f i libucrt:atox.obj
 0001:00047a8c       ?unget@?$c_string_character_source@D@__crt_strtox@@QAEXD@Z 00448a8c f i libucrt:atox.obj
 0001:00047ab5       ?unget@?$c_string_character_source@_W@__crt_strtox@@QAEX_W@Z 00448ab5 f i libucrt:atox.obj
 0001:00047ae3       ?validate@?$string_output_adapter@D@__crt_stdio_output@@QBE_NXZ 00448ae3 f i libucrt:output.obj
 0001:00047ae3       ?validate@?$string_output_adapter@_W@__crt_stdio_output@@QBE_NXZ 00448ae3 f i libucrt:output.obj
 0001:00047ae3       ?validate@?$c_string_character_source@D@__crt_strtox@@QBE_NXZ 00448ae3 f i libucrt:atox.obj
 0001:00047ae3       ?validate@?$c_string_character_source@_W@__crt_strtox@@QBE_NXZ 00448ae3 f i libucrt:atox.obj
 0001:00047ae3       ?validate@?$stream_output_adapter@_W@__crt_stdio_output@@QBE_NXZ 00448ae3 f i libucrt:output.obj
 0001:00047afe       ___acrt_locale_get_ctype_array_value 00448afe f i libucrt:atox.obj
 0001:00047b20       __ischartype_l             00448b20 f i libucrt:atox.obj
 0001:00047b74       __wtol                     00448b74 f   libucrt:atox.obj
 0001:00047b97       _atol                      00448b97 f   libucrt:atox.obj
 0001:00047b97       _atoi                      00448b97 f   libucrt:atox.obj
 0001:00047bc0       _strcmp                    00448bc0 f   libucrt:strcmp.obj
 0001:00047c50       _strncmp                   00448c50 f   libucrt:strncmp.obj
 0001:00047cd0       _strspn                    00448cd0 f   libucrt:strspn.obj
 0001:00047f53       ___acrt_stdio_flush_nolock 00448f53 f   libucrt:fflush.obj
 0001:00047fb8       __fflush_nolock            00448fb8 f   libucrt:fflush.obj
 0001:00048000       __flushall                 00449000 f   libucrt:fflush.obj
 0001:00048009       _fflush                    00449009 f   libucrt:fflush.obj
 0001:000480fc       __fwrite_nolock            004490fc f   libucrt:fwrite.obj
 0001:0004827d       _fwrite                    0044927d f   libucrt:fwrite.obj
 0001:0004869b       ??$count@D@formatting_buffer@__crt_stdio_output@@QBEIXZ 0044969b f i libucrt:output.obj
 0001:000486b3       ??$count@_W@formatting_buffer@__crt_stdio_output@@QBEIXZ 004496b3 f i libucrt:output.obj
 0001:000486cc       ??$ensure_buffer_is_big_enough@D@formatting_buffer@__crt_stdio_output@@QAE_NI@Z 004496cc f i libucrt:output.obj
 0001:00048749       ??$ensure_buffer_is_big_enough@_W@formatting_buffer@__crt_stdio_output@@QAE_NI@Z 00449749 f i libucrt:output.obj
 0001:000487c7       ??$is_wide_character_specifier@D@__crt_stdio_output@@YA_N_KDW4length_modifier@0@@Z 004497c7 f i libucrt:output.obj
 0001:000487f8       ??$is_wide_character_specifier@_W@__crt_stdio_output@@YA_N_K_WW4length_modifier@0@@Z 004497f8 f i libucrt:output.obj
 0001:00048846       ??$scratch_data@D@formatting_buffer@__crt_stdio_output@@QAEPADXZ 00449846 f i libucrt:output.obj
 0001:00048864       ??$type_case_integer_parse_into_buffer@I@?$output_processor@DV?$string_output_adapter@D@__crt_stdio_output@@V?$standard_base@DV?$string_output_adapter@D@__crt_stdio_output@@@2@@__crt_stdio_output@@AAEXII_N@Z 00449864 f i libucrt:output.obj
[...]
 0002:0001f308       __sehtable$__write         00488308     libucrt:write.obj
 0002:0001f328       __sehtable$___acrt_initialize_lowio 00488328     libucrt:ioinit.obj
 0002:0001f348       __sehtable$??$?RV<lambda_6b4b7855443974f2b4b77000ea21c99c>@@AAV<lambda_8f7d3b162ab39427f4fa9995c67a7986>@@V<lambda_cc9a5ba8a5d8428b9634eab82665e5dc>@@@?$__crt_seh_guarded_call@H@@QAEH$$QAV<lambda_6b4b7855443974f2b4b77000ea21c99c>@@AAV<lambda_8f7d3b162ab39427f4fa9995c67a7986>@@$$QAV<lambda_cc9a5ba8a5d8428b9634eab82665e5dc>@@@Z 00488348     libucrt:winapi_thunks.obj
 0002:0001f368       __sehtable$__fcloseall     00488368     libucrt:closeall.obj
 0002:0001f388       __sehtable$??$?RV<lambda_1f7e3ac85ca3635646511ad93ac0febe>@@AAV<lambda_555255fdfb9471e5fa7bfca50021c162>@@V<lambda_24f51f8b0c33fe186c624e6675644b7a>@@@?$__crt_seh_guarded_call@_N@@QAE_N$$QAV<lambda_1f7e3ac85ca3635646511ad93ac0febe>@@AAV<lambda_555255fdfb9471e5fa7bfca50021c162>@@$$QAV<lambda_24f51f8b0c33fe186c624e6675644b7a>@@@Z 00488388     libucrt:spawnv.obj
 0002:0001f3a8       __sehtable$??$common_lseek@J@@YAJHJH@Z 004883a8     libucrt:lseek.obj
 0002:0001f3c8       __sehtable$??$common_lseek@_J@@YA_JH_JH@Z 004883c8     libucrt:lseek.obj
 0002:0001f3e4       __unwindtable$?_wcstombs_l_helper@@YAIPADPB_WIPAU__crt_locale_pointers@@@Z 004883e4     libucrt:wcstombs.obj
 0002:0001f3ec       __ehfuncinfo$?_wcstombs_l_helper@@YAIPADPB_WIPAU__crt_locale_pointers@@@Z 004883ec     libucrt:wcstombs.obj
 0002:0001f410       __sehtable$?update_thread_multibyte_data_internal@@YAPAU__crt_multibyte_data@@QAU__acrt_ptd@@QAPAU1@@Z 00488410     libucrt:mbctype.obj
 0002:0001f430       __sehtable$??$?RV<lambda_ceb1ee4838e85a9d631eb091e2fbe199>@@AAV<lambda_ae742caa10f662c28703da3d2ea5e57e>@@V<lambda_cd08b5d6af4937fe54fc07d0c9bf6b37>@@@?$__crt_seh_guarded_call@X@@QAEX$$QAV<lambda_ceb1ee4838e85a9d631eb091e2fbe199>@@AAV<lambda_ae742caa10f662c28703da3d2ea5e57e>@@$$QAV<lambda_cd08b5d6af4937fe54fc07d0c9bf6b37>@@@Z 00488430     libucrt:mbctype.obj
 0002:0001f450       __sehtable$__alloc_osfhnd  00488450     libucrt:osfinfo.obj
 0002:0001f470       __sehtable$___acrt_lowio_ensure_fh_exists 00488470     libucrt:osfinfo.obj
 0002:0001f490       __sehtable$___acrt_update_thread_locale_data 00488490     libucrt:locale_refcounting.obj
 0002:0001f4b0       __sehtable$__query_new_handler 004884b0     libucrt:new_handler.obj
 0002:0001f4d0       __sehtable$??$common_sopen_dispatch@D@@YAHQBDHHHQAHH@Z 004884d0     libucrt:open.obj
 0002:0001f4f0       __sehtable$___tzset        004884f0     libucrt:tzset.obj
 0002:0001f510       __sehtable$___set_fpsr_sse2 00488510     libucrt:fpctrl.obj
 0002:0001f530       __sehtable$__IsNonwritableInCurrentImage 00488530     LIBCMT:pesect.obj
 0002:0001f8f2       .idata$6                   004888f2     advapi32:ADVAPI32.dll
 0002:0001f978       .idata$6                   00488978     user32:USER32.dll
 0002:0001fedc       .idata$6                   00488edc     kernel32:KERNEL32.dll
 0003:00000000       _subkeytypes               0048a000     conf.obj
 0003:00000318       _valuetypes                0048a318     conf.obj
 0003:0000062c       _nullplug_plug             0048a62c     nullplug.obj
 0003:0000064c       _gss_mech_krb5_desc        0048a64c     pgssapi.obj
 0003:00000658       _psftp_seat                0048a658     psftp.obj
 0003:00000660       _sftp_lookup               0048a660     psftp.obj
 0003:00000890       _pktin_freeq_head          0048a890     sshcommon.obj
 0003:0000089c       _ic_pktin_free             0048a89c     sshcommon.obj
 0003:000008ac       ?algs_with_oid@?1??ec_alg_by_oid@@9@9 0048a8ac     sshecc.obj
 0003:000008c0       _sftp_ssh_socket           0048a8c0     winsftp.obj
 0003:000008c4       _netevent                  0048a8c4     winsftp.obj
 0003:00000900       ?__vcrt_flsindex@@3KA      0048a900     libvcruntime:per_thread_data.obj
 0003:000009d0       __ctype_loc_style          0048a9d0     libucrt:wsetlocale.obj
 0003:000009d4       ?errno_no_memory@@3HA      0048a9d4     libucrt:errno.obj
 0003:000009d8       ?doserrno_no_memory@@3KA   0048a9d8     libucrt:errno.obj
 0003:00000ae8       ?__acrt_flsindex@@3KA      0048aae8     libucrt:per_thread_data.obj
 0003:00000e18       __mbctypes                 0048ae18     libucrt:mbctype.obj
 0003:00000f20       __mbcasemaps               0048af20     libucrt:mbctype.obj
 0003:00001020       ?__rgctypeflag@@3PADA      0048b020     libucrt:mbctype.obj
 0003:00001028       ?__rgcode_page_info@@3PAUcode_page_info@@A 0048b028     libucrt:mbctype.obj
 0003:00001178       ?tzstd_program@@3PADA      0048b178     libucrt:timeset.obj
 0003:000011b8       ?tzdst_program@@3PADA      0048b1b8     libucrt:timeset.obj
 0003:000011f8       ?tzname_states@@3PAY01PADA 0048b1f8     libucrt:timeset.obj
 0003:00001200       ?dststart@@3Utransitiondate@?A0x7639d0b4@@A 0048b200     libucrt:tzset.obj
 0003:0000120c       ?dstend@@3Utransitiondate@?A0x7639d0b4@@A 0048b20c     libucrt:tzset.obj
 0003:00001220       ?__DAZ_ENABLED@?1??__set_fpsr_sse2@@9@9 0048b220     libucrt:fpctrl.obj
 0003:00001224       ?__dcrt_lowio_console_output_handle@@3PAXA 0048b224     libucrt:initcon.obj
 0003:000012a0       _saves                     0048b2a0     cmdline.obj
 0003:000012b8       _cmdline_password          0048b2b8     cmdline.obj
 0003:000012bc       ?tried_once@?1??cmdline_get_passwd_input@@9@9 0048b2bc     cmdline.obj
 0003:000012bd       _seen_hostname_argument    0048b2bd     cmdline.obj
 0003:000012be       _seen_port_argument        0048b2be     cmdline.obj
 0003:000012c1       _verbose                   0048b2c1     psftp.obj
 0003:000012c4       _psftp_logctx              0048b2c4     psftp.obj
 0003:000012c8       _backend                   0048b2c8     psftp.obj
 0003:000012cc       _string_scc                0048b2cc     psftp.obj
 0003:000012d0       _received_data             0048b2d0     psftp.obj
 0003:000012e4       _stderr_bs                 0048b2e4     psftp.obj
 0003:000012e8       _stderr_ss                 0048b2e8     psftp.obj
 0003:000012f4       _stderr_scc                0048b2f4     psftp.obj
 0003:000012f8       _fxp_error_message         0048b2f8     sftp.obj
 0003:000012fc       _fxp_errtype               0048b2fc     sftp.obj
 0003:00001300       _sftp_requests             0048b300     sftp.obj
 0003:00001304       ?initialised@?1??aes_hw_available_cached@@9@9 0048b304     sshaes.obj
 0003:00001305       ?hw_available@?1??aes_hw_available_cached@@9@9 0048b305     sshaes.obj
 0003:0000130c       ?curve@?1??ec_p256@@9@9    0048b30c     sshecc.obj
 0003:00001330       ?initialised@?1??ec_p256@@9@9 0048b330     sshecc.obj
 0003:00001331       ?initialised@?1??ec_p384@@9@9 0048b331     sshecc.obj
 0003:00001332       ?initialised@?1??ec_p521@@9@9 0048b332     sshecc.obj
 0003:00001333       ?initialised@?1??ec_curve25519@@9@9 0048b333     sshecc.obj
 0003:00001334       ?curve@?1??ec_p384@@9@9    0048b334     sshecc.obj
 0003:00001358       ?curve@?1??ec_p521@@9@9    0048b358     sshecc.obj
 0003:0000137c       ?curve@?1??ec_curve25519@@9@9 0048b37c     sshecc.obj
 0003:000013a0       ?curve@?1??ec_ed25519@@9@9 0048b3a0     sshecc.obj
 0003:000013c4       ?initialised@?1??ec_ed25519@@9@9 0048b3c4     sshecc.obj
 0003:000013d4       _random_timer_ctx          0048b3d4     sshrand.obj
 0003:000013d8       _global_prng               0048b3d8     sshrand.obj
 0003:000013dc       _next_noise_collection     0048b3dc     sshrand.obj
 0003:000013e0       ?initialised@?1??sha256_hw_available_cached@@9@9 0048b3e0     sshsh256.obj
 0003:000013e1       ?hw_available@?1??sha256_hw_available_cached@@9@9 0048b3e1     sshsh256.obj
 0003:000013e2       ?initialised@?1??sha1_hw_available_cached@@9@9 0048b3e2     sshsha.obj
 0003:000013e3       ?hw_available@?1??sha1_hw_available_cached@@9@9 0048b3e3     sshsha.obj
 0003:000013e4       _timers                    0048b3e4     timing.obj
 0003:000013e8       _timer_contexts            0048b3e8     timing.obj
 0003:000013ec       _now                       0048b3ec     timing.obj
 0003:000013f0       ?attempted@?1??got_crypt@@9@9 0048b3f0     wincapi.obj
 0003:000013f1       ?successful@?1??got_crypt@@9@9 0048b3f1     wincapi.obj
 0003:000013f4       ?crypt@?1??got_crypt@@9@9  0048b3f4     wincapi.obj
 0003:00001400       _p_AcquireCredentialsHandleA 0048b400     wingss.obj
 0003:00001404       _p_InitializeSecurityContextA 0048b404     wingss.obj
 0003:00001408       _p_FreeContextBuffer       0048b408     wingss.obj
 0003:0000140c       _p_FreeCredentialsHandle   0048b40c     wingss.obj
 0003:00001410       _p_DeleteSecurityContext   0048b410     wingss.obj
 0003:00001414       _p_QueryContextAttributesA 0048b414     wingss.obj
 0003:00001418       _p_MakeSignature           0048b418     wingss.obj
 0003:0000141c       _p_VerifySignature         0048b41c     wingss.obj
 0003:00001420       _p_AddDllDirectory         0048b420     wingss.obj
 0003:00001424       ?kernel32_module@?1??ssh_gss_setup@@9@9 0048b424     wingss.obj
 0003:00001428       _handles_by_evtomain       0048b428     winhandl.obj
 0003:0000142c       ?kernel32_module@?1??sk_handle_peer_info@@9@9 0048b42c     winhsock.obj
 0003:00001430       ?p_GetNamedPipeClientProcessId@?1??sk_handle_peer_info@@9@9 0048b430     winhsock.obj
 0003:00001434       ?p_GetUserNameExA@?1??get_username@@9@9 0048b434     winmisc.obj
 0003:00001438       ?tried_usernameex@?2??get_username@@9@9 0048b438     winmisc.obj
 0003:0000143c       ?kernel32_module@?1??dll_hijacking_protection@@9@9 0048b43c     winmisc.obj
 0003:00001440       ?p_SetDefaultDllDirectories@?1??dll_hijacking_protection@@9@9 0048b440     winmisc.obj
 0003:00001444       ?kernel32_module@?1??init_winver@@9@9 0048b444     winmisc.obj
 0003:00001448       ?p_GetVersionExA@?1??init_winver@@9@9 0048b448     winmisc.obj
 0003:0000144c       ?sysdir@?1??load_system32_dll@@9@9 0048b44c     winmisc.obj
 0003:00001450       ?sysdirsize@?1??load_system32_dll@@9@9 0048b450     winmisc.obj
 0003:00001454       _errstrings                0048b454     winmisc.obj
 0003:00001458       _sktree                    0048b458     winnet.obj
 0003:0000145c       _p_WSAStartup              0048b45c     winnet.obj
 0003:00001460       _p_WSACleanup              0048b460     winnet.obj
 0003:00001464       _p_closesocket             0048b464     winnet.obj
 0003:00001468       _p_ntohl                   0048b468     winnet.obj
 0003:0000146c       _p_htonl                   0048b46c     winnet.obj
 0003:00001470       _p_htons                   0048b470     winnet.obj
 0003:00001474       _p_ntohs                   0048b474     winnet.obj
 0003:00001478       _p_gethostname             0048b478     winnet.obj
 0003:0000147c       _p_gethostbyname           0048b47c     winnet.obj
 0003:00001480       _p_getservbyname           0048b480     winnet.obj
 0003:00001484       _p_inet_addr               0048b484     winnet.obj
 0003:00001488       _p_inet_ntoa               0048b488     winnet.obj
 0003:0000148c       _p_inet_ntop               0048b48c     winnet.obj
 0003:00001490       _p_connect                 0048b490     winnet.obj
 0003:00001494       _p_bind                    0048b494     winnet.obj
 0003:00001498       _p_setsockopt              0048b498     winnet.obj
 0003:0000149c       _p_socket                  0048b49c     winnet.obj
 0003:000014a0       _p_listen                  0048b4a0     winnet.obj
 0003:000014a4       _p_send                    0048b4a4     winnet.obj
 0003:000014a8       _p_shutdown                0048b4a8     winnet.obj
 0003:000014ac       _p_ioctlsocket             0048b4ac     winnet.obj
 0003:000014b0       _p_accept                  0048b4b0     winnet.obj
 0003:000014b4       _p_getpeername             0048b4b4     winnet.obj
 0003:000014b8       _p_recv                    0048b4b8     winnet.obj
 0003:000014bc       _p_WSAIoctl                0048b4bc     winnet.obj
 0003:000014c0       _p_getaddrinfo             0048b4c0     winnet.obj
 0003:000014c4       _p_freeaddrinfo            0048b4c4     winnet.obj
 0003:000014c8       _p_getnameinfo             0048b4c8     winnet.obj
 0003:000014cc       _p_gai_strerror            0048b4cc     winnet.obj
 0003:000014d0       _p_WSAAddressToStringA     0048b4d0     winnet.obj
 0003:000014d4       _winsock_module            0048b4d4     winnet.obj
 0003:000014d8       _wsadata                   0048b4d8     winnet.obj
 0003:00001668       _winsock2_module           0048b668     winnet.obj
 0003:0000166c       _wship6_module             0048b66c     winnet.obj
 0003:00001670       _local_interfaces          0048b670     winnet.obj
 0003:00001b30       _n_local_interfaces        0048bb30     winnet.obj
 0003:00001b34       _p_CryptAcquireContextA    0048bb34     winnoise.obj
 0003:00001b38       _p_CryptGenRandom          0048bb38     winnoise.obj
 0003:00001b3c       _p_CryptReleaseContext     0048bb3c     winnoise.obj
 0003:00001b40       _wincrypt_module           0048bb40     winnoise.obj
 0003:00001b44       _worldsid                  0048bb44     winsecur.obj
 0003:00001b48       _networksid                0048bb48     winsecur.obj
 0003:00001b4c       _usersid                   0048bb4c     winsecur.obj
 0003:00001b50       ?attempted@?1??got_advapi@@9@9 0048bb50     winsecur.obj
 0003:00001b51       ?successful@?1??got_advapi@@9@9 0048bb51     winsecur.obj
 0003:00001b54       ?advapi@?1??got_advapi@@9@9 0048bb54     winsecur.obj
 0003:00001b58       _tried_shgetfolderpath     0048bb58     winstore.obj
 0003:00001b5c       _shell32_module            0048bb5c     winstore.obj
 0003:00001b60       _p_SHGetFolderPathA        0048bb60     winstore.obj
 0003:00001b64       ?c@?1??check_compose_internal@@9@9 0048bb64     winucs.obj
 0003:00001b68       ?buf@?1??cp_name@@9@9      0048bb68     winucs.obj
 0003:00001b88       _GS_ExceptionRecord        0048bb88     LIBCMT:gs_report.obj
 0003:00001bd8       _GS_ContextRecord          0048bbd8     LIBCMT:gs_report.obj
 0003:00001eac       ?is_initialized_as_dll@@3_NA 0048beac     LIBCMT:utility.obj
 0003:00001ead       ?module_local_atexit_table_initialized@@3_NA 0048bead     LIBCMT:utility.obj
 0003:00001eb0       ?module_local_atexit_table@@3U_onexit_table_t@@A 0048beb0     LIBCMT:utility.obj
 0003:00001ebc       ?module_local_at_quick_exit_table@@3U_onexit_table_t@@A 0048bebc     LIBCMT:utility.obj
 0003:00001edc       ?__vcrt_startup_thread_ptd@@3U__vcrt_ptd@@A 0048bedc     libvcruntime:per_thread_data.obj
 0003:00001f04       ___vcrt_lock_table         0048bf04     libvcruntime:locks.obj
 0003:00001f1c       ___vcrt_locks_initialized  0048bf1c     libvcruntime:locks.obj
 0003:00001f48       ?heap@@3V_HeapManager@@A   0048bf48     libvcruntime:undname.obj
 0003:00001f5c       ?module_handles@@3PAPAUHINSTANCE__@@A 0048bf5c     libvcruntime:winapi_downlevel.obj
 0003:00001f68       ?function_pointers@@3PAPAXA 0048bf68     libvcruntime:winapi_downlevel.obj
 0003:00001f90       ?c_termination_complete@@3JA 0048bf90     libucrt:exit.obj
 0003:00001f94       ?thread_local_exit_callback_func@@3P6GXPAXK0@ZA 0048bf94     libucrt:exit.obj
 0003:00001f9c       ?mbst@?1??mbrtowc@@9@4U_Mbstatet@@A 0048bf9c     libucrt:mbrtowc.obj
 0003:00001fa4       ?local_state@?6??_wcrtomb_s_l@@YAHQAHQADI_WQAU_Mbstatet@@QAU__crt_locale_pointers@@@Z@4U2@A 0048bfa4     libucrt:wcrtomb.obj
 0003:00001fac       ?__acrt_app_type@@3W4_crt_app_type@@A 0048bfac     libucrt:report_runtime_error.obj
 0003:00001fb0       ?user_matherr@@3V?$dual_state_global@P6AHPAU_exception@@@Z@__crt_state_management@@A 0048bfb0     libucrt:matherr.obj
 0003:00001fb8       ?program_name@?1???$common_configure_argv@D@@YAHW4_crt_argv_mode@@@Z@4PADA 0048bfb8     libucrt:argv_parsing.obj
 0003:000020ec       ?__acrt_global_new_mode@@3V?$dual_state_global@J@__crt_state_management@@A 0048c0ec     libucrt:new_mode.obj
 0003:0000210c       ?__acrt_invalid_parameter_handler@@3V?$dual_state_global@P6AXPB_W00II@Z@__crt_state_management@@A 0048c10c     libucrt:invalid_parameter.obj
 0003:00002110       ___acrt_error_mode         0048c110     libucrt:set_error_mode.obj
 0003:00002114       ?ctrlc_action@@3V?$dual_state_global@P6AXH@Z@__crt_state_management@@A 0048c114     libucrt:signal.obj
 0003:00002118       ?ctrlbreak_action@@3V?$dual_state_global@P6AXH@Z@__crt_state_management@@A 0048c118     libucrt:signal.obj
 0003:0000211c       ?abort_action@@3V?$dual_state_global@P6AXH@Z@__crt_state_management@@A 0048c11c     libucrt:signal.obj
 0003:00002120       ?term_action@@3V?$dual_state_global@P6AXH@Z@__crt_state_management@@A 0048c120     libucrt:signal.obj
 0003:00002128       ?__acrt_lock_table@@3PAU_RTL_CRITICAL_SECTION@@A 0048c128     libucrt:locks.obj
 0003:00002278       ?__acrt_locks_initialized@@3IA 0048c278     libucrt:locks.obj
 0003:00002284       ?internal_state@?1??_mbtowc_l@@9@4U_Mbstatet@@A 0048c284     libucrt:mbtowc.obj
 0003:0000228c       ?enable_percent_n@@3IA     0048c28c     libucrt:printf_count_output.obj
 0003:00002498       ?module_handles@@3PAPAUHINSTANCE__@@A 0048c498     libucrt:winapi_thunks.obj
 0003:000024e8       ?encoded_function_pointers@@3PAPAXA 0048c4e8     libucrt:winapi_thunks.obj
 0003:00002570       ?static_enum_proc@?1??enum_system_locales_ex_nolock@@YAHQ6GHPA_WKJ@Z@Z@4P6GH0KJ@ZA 0048c570     libucrt:winapi_thunks.obj
 0003:00002574       ?state_cache@?1???$get_cached_win_policy@Udeveloper_information_policy_properties@?1??__acrt_get_developer_information_policy@@YA?AW4developer_information_policy@@XZ@@@YA?AW4developer_information_policy@@W4AppPolicyShowDeveloperDiagnostic@@@Z@4JA 0048c574     libucrt:win_policies.obj
 0003:00002578       ?state_cache@?1???$get_cached_win_policy@Uwindowing_model_policy_properties@?1??__acrt_get_windowing_model_policy@@YA?AW4windowing_model_policy@@XZ@@@YA?AW4windowing_model_policy@@W4AppPolicyWindowingModel@@@Z@4JA 0048c578     libucrt:win_policies.obj
 0003:0000257c       ?internal_pst@?1??__mbrtoc32_utf8@__crt_mbstring@@YAIPA_UPBDIPAU_Mbstatet@@@Z@4U3@A 0048c57c     libucrt:mbrtoc32.obj
 0003:00002584       ?internal_pst@?1??__c16rtomb_utf8@__crt_mbstring@@YAIPAD_SPAU_Mbstatet@@@Z@4U3@A 0048c584     libucrt:c16rtomb.obj
 0003:00002598       ?fSystemSet@@3HA           0048c598     libucrt:mbctype.obj
 0003:0000259c       ?initialized@?1??__acrt_initialize_multibyte@@9@4_NA 0048c59c     libucrt:mbctype.obj
 0003:000025b0       ?__acrt_new_handler@@3V?$dual_state_global@P6AHI@Z@__crt_state_management@@A 0048c5b0     libucrt:new_handler.obj
 0003:000025c0       ?_tzname@@3V?$dual_state_global@PAPAD@__crt_state_management@@A 0048c5c0     libucrt:timeset.obj
 0003:000025c4       ?last_tz@@3PADA            0048c5c4     libucrt:tzset.obj
 0003:000025c8       ?tz_api_used@@3HA          0048c5c8     libucrt:tzset.obj
 0003:000025d0       ?tz_info@@3U_TIME_ZONE_INFORMATION@@A 0048c5d0     libucrt:tzset.obj
 0003:0000267c       ?first_time@?1??__tzset@@9@4JA 0048c67c     libucrt:tzset.obj
 0003:00002688       __pmatherr_set             0048c688     libucrt:libm_error.obj
 0004:000001e0       $R000000                   0048d1e0     psftp.res
 0004:00000308       $R000128                   0048d308     psftp.res
 0004:000005f0       $R000410                   0048d5f0     psftp.res
 0004:00000c58       $R000A78                   0048dc58     psftp.res
 0004:00000d08       $R000B28                   0048dd08     psftp.res
 0004:00000e38       $R000C58                   0048de38     psftp.res
 0004:00001168       $R000F88                   0048e168     psftp.res
 0004:000011c8       $R000FE8                   0048e1c8     psftp.res
