 puttytel

 Timestamp is 5d84fb74 (Fri Sep 20 21:46:52 2019)

 Preferred load address is 00400000

 Start         Length     Name                   Class
 0001:00000000 000501fdH .text$mn                CODE
 0001:000501fd 00000000H .text$x                 CODE
 0002:00000000 000004dcH .idata$5                DATA
 0002:000004dc 00000004H .00cfg                  DATA
 0002:000004e0 00000004H .CRT$XCA                DATA
 0002:000004e4 00000004H .CRT$XCAA               DATA
 0002:000004e8 00000004H .CRT$XCZ                DATA
 0002:000004ec 00000004H .CRT$XIA                DATA
 0002:000004f0 00000004H .CRT$XIAA               DATA
 0002:000004f4 00000004H .CRT$XIAC               DATA
 0002:000004f8 00000010H .CRT$XIC                DATA
 0002:00000508 00000004H .CRT$XIZ                DATA
 0002:0000050c 00000004H .CRT$XPA                DATA
 0002:00000510 00000008H .CRT$XPX                DATA
 0002:00000518 00000004H .CRT$XPXA               DATA
 0002:0000051c 00000004H .CRT$XPZ                DATA
 0002:00000520 00000004H .CRT$XTA                DATA
 0002:00000524 0000000cH .CRT$XTZ                DATA
 0002:00000528 00000000H .gfids$y                DATA
 0002:00000530 00016640H .rdata                  DATA
 0002:00016b64 00000000H .rdata$r                DATA
 0002:00016b70 0000000cH .rdata$sxdata           DATA
 0002:00016b7c 00000290H .rdata$zzzdbg           DATA
 0002:00016e0c 00000004H .rtc$IAA                DATA
 0002:00016e10 00000004H .rtc$IZZ                DATA
 0002:00016e14 00000004H .rtc$TAA                DATA
 0002:00016e18 00000008H .rtc$TZZ                DATA
 0002:00016e20 0000055cH .xdata$x                DATA
 0002:0001737c 00000000H .edata                  DATA
 0002:0001737c 000000a0H .idata$2                DATA
 0002:0001741c 00000014H .idata$3                DATA
 0002:00017430 000004dcH .idata$4                DATA
 0002:0001790c 000014f8H .idata$6                DATA
 0003:00000000 00000fc0H .data                   DATA
 0003:00000fc0 00000000H .data$r                 DATA
 0003:00000fc0 00004254H .bss                    DATA
 0004:00000000 00000450H .rsrc$01                DATA
 0004:00000450 00002ac8H .rsrc$02                DATA

  Address         Publics by Value              Rva+Base       Lib:Object

 0000:00000000       ___hybrid_code_map_count   00000000     <absolute>
 0000:00000000       ___guard_fids_count        00000000     <absolute>
 0000:00000000       ___guard_fids_table        00000000     <absolute>
 0000:00000000       ___guard_iat_count         00000000     <absolute>
 0000:00000000       ___dynamic_value_reloc_table 00000000     <absolute>
 0000:00000000       ___guard_longjmp_count     00000000     <absolute>
 0000:00000000       __except_list              00000000     <absolute>
 0000:00000000       ___guard_iat_table         00000000     <absolute>
 0000:00000000       ___guard_longjmp_table     00000000     <absolute>
 0000:00000000       ___hybrid_auxiliary_iat    00000000     <absolute>
 0000:00000000       ___enclave_config          00000000     <absolute>
 0000:00000000       ___volatile_metadata       00000000     <absolute>
 0000:00000000       ___AbsoluteZero            00000000     <absolute>
 0000:00000000       ___hybrid_code_map         00000000     <absolute>
 0000:00000003       ___safe_se_handler_count   00000003     <absolute>
 0000:00000100       ___guard_flags             00000100     <absolute>
 0000:00000000       ___ImageBase               00400000     <linker-defined>
 0001:00000000       _backend_socket_log        00401000 f   be_misc.obj
 0001:00000164       _log_proxy_stderr          00401164 f   be_misc.obj
 0001:000002d9       _psb_init                  004012d9 f   be_misc.obj
 0001:000002e5       _nullseat_echoedit_update  004012e5 f   misc.obj
 0001:000002e5       _random_save_seed          004012e5 f   be_nos_s.obj
 0001:000002e5       _proxy_socks5_offerencryptedauth 004012e5 f   nocproxy.obj
 0001:000002e5       _noise_ultralight          004012e5 f   be_nos_s.obj
 0001:000002e5       __initialize_denormal_control 004012e5 f   LIBCMT:denormal_control.obj
 0001:000002e5       __initialize_invalid_parameter_handler 004012e5 f   LIBCMT:invalid_parameter_handler.obj
 0001:000002e5       @_guard_check_icall_nop@4  004012e5 f   LIBCMT:guard_support.obj
 0001:000002e6       _delete_callbacks_for_context 004012e6 f   callback.obj
 0001:00000352       _queue_toplevel_callback   00401352 f   callback.obj
 0001:000003c2       _run_toplevel_callbacks    004013c2 f   callback.obj
 0001:00000410       _toplevel_callback_pending 00401410 f   callback.obj
 0001:00000449       _cmdline_get_passwd_input  00401449 f   cmdline.obj
 0001:000004b6       _cmdline_host_ok           004014b6 f   cmdline.obj
 0001:000004fc       _cmdline_process_param     004014fc f   cmdline.obj
 0001:00001800       _cmdline_run_saved         00402800 f   cmdline.obj
 0001:00001927       _conf_copy                 00402927 f   conf.obj
 0001:0000193f       _conf_copy_into            0040293f f   conf.obj
 0001:00001a16       _conf_del_str_str          00402a16 f   conf.obj
 0001:00001a96       _conf_deserialise          00402a96 f   conf.obj
 0001:00001ba6       _conf_free                 00402ba6 f   conf.obj
 0001:00001bc3       _conf_get_bool             00402bc3 f   conf.obj
 0001:00001c42       _conf_get_filename         00402c42 f   conf.obj
 0001:00001cc1       _conf_get_fontspec         00402cc1 f   conf.obj
 0001:00001d40       _conf_get_int              00402d40 f   conf.obj
 0001:00001dbf       _conf_get_int_int          00402dbf f   conf.obj
 0001:00001e44       _conf_get_str              00402e44 f   conf.obj
 0001:00001ec3       _conf_get_str_nthstrkey    00402ec3 f   conf.obj
 0001:00001f5d       _conf_get_str_str          00402f5d f   conf.obj
 0001:00001f93       _conf_get_str_str_opt      00402f93 f   conf.obj
 0001:00002006       _conf_get_str_strs         00403006 f   conf.obj
 0001:00002100       _conf_new                  00403100 f   conf.obj
 0001:00002121       _conf_serialise            00403121 f   conf.obj
 0001:000021ff       _conf_set_bool             004031ff f   conf.obj
 0001:0000226e       _conf_set_filename         0040326e f   conf.obj
 0001:000022e3       _conf_set_fontspec         004032e3 f   conf.obj
 0001:00002358       _conf_set_int              00403358 f   conf.obj
 0001:000023c7       _conf_set_int_int          004033c7 f   conf.obj
 0001:0000243d       _conf_set_str              0040343d f   conf.obj
 0001:000024b2       _conf_set_str_str          004034b2 f   conf.obj
 0001:0000258b       ___local_stdio_printf_options 0040358b f i config.obj
 0001:00002591       __vsnprintf_l              00403591 f i config.obj
 0001:00002c25       _conf_checkbox_handler     00403c25 f   config.obj
 0001:00002cab       _conf_editbox_handler      00403cab f   config.obj
 0001:00002e08       _conf_filesel_handler      00403e08 f   config.obj
 0001:00002e59       _conf_fontsel_handler      00403e59 f   config.obj
 0001:00002eaa       _conf_radiobutton_bool_handler 00403eaa f   config.obj
 0001:00002f57       _conf_radiobutton_handler  00403f57 f   config.obj
 0001:00003173       _config_protocolbuttons_handler 00404173 f   config.obj
 0001:00004205       _setup_config_box          00405205 f   config.obj
 0001:000074b4       _sprintf                   004084b4 f i config.obj
 0001:000077e9       _I                         004087e9 f   dialog.obj
 0001:000077e9       _P                         004087e9 f   dialog.obj
 0001:000077ee       _ctrl_alloc                004087ee f   dialog.obj
 0001:00007804       _ctrl_alloc_with_free      00408804 f   dialog.obj
 0001:00007863       _ctrl_checkbox             00408863 f   dialog.obj
 0001:000078a0       _ctrl_columns              004088a0 f   dialog.obj
 0001:0000791e       _ctrl_combobox             0040891e f   dialog.obj
 0001:00007972       _ctrl_draglist             00408972 f   dialog.obj
 0001:000079d0       _ctrl_droplist             004089d0 f   dialog.obj
 0001:00007a28       _ctrl_editbox              00408a28 f   dialog.obj
 0001:00007a77       _ctrl_filesel              00408a77 f   dialog.obj
 0001:00007acc       _ctrl_find_path            00408acc f   dialog.obj
 0001:00007b5d       _ctrl_fontsel              00408b5d f   dialog.obj
 0001:00007b9a       _ctrl_free                 00408b9a f   dialog.obj
 0001:00007c13       _ctrl_free_box             00408c13 f   dialog.obj
 0001:00007c70       _ctrl_free_set             00408c70 f   dialog.obj
 0001:00007cbc       _ctrl_getset               00408cbc f   dialog.obj
 0001:00007daa       _ctrl_listbox              00408daa f   dialog.obj
 0001:00007e74       _ctrl_new_box              00408e74 f   dialog.obj
 0001:00007e9a       _ctrl_path_compare         00408e9a f   dialog.obj
 0001:00007edb       _ctrl_path_elements        00408edb f   dialog.obj
 0001:00007efb       _ctrl_pushbutton           00408efb f   dialog.obj
 0001:00007f3e       _ctrl_radiobuttons         00408f3e f   dialog.obj
 0001:0000801c       _ctrl_settitle             0040901c f   dialog.obj
 0001:000080aa       _ctrl_tabdelay             004090aa f   dialog.obj
 0001:000080c5       _ctrl_text                 004090c5 f   dialog.obj
 0001:00008121       __get_startup_thread_locale_mode 00409121 f   LIBCMT:thread_locale.obj
 0001:00008121       __get_startup_new_mode     00409121 f   LIBCMT:new_mode.obj
 0001:00008121       _nullseat_get_x_display    00409121 f   misc.obj
 0001:00008121       ___scrt_initialize_winrt   00409121 f   LIBCMT:utility_desktop.obj
 0001:00008121       __get_startup_commit_mode  00409121 f   LIBCMT:commit_mode.obj
 0001:00008121       __matherr                  00409121 f   LIBCMT:matherr.obj
 0001:00008121       ___scrt_exe_initialize_mta 00409121 f   LIBCMT:utility_desktop.obj
 0001:00008121       ___scrt_stub_for_initialize_mta 00409121 f   LIBCMT:utility_desktop.obj
 0001:00008124       _new_error_socket_fmt      00409124 f   errsock.obj
 0001:000081b7       _ldisc_configure           004091b7 f   ldisc.obj
 0001:000081fe       _ldisc_create              004091fe f   ldisc.obj
 0001:00008259       _ldisc_echoedit_update     00409259 f   ldisc.obj
 0001:000082c4       _ldisc_free                004092c4 f   ldisc.obj
 0001:000082ff       _ldisc_send                004092ff f   ldisc.obj
 0001:000089d1       _log_init                  004099d1 f   logging.obj
 0001:00008a18       _log_reconfig              00409a18 f   logging.obj
 0001:00008aa1       _logevent                  00409aa1 f   logging.obj
 0001:00008b28       _logevent_and_free         00409b28 f   logging.obj
 0001:00008b7b       _logeventf                 00409b7b f   logging.obj
 0001:00008b91       _logeventvf                00409b91 f   logging.obj
 0001:00008bac       _logfclose                 00409bac f   logging.obj
 0001:00008bc7       _logflush                  00409bc7 f   logging.obj
 0001:00008be0       _logfopen                  00409be0 f   logging.obj
 0001:00008eb4       _logtraffic                00409eb4 f   logging.obj
 0001:000090e7       _BinarySink_put_asciz      0040a0e7 f   marshal.obj
 0001:00009101       _BinarySink_put_bool       0040a101 f   marshal.obj
 0001:0000911d       _BinarySink_put_byte       0040a11d f   marshal.obj
 0001:0000912f       _BinarySink_put_data       0040a12f f   marshal.obj
 0001:00009142       _BinarySink_put_datapl     0040a142 f   marshal.obj
 0001:00009157       _BinarySink_put_pstring    0040a157 f   marshal.obj
 0001:0000918c       _BinarySink_put_uint16     0040a18c f   marshal.obj
 0001:000091ac       _BinarySink_put_uint32     0040a1ac f   marshal.obj
 0001:000091ff       _BinarySource_get_asciz    0040a1ff f   marshal.obj
 0001:00009246       _BinarySource_get_bool     0040a246 f   marshal.obj
 0001:0000926a       _BinarySource_get_byte     0040a26a f   marshal.obj
 0001:0000928a       _BinarySource_get_uint16   0040a28a f   marshal.obj
 0001:000092bb       _BinarySource_get_uint32   0040a2bb f   marshal.obj
 0001:000092ff       _safefree                  0040a2ff f   memory.obj
 0001:0000930b       _safegrowarray             0040a30b f   memory.obj
 0001:00009419       _safemalloc                0040a419 f   memory.obj
 0001:00009457       _saferealloc               0040a457 f   memory.obj
 0001:0000a71c       _do_bidi                   0040b71c f   minibidi.obj
 0001:0000ad85       _do_shape                  0040bd85 f   minibidi.obj
 0001:0000b0de       _is_rtl                    0040c0de f   minibidi.obj
 0001:0000b11a       _add_prompt                0040c11a f   misc.obj
 0001:0000b169       _buildinfo                 0040c169 f   misc.obj
 0001:0000b207       _conf_dest                 0040c207 f   misc.obj
 0001:0000b22b       _conf_launchable           0040c22b f   misc.obj
 0001:0000b255       _free_prompts              0040c255 f   misc.obj
 0001:0000b2b7       _new_prompts               0040c2b7 f   misc.obj
 0001:0000b2e4       _nullseat_get_windowid     0040c2e4 f   misc.obj
 0001:0000b2e4       _sk_address_is_special_local 0040c2e4 f   winnet.obj
 0001:0000b2e7       _out_of_memory             0040c2e7 f   misc.obj
 0001:0000b2f3       _prompt_ensure_result_size 0040c2f3 f   misc.obj
 0001:0000b34e       _prompt_set_result         0040c34e f   misc.obj
 0001:0000b375       _seat_connection_fatal     0040c375 f   misc.obj
 0001:0000b39c       _validate_manual_hostkey   0040c39c f   misc.obj
 0001:0000b54d       _dup_mb_to_wc              0040c54d f   miscucs.obj
 0001:0000b56c       _dup_mb_to_wc_c            0040c56c f   miscucs.obj
 0001:0000b5d9       _proxy_socks5_handlechap   0040c5d9 f   nocproxy.obj
 0001:0000b5d9       _proxy_socks5_selectchap   0040c5d9 f   nocproxy.obj
 0001:0000b5f9       _pinger_free               0040c5f9 f   pinger.obj
 0001:0000b608       _pinger_new                0040c608 f   pinger.obj
 0001:0000b63b       _pinger_reconfig           0040c63b f   pinger.obj
 0001:0000ba02       ___local_stdio_scanf_options 0040ca02 f i proxy.obj
 0001:0000ba08       __vsscanf_l                0040ca08 f i proxy.obj
 0001:0000ba63       _format_telnet_command     0040ca63 f   proxy.obj
 0001:0000bdae       _name_lookup               0040cdae f   proxy.obj
 0001:0000be66       _new_connection            0040ce66 f   proxy.obj
 0001:0000c1d5       _proxy_activate            0040d1d5 f   proxy.obj
 0001:0000c2c6       _proxy_for_destination     0040d2c6 f   proxy.obj
 0001:0000c4cf       _proxy_http_negotiate      0040d4cf f   proxy.obj
 0001:0000c8f4       _proxy_socks4_negotiate    0040d8f4 f   proxy.obj
 0001:0000cb09       _proxy_socks5_negotiate    0040db09 f   proxy.obj
 0001:0000d085       _proxy_telnet_negotiate    0040e085 f   proxy.obj
 0001:0000d20a       _sscanf                    0040e20a f i proxy.obj
 0001:0000d4ad       ___acrt_uninitialize_command_line 0040e4ad f   libucrt:argv_data.obj
 0001:0000d4ad       __should_initialize_environment 0040e4ad f   LIBCMT:env_mode.obj
 0001:0000da8f       _ser_setup_config_box      0040ea8f f   sercfg.obj
 0001:0000dece       _prepare_session           0040eece f   sessprep.obj
 0001:0000df71       _backend_vt_from_name      0040ef71 f   settings.obj
 0001:0000df9f       _backend_vt_from_proto     0040ef9f f   settings.obj
 0001:0000dfc2       _do_defaults               0040efc2 f   settings.obj
 0001:0000dfc7       _get_remote_username       0040efc7 f   settings.obj
 0001:0000dff9       _get_sesslist              0040eff9 f   settings.obj
 0001:0000e5d6       _load_open_settings        0040f5d6 f   settings.obj
 0001:0000f74a       _load_settings             0041074a f   settings.obj
 0001:0000f830       _save_open_settings        00410830 f   settings.obj
 0001:00010ad6       _save_settings             00411ad6 f   settings.obj
 0001:00010e84       _EnableSizeTip             00411e84 f   sizetip.obj
 0001:00011090       _UpdateSizeTip             00412090 f   sizetip.obj
 0001:00011313       _stripctrl_new_term_fn     00412313 f   stripctrl.obj
 0001:00014372       _format_arrow_key          00415372 f   terminal.obj
 0001:000143de       _format_function_key       004153de f   terminal.obj
 0001:000144ed       _format_numeric_keypad_key 004154ed f   terminal.obj
 0001:000146c7       _format_small_keypad_key   004156c7 f   terminal.obj
 0001:00016bcc       _term_clrsb                00417bcc f   terminal.obj
 0001:00016c3a       _term_copy_stuff_from_conf 00417c3a f   terminal.obj
 0001:00016fdd       _term_copyall              00417fdd f   terminal.obj
 0001:0001701b       _term_data                 0041801b f   terminal.obj
 0001:0001746d       _term_do_paste             0041846d f   terminal.obj
 0001:00017649       _term_get_ttymode          00418649 f   terminal.obj
 0001:000176b4       _term_get_userpass_input   004186b4 f   terminal.obj
 0001:00017976       _term_init                 00418976 f   terminal.obj
 0001:00017cbd       _term_invalidate           00418cbd f   terminal.obj
 0001:00017d0d       _term_keyinput             00418d0d f   terminal.obj
 0001:00017dd7       _term_keyinputw            00418dd7 f   terminal.obj
 0001:00017e10       _term_lost_clipboard_ownership 00418e10 f   terminal.obj
 0001:00017e4a       _term_mouse                00418e4a f   terminal.obj
 0001:000184ff       _term_nopaste              004194ff f   terminal.obj
 0001:0001af98       _term_paint                0041bf98 f   terminal.obj
 0001:0001b240       _term_provide_backend      0041c240 f   terminal.obj
 0001:0001b274       _term_provide_logctx       0041c274 f   terminal.obj
 0001:0001b283       _term_pwron                0041c283 f   terminal.obj
 0001:0001b2b9       _term_reconfig             0041c2b9 f   terminal.obj
 0001:0001b5a9       _term_request_copy         0041c5a9 f   terminal.obj
 0001:0001b617       _term_request_paste        0041c617 f   terminal.obj
 0001:0001b758       _term_scroll               0041c758 f   terminal.obj
 0001:0001b7a8       _term_scroll_to_selection  0041c7a8 f   terminal.obj
 0001:0001b804       _term_seen_key_event       0041c804 f   terminal.obj
 0001:0001b847       _term_set_focus            0041c847 f   terminal.obj
 0001:0001b85d       _term_set_trust_status     0041c85d f   terminal.obj
 0001:0001b86c       _term_size                 0041c86c f   terminal.obj
 0001:0001be35       _term_translate            0041ce35 f   terminal.obj
 0001:0001c100       _term_update               0041d100 f   terminal.obj
 0001:0001c7bd       _expire_timer_context      0041d7bd f   timing.obj
 0001:0001c80a       _run_timers                0041d80a f   timing.obj
 0001:0001c8af       _schedule_timer            0041d8af f   timing.obj
 0001:0001c942       _timing_last_clock         0041d942 f   timing.obj
 0001:0001c948       _add234                    0041d948 f   tree234.obj
 0001:0001ceb4       _addpos234                 0041deb4 f   tree234.obj
 0001:0001ceda       _count234                  0041deda f   tree234.obj
 0001:0001cf26       _del234                    0041df26 f   tree234.obj
 0001:0001cf55       _delpos234                 0041df55 f   tree234.obj
 0001:0001d427       _find234                   0041e427 f   tree234.obj
 0001:0001d440       _findrel234                0041e440 f   tree234.obj
 0001:0001d45b       _findrelpos234             0041e45b f   tree234.obj
 0001:0001d592       _freetree234               0041e592 f   tree234.obj
 0001:0001d5a8       _index234                  0041e5a8 f   tree234.obj
 0001:0001d61e       _newtree234                0041e61e f   tree234.obj
 0001:0001d637       _search234_start           0041e637 f   tree234.obj
 0001:0001d657       _search234_step            0041e657 f   tree234.obj
 0001:0001d748       _base64_decode_atom        0041e748 f   utils.obj
 0001:0001d834       _base64_encode_atom        0041e834 f   utils.obj
 0001:0001d8b0       _bufchain_add              0041e8b0 f   utils.obj
 0001:0001d952       _bufchain_clear            0041e952 f   utils.obj
 0001:0001d984       _bufchain_consume          0041e984 f   utils.obj
 0001:0001da0f       _bufchain_fetch            0041ea0f f   utils.obj
 0001:0001da81       _bufchain_fetch_consume    0041ea81 f   utils.obj
 0001:0001daa2       _bufchain_init             0041eaa2 f   utils.obj
 0001:0001dabb       _bufchain_prefix           0041eabb f   utils.obj
 0001:0001daca       _bufchain_size             0041eaca f   utils.obj
 0001:0001dad2       _ctrlparse                 0041ead2 f   utils.obj
 0001:0001db50       _dupcat                    0041eb50 f   utils.obj
 0001:0001dbcf       _dupprintf                 0041ebcf f   utils.obj
 0001:0001dbe0       _dupstr                    0041ebe0 f   utils.obj
 0001:0001dc0f       _dupvprintf                0041ec0f f   utils.obj
 0001:0001dca5       _encode_utf8               0041eca5 f   utils.obj
 0001:0001dd28       _host_strchr               0041ed28 f   utils.obj
 0001:0001dd9c       _host_strcspn              0041ed9c f   utils.obj
 0001:0001ddc2       _host_strduptrim           0041edc2 f   utils.obj
 0001:0001de47       _host_strrchr              0041ee47 f   utils.obj
 0001:0001de67       _ptrlen_endswith           0041ee67 f   utils.obj
 0001:0001decf       _strbuf_append             0041eecf f   utils.obj
 0001:0001df0d       _strbuf_catf               0041ef0d f   utils.obj
 0001:0001df23       _strbuf_catfv              0041ef23 f   utils.obj
 0001:0001df58       _strbuf_free               0041ef58 f   utils.obj
 0001:0001df83       _strbuf_new                0041ef83 f   utils.obj
 0001:0001dfd3       _strbuf_new_nm             0041efd3 f   utils.obj
 0001:0001dfdc       _strbuf_to_str             0041efdc f   utils.obj
 0001:0001e00d       _vsnprintf                 0041f00d f i utils.obj
 0001:0001e086       _mk_wcwidth                0041f086 f   wcwidth.obj
 0001:0001e0dd       _mk_wcwidth_cjk            0041f0dd f   wcwidth.obj
 0001:0001e17e       _win_setup_config_box      0041f17e f   wincfg.obj
 0001:0001eb6c       _beginbox                  0041fb6c f   winctrls.obj
 0001:0001eba4       _button                    0041fba4 f   winctrls.obj
 0001:0001ec20       _checkbox                  0041fc20 f   winctrls.obj
 0001:0001ec76       _combobox                  0041fc76 f   winctrls.obj
 0001:0001ed0f       _ctlposinit                0041fd0f f   winctrls.obj
 0001:0001ed99       _dlg_auto_set_fixed_pitch_flag 0041fd99 f   winctrls.obj
 0001:0001ee63       _dlg_beep                  0041fe63 f   winctrls.obj
 0001:0001ee6c       _dlg_checkbox_get          0041fe6c f   winctrls.obj
 0001:0001eeb5       _dlg_checkbox_set          0041feb5 f   winctrls.obj
 0001:0001eeff       _dlg_coloursel_results     0041feff f   winctrls.obj
 0001:0001ef39       _dlg_coloursel_start       0041ff39 f   winctrls.obj
 0001:0001ef63       _dlg_editbox_get           0041ff63 f   winctrls.obj
 0001:0001efaa       _dlg_editbox_set           0041ffaa f   winctrls.obj
 0001:0001eff4       _dlg_end                   0041fff4 f   winctrls.obj
 0001:0001f00a       _dlg_error_msg             0042000a f   winctrls.obj
 0001:0001f020       _dlg_filesel_get           00420020 f   winctrls.obj
 0001:0001f07a       _dlg_filesel_set           0042007a f   winctrls.obj
 0001:0001f0f7       _dlg_fontsel_get           004200f7 f   winctrls.obj
 0001:0001f136       _dlg_fontsel_set           00420136 f   winctrls.obj
 0001:0001f1f8       _dlg_get_fixed_pitch_flag  004201f8 f   winctrls.obj
 0001:0001f203       _dlg_is_visible            00420203 f   winctrls.obj
 0001:0001f218       _dlg_label_change          00420218 f   winctrls.obj
 0001:0001f2c9       _dlg_last_focused          004202c9 f   winctrls.obj
 0001:0001f2da       _dlg_listbox_add           004202da f   winctrls.obj
 0001:0001f34f       _dlg_listbox_addwithid     0042034f f   winctrls.obj
 0001:0001f3ef       _dlg_listbox_clear         004203ef f   winctrls.obj
 0001:0001f461       _dlg_listbox_getid         00420461 f   winctrls.obj
 0001:0001f4bf       _dlg_listbox_index         004204bf f   winctrls.obj
 0001:0001f565       _dlg_listbox_issel         00420565 f   winctrls.obj
 0001:0001f5c7       _dlg_listbox_select        004205c7 f   winctrls.obj
 0001:0001f62b       _dlg_radiobutton_get       0042062b f   winctrls.obj
 0001:0001f6a6       _dlg_radiobutton_set       004206a6 f   winctrls.obj
 0001:0001f6fe       _dlg_refresh               004206fe f   winctrls.obj
 0001:0001f76c       _dlg_set_fixed_pitch_flag  0042076c f   winctrls.obj
 0001:0001f77b       _dlg_set_focus             0042077b f   winctrls.obj
 0001:0001f7f9       _dlg_update_done           004207f9 f   winctrls.obj
 0001:0001f83e       _dlg_update_start          0042083e f   winctrls.obj
 0001:0001f86f       _doctl                     0042086f f   winctrls.obj
 0001:0001f942       _dp_add_tree               00420942 f   winctrls.obj
 0001:0001f976       _dp_cleanup                00420976 f   winctrls.obj
 0001:0001f98f       _dp_init                   0042098f f   winctrls.obj
 0001:0001f9cd       _editboxfw                 004209cd f   winctrls.obj
 0001:0001fa72       _editbutton                00420a72 f   winctrls.obj
 0001:0001fb84       _endbox                    00420b84 f   winctrls.obj
 0001:0001fbf1       _handle_prefslist          00420bf1 f   winctrls.obj
 0001:0001fe22       _init_common_controls      00420e22 f   winctrls.obj
 0001:0001fe96       _listbox                   00420e96 f   winctrls.obj
 0001:0001ff64       _paneltitle                00420f64 f   winctrls.obj
 0001:0001ffb9       _pl_itemfrompt             00420fb9 f   winctrls.obj
 0001:00020135       _prefslist                 00421135 f   winctrls.obj
 0001:000204fc       _staticbtn                 004214fc f   winctrls.obj
 0001:000205c2       _staticcombo               004215c2 f   winctrls.obj
 0001:00020692       _staticddl                 00421692 f   winctrls.obj
 0001:00020762       _staticddlbig              00421762 f   winctrls.obj
 0001:00020808       _staticedit                00421808 f   winctrls.obj
 0001:000208fb       _staticpassedit            004218fb f   winctrls.obj
 0001:00020919       _statictext                00421919 f   winctrls.obj
 0001:00020973       _staticwrap                00421973 f   winctrls.obj
 0001:00020b27       _winctrl_add               00421b27 f   winctrls.obj
 0001:00020b82       _winctrl_add_shortcuts     00421b82 f   winctrls.obj
 0001:00020bd3       _winctrl_cleanup           00421bd3 f   winctrls.obj
 0001:00020c98       _winctrl_context_help      00421c98 f   winctrls.obj
 0001:00020ce7       _winctrl_findbyctrl        00421ce7 f   winctrls.obj
 0001:00020cff       _winctrl_findbyid          00421cff f   winctrls.obj
 0001:00020d19       _winctrl_findbyindex       00421d19 f   winctrls.obj
 0001:00020d2c       _winctrl_handle_command    00421d2c f   winctrls.obj
 0001:00021673       _winctrl_init              00422673 f   winctrls.obj
 0001:00021696       _winctrl_layout            00422696 f   winctrls.obj
 0001:000220b2       _winctrl_rem_shortcuts     004230b2 f   winctrls.obj
 0001:00022103       _winctrl_remove            00423103 f   winctrls.obj
 0001:0002216c       _platform_default_b        0042316c f   windefs.obj
 0001:00022171       _platform_default_filename 00423171 f   windefs.obj
 0001:00022198       _platform_default_fontspec 00423198 f   windefs.obj
 0001:000221ca       _platform_default_i        004231ca f   windefs.obj
 0001:000221cf       _platform_default_s        004231cf f   windefs.obj
 0001:00022fc6       _defuse_showwindow         00423fc6 f   windlg.obj
 0001:00022ff9       _do_config                 00423ff9 f   windlg.obj
 0001:000230e0       _do_reconfig               004240e0 f   windlg.obj
 0001:0002320f       _force_normal              0042420f f   windlg.obj
 0001:000232b2       _modal_about_box           004242b2 f   windlg.obj
 0001:000232ee       _show_help                 004242ee f   windlg.obj
 0001:000232fc       _showabout                 004242fc f   windlg.obj
 0001:00023316       _showeventlog              00424316 f   windlg.obj
 0001:000233ea       _win_seat_confirm_weak_cached_hostkey 004243ea f   windlg.obj
 0001:00023446       _win_seat_confirm_weak_crypto_primitive 00424446 f   windlg.obj
 0001:000234a2       _win_seat_verify_ssh_host_key 004244a2 f   windlg.obj
 0001:00024d53       _win_seat_get_ttymode      00425d53 f   window.obj
 0001:00024d65       _win_seat_get_window_pixel_size 00425d65 f   window.obj
 0001:00024d80       _win_seat_stripctrl_new    00425d80 f   window.obj
 0001:00025055       _InitMultipleMonitorStubs  00426055 f   window.obj
 0001:0002513f       _IsPlatformNT              0042613f f   window.obj
 0001:00025e17       _WinMain@16                00426e17 f   window.obj
 0001:0002893b       _cleanup_exit              0042993b f   window.obj
 0001:00028c27       _cmdline_error             00429c27 f   window.obj
 0001:00028c75       _cmpCOLORREF               00429c75 f   window.obj
 0001:00028e3c       _do_select                 00429e3c f   window.obj
 0001:0002a74b       _modalfatalbox             0042b74b f   window.obj
 0001:0002a79c       _nonfatal                  0042b79c f   window.obj
 0001:0002b2c7       _timer_change_notify       0042c2c7 f   window.obj
 0001:0002b49c       _write_aclip               0042c49c f   window.obj
 0001:0002b552       _xGetMonitorInfo@8         0042c552 f   window.obj
 0001:0002b603       _xMonitorFromPoint@12      0042c603 f   window.obj
 0001:0002b659       _xMonitorFromRect@8        0042c659 f   window.obj
 0001:0002b6a5       _xMonitorFromWindow@8      0042c6a5 f   window.obj
 0001:0002b793       _handle_free               0042c793 f   winhandl.obj
 0001:0002b7ee       _handle_get_events         0042c7ee f   winhandl.obj
 0001:0002b85c       _handle_get_privdata       0042c85c f   winhandl.obj
 0001:0002b864       _handle_got_event          0042c864 f   winhandl.obj
 0001:0002b981       _handle_input_new          0042c981 f   winhandl.obj
 0001:0002bbba       _handle_output_new         0042cbba f   winhandl.obj
 0001:0002be15       _handle_unthrottle         0042ce15 f   winhandl.obj
 0001:0002be47       _handle_write              0042ce47 f   winhandl.obj
 0001:0002bea9       _handle_write_eof          0042cea9 f   winhandl.obj
 0001:0002bf3e       _has_embedded_chm          0042cf3e f   winhelp.obj
 0001:0002bf75       _has_help                  0042cf75 f   winhelp.obj
 0001:0002bf8d       _init_help                 0042cf8d f   winhelp.obj
 0001:0002c00d       _launch_help               0042d00d f   winhelp.obj
 0001:0002c1fd       _quit_help                 0042d1fd f   winhelp.obj
 0001:0002c22d       _shutdown_help             0042d22d f   winhelp.obj
 0001:0002c5c9       _make_handle_socket        0042d5c9 f   winhsock.obj
 0001:0002c674       _add_session_to_jumplist   0042d674 f   winjump.obj
 0001:0002c6a0       _clear_jumplist            0042d6a0 f   winjump.obj
 0001:0002c910       _remove_session_from_jumplist 0042d910 f   winjump.obj
 0001:0002c93c       _set_explicit_app_user_model_id 0042d93c f   winjump.obj
 0001:0002cd0a       _dll_hijacking_protection  0042dd0a f   winmisc.obj
 0001:0002cd70       _escape_registry_key       0042dd70 f   winmisc.obj
 0001:0002cdfa       _filename_char_sanitise    0042ddfa f   winmisc.obj
 0001:0002ce1e       _filename_copy             0042de1e f   winmisc.obj
 0001:0002ce2b       _filename_deserialise      0042de2b f   winmisc.obj
 0001:0002ce40       _filename_equal            0042de40 f   winmisc.obj
 0001:0002ce5a       _filename_free             0042de5a f   winmisc.obj
 0001:0002ce5a       _fontspec_free             0042de5a f   winmisc.obj
 0001:0002ce70       _filename_from_str         0042de70 f   winmisc.obj
 0001:0002ce90       _filename_serialise        0042de90 f   winmisc.obj
 0001:0002cea5       _filename_to_str           0042dea5 f   winmisc.obj
 0001:0002ceac       _fontspec_copy             0042deac f   winmisc.obj
 0001:0002cec6       _fontspec_deserialise      0042dec6 f   winmisc.obj
 0001:0002cf0d       _fontspec_new              0042df0d f   winmisc.obj
 0001:0002cf42       _fontspec_serialise        0042df42 f   winmisc.obj
 0001:0002cf7f       _get_username              0042df7f f   winmisc.obj
 0001:0002d077       _init_winver               0042e077 f   winmisc.obj
 0001:0002d12b       _load_system32_dll         0042e12b f   winmisc.obj
 0001:0002d1a4       _open_for_write_would_lose_data 0042e1a4 f   winmisc.obj
 0001:0002d1ed       _registry_get_string       0042e1ed f   winmisc.obj
 0001:0002d2a1       _unescape_registry_key     0042e2a1 f   winmisc.obj
 0001:0002d318       _win_strerror              0042e318 f   winmisc.obj
 0001:0002d429       _smemclr                   0042e429 f   winmiscs.obj
 0001:0002d719       _IN6_IS_ADDR_LOOPBACK      0042e719 f i winnet.obj
 0001:0002d82e       _select_result             0042e82e f   winnet.obj
 0001:0002dbde       _sk_addr_error             0042ebde f   winnet.obj
 0001:0002dbe6       _sk_addr_free              0042ebe6 f   winnet.obj
 0001:0002dc1e       _sk_addr_needs_port        0042ec1e f   winnet.obj
 0001:0002dc2a       _sk_addrcopy               0042ec2a f   winnet.obj
 0001:0002dcf0       _sk_address_is_local       0042ecf0 f   winnet.obj
 0001:0002dd8f       _sk_addrtype               0042ed8f f   winnet.obj
 0001:0002ddc2       _sk_cleanup                0042edc2 f   winnet.obj
 0001:0002de79       _sk_getaddr                0042ee79 f   winnet.obj
 0001:0002df41       _sk_hostname_is_local      0042ef41 f   winnet.obj
 0001:0002df86       _sk_init                   0042ef86 f   winnet.obj
 0001:0002e47b       _sk_namelookup             0042f47b f   winnet.obj
 0001:0002e7a0       _sk_new                    0042f7a0 f   winnet.obj
 0001:0002e865       _sk_nonamelookup           0042f865 f   winnet.obj
 0001:0002e91e       _socket_reselect_all       0042f91e f   winnet.obj
 0001:0002ecf0       _try_send                  0042fcf0 f   winnet.obj
 0001:0002edd7       _winsock_error_string      0042fdd7 f   winnet.obj
 0001:0002f155       _printer_finish_enum       00430155 f   winprint.obj
 0001:0002f17d       _printer_finish_job        0043017d f   winprint.obj
 0001:0002f1a7       _printer_get_name          004301a7 f   winprint.obj
 0001:0002f1da       _printer_job_data          004301da f   winprint.obj
 0001:0002f1f8       _printer_start_enum        004301f8 f   winprint.obj
 0001:0002f27c       _printer_start_job         0043027c f   winprint.obj
 0001:0002f2ff       _platform_new_connection   004302ff f   winproxy.obj
 0001:0002f515       _get_user_sid              00430515 f   winsecur.obj
 0001:0002f632       _getsids                   00430632 f   winsecur.obj
 0001:0002f716       _got_advapi                00430716 f   winsecur.obj
 0001:0002f91e       _restrict_process_acl      0043091e f   winsecur.obj
 0001:00030091       _add_to_jumplist_registry  00431091 f   winstore.obj
 0001:000300a4       _cleanup_all               004310a4 f   winstore.obj
 0001:0003017e       _close_settings_r          0043117e f   winstore.obj
 0001:00030198       _close_settings_w          00431198 f   winstore.obj
 0001:00030198       _enum_settings_finish      00431198 f   winstore.obj
 0001:000301ae       _del_settings              004311ae f   winstore.obj
 0001:00030204       _enum_settings_next        00431204 f   winstore.obj
 0001:0003029a       _enum_settings_start       0043129a f   winstore.obj
 0001:000302d7       _get_jumplist_registry_entries 004312d7 f   winstore.obj
 0001:0003032e       _open_settings_r           0043132e f   winstore.obj
 0001:000303be       _open_settings_w           004313be f   winstore.obj
 0001:00030477       _read_setting_filename     00431477 f   winstore.obj
 0001:000304a7       _read_setting_fontspec     004314a7 f   winstore.obj
 0001:00030584       _read_setting_i            00431584 f   winstore.obj
 0001:000305c7       _read_setting_s            004315c7 f   winstore.obj
 0001:000306ef       _remove_from_jumplist_registry 004316ef f   winstore.obj
 0001:00030700       _store_host_key            00431700 f   winstore.obj
 0001:00030a14       _verify_host_key           00431a14 f   winstore.obj
 0001:00030c4c       _write_setting_filename    00431c4c f   winstore.obj
 0001:00030c63       _write_setting_fontspec    00431c63 f   winstore.obj
 0001:00030cf3       _write_setting_i           00431cf3 f   winstore.obj
 0001:00030d13       _write_setting_s           00431d13 f   winstore.obj
 0001:00030d3e       _ltime                     00431d3e f   wintime.obj
 0001:00030dc3       _check_compose             00431dc3 f   winucs.obj
 0001:00030dd6       _check_compose_internal    00431dd6 f   winucs.obj
 0001:00030e7b       _cp_enumerate              00431e7b f   winucs.obj
 0001:00030e95       _cp_name                   00431e95 f   winucs.obj
 0001:00030f3a       _decode_codepage           00431f3a f   winucs.obj
 0001:00031163       _get_unitab                00432163 f   winucs.obj
 0001:00031241       _init_ucs                  00432241 f   winucs.obj
 0001:000316d5       _is_dbcs_leadbyte          004326d5 f   winucs.obj
 0001:0003173b       _mb_to_wc                  0043273b f   winucs.obj
 0001:00031758       _wc_to_mb                  00432758 f   winucs.obj
 0001:000318f3       _xlat_uskbd2cyrllic        004328f3 f   winucs.obj
 0001:00031903       _GetDlgItemText_alloc      00432903 f   winutils.obj
 0001:00031953       _message_box               00432953 f   winutils.obj
 0001:00031a08       _pgp_fingerprints          00432a08 f   winutils.obj
 0001:00031a1f       _request_file              00432a1f f   winutils.obj
 0001:00031ad1       _split_into_argv           00432ad1 f   winutils.obj
 0001:00031d23       _ImmGetContext@4           00432d23 f   imm32:IMM32.dll
 0001:00031d29       _ImmReleaseContext@8       00432d29 f   imm32:IMM32.dll
 0001:00031d2f       _ImmGetCompositionStringW@16 00432d2f f   imm32:IMM32.dll
 0001:00031d35       _ImmSetCompositionFontA@8  00432d35 f   imm32:IMM32.dll
 0001:00031d3b       _ImmSetCompositionWindow@8 00432d3b f   imm32:IMM32.dll
 0001:00031d41       @__security_check_cookie@4 00432d41 f   LIBCMT:secchk.obj
 0001:00031d60       __alloca_probe             00432d60 f   LIBCMT:chkstk.obj
 0001:00031d60       __chkstk                   00432d60 f   LIBCMT:chkstk.obj
 0001:00031d8d       ___raise_securityfailure   00432d8d f   LIBCMT:gs_report.obj
 0001:00031db5       ___report_gsfailure        00432db5 f   LIBCMT:gs_report.obj
 0001:00031eae       ___report_rangecheckfailure 00432eae f   LIBCMT:gs_report.obj
 0001:00031eba       ___report_securityfailure  00432eba f   LIBCMT:gs_report.obj
 0001:000321c9       _WinMainCRTStartup         004331c9 f   LIBCMT:exe_winmain.obj
 0001:00032217       ___scrt_acquire_startup_lock 00433217 f   LIBCMT:utility.obj
 0001:00032249       ___scrt_initialize_crt     00433249 f   LIBCMT:utility.obj
 0001:00032282       ___scrt_initialize_onexit_tables 00433282 f   LIBCMT:utility.obj
 0001:00032309       ___scrt_is_nonwritable_in_current_image 00433309 f   LIBCMT:utility.obj
 0001:0003239d       ___scrt_release_startup_lock 0043339d f   LIBCMT:utility.obj
 0001:000323ba       ___scrt_uninitialize_crt   004333ba f   LIBCMT:utility.obj
 0001:000323e2       __onexit                   004333e2 f   LIBCMT:utility.obj
 0001:0003240f       _atexit                    0043340f f   LIBCMT:utility.obj
 0001:00032471       ___security_init_cookie    00433471 f   LIBCMT:gs_support.obj
 0001:000324bc       __get_startup_argv_mode    004334bc f   LIBCMT:argv_mode.obj
 0001:000324c0       __get_startup_file_mode    004334c0 f   LIBCMT:file_mode.obj
 0001:000324c6       ?__scrt_initialize_type_info@@YAXXZ 004334c6 f   LIBCMT:tncleanup.obj
 0001:000324d2       __initialize_default_precision 004334d2 f   LIBCMT:default_precision.obj
 0001:000324f3       ___scrt_initialize_default_local_stdio_options 004334f3 f   LIBCMT:default_local_stdio_options.obj
 0001:00032510       ___scrt_is_user_matherr_present 00433510 f   LIBCMT:matherr_detection.obj
 0001:0003251c       ___scrt_get_dyn_tls_init_callback 0043351c f   LIBCMT:dyn_tls_init.obj
 0001:00032522       ___scrt_get_dyn_tls_dtor_callback 00433522 f   LIBCMT:dyn_tls_dtor.obj
 0001:00032528       ___scrt_fastfail           00433528 f   LIBCMT:utility_desktop.obj
 0001:00032642       ___scrt_get_show_window_mode 00433642 f   LIBCMT:utility_desktop.obj
 0001:00032673       ___scrt_initialize_mta     00433673 f   LIBCMT:utility_desktop.obj
 0001:00032678       ___scrt_is_managed_app     00433678 f   LIBCMT:utility_desktop.obj
 0001:000326bb       ___scrt_set_unhandled_exception_filter 004336bb f   LIBCMT:utility_desktop.obj
 0001:000326c7       ___scrt_unhandled_exception_filter@4 004336c7 f   LIBCMT:utility_desktop.obj
 0001:00032708       __crt_debugger_hook        00433708 f   LIBCMT:utility_desktop.obj
 0001:00032710       __RTC_Initialize           00433710 f   LIBCMT:initsect.obj
 0001:0003273c       __RTC_Terminate            0043373c f   LIBCMT:initsect.obj
 0001:00032770       __SEH_prolog4              00433770 f   LIBCMT:sehprolg4.obj
 0001:000327b6       __SEH_epilog4              004337b6 f   LIBCMT:sehprolg4.obj
 0001:000327cb       ___isa_available_init      004337cb f   LIBCMT:cpu_disp.obj
 0001:00032962       ___scrt_is_ucrt_dll_in_use 00433962 f   LIBCMT:ucrt_detection.obj
 0001:0003296e       _IsProcessorFeaturePresent@4 0043396e f   kernel32:KERNEL32.dll
 0001:00032980       _memchr                    00433980 f   libvcruntime:memchr.obj
 0001:00032a30       _memcpy                    00433a30 f   libvcruntime:memcpy.obj
 0001:00032fb0       _memmove                   00433fb0 f   libvcruntime:memmove.obj
 0001:00033530       _strchr                    00434530 f   libvcruntime:strchr.obj
 0001:0003359e       ___from_strstr_to_strchr   0043459e     libvcruntime:strchr.obj
 0001:00033660       _strrchr                   00434660 f   libvcruntime:strrchr.obj
 0001:000337a0       _memset                    004347a0 f   libvcruntime:memset.obj
 0001:000338fa       _memcmp                    004348fa f   libvcruntime:memcmp.obj
 0001:000348e0       __except_handler4          004358e0 f   libvcruntime:chandler4.obj
 0001:00034a3e       ___vcrt_initialize         00435a3e f   libvcruntime:initialization.obj
 0001:00034a5d       ___vcrt_uninitialize       00435a5d f   libvcruntime:initialization.obj
 0001:00034a80       __local_unwind4            00435a80 f   libvcruntime:exsup4.obj
 0001:00034b58       __seh_longjmp_unwind4@4    00435b58 f   libvcruntime:exsup4.obj
 0001:00034b80       @_EH4_CallFilterFunc@8     00435b80 f   libvcruntime:exsup4.obj
 0001:00034b98       @_EH4_TransferToHandler@8  00435b98 f   libvcruntime:exsup4.obj
 0001:00034bb4       @_EH4_GlobalUnwind2@8      00435bb4 f   libvcruntime:exsup4.obj
 0001:00034bd0       @_EH4_LocalUnwind@16       00435bd0 f   libvcruntime:exsup4.obj
 0001:00034be7       ___except_validate_context_record 00435be7 f   libvcruntime:jbcxrval.obj
 0001:00034c17       ___except_validate_jump_buffer 00435c17 f   libvcruntime:jbcxrval.obj
 0001:00034c44       ___vcrt_freefls@4          00435c44 f   libvcruntime:per_thread_data.obj
 0001:00034c60       ___vcrt_initialize_ptd     00435c60 f   libvcruntime:per_thread_data.obj
 0001:00034c93       ___vcrt_uninitialize_ptd   00435c93 f   libvcruntime:per_thread_data.obj
 0001:00034cae       ___vcrt_initialize_locks   00435cae f   libvcruntime:locks.obj
 0001:00034cea       ___vcrt_uninitialize_locks 00435cea f   libvcruntime:locks.obj
 0001:00034d20       __global_unwind2           00435d20 f   libvcruntime:exsup.obj
 0001:00034d86       __local_unwind2            00435d86 f   libvcruntime:exsup.obj
 0001:00034e0a       __abnormal_termination     00435e0a f   libvcruntime:exsup.obj
 0001:00034e30       __NLG_Notify1              00435e30 f   libvcruntime:exsup.obj
 0001:00034e3c       __NLG_Notify               00435e3c f   libvcruntime:exsup.obj
 0001:00034e53       __NLG_Dispatch2            00435e53     libvcruntime:exsup.obj
 0001:00034e53       __NLG_Dispatch             00435e53     libvcruntime:exsup.obj
 0001:00034e5b       __NLG_Call                 00435e5b f   libvcruntime:exsup.obj
 0001:00034e5d       __NLG_Return2              00435e5d     libvcruntime:exsup.obj
 0001:00034f53       ___vcrt_FlsAlloc           00435f53 f   libvcruntime:winapi_downlevel.obj
 0001:00034f8e       ___vcrt_FlsFree            00435f8e f   libvcruntime:winapi_downlevel.obj
 0001:00034fc9       ___vcrt_FlsSetValue        00435fc9 f   libvcruntime:winapi_downlevel.obj
 0001:00035007       ___vcrt_InitializeCriticalSectionEx 00436007 f   libvcruntime:winapi_downlevel.obj
 0001:00035050       __CallSettingFrame@12      00436050 f   libvcruntime:lowhelpr.obj
 0001:00035077       __NLG_Return               00436077     libvcruntime:lowhelpr.obj
 0001:0003509c       ___DestructExceptionObject 0043609c f   libvcruntime:ehhelpers.obj
 0001:0003513c       ?_CallMemberFunction0@@YGXQAX0@Z 0043613c f i libvcruntime:ehhelpers.obj
 0001:00035748       ??$ftprintf@PAU_iobuf@@PB_WABQB_WABQB_WABI@?$__crt_char_traits@_W@@SAH$$QAPAU_iobuf@@$$QAPB_WABQB_W2ABI@Z 00436748 f i libucrt:assert.obj
 0001:00035825       __vfwprintf_l              00436825 f i libucrt:assert.obj
 0001:0003584a       __vswprintf_c_l            0043684a f i libucrt:assert.obj
 0001:00035879       __wassert                  00436879 f   libucrt:assert.obj
 0001:000358c1       _fwprintf                  004368c1 f i libucrt:assert.obj
 0001:0003595d       _swprintf                  0043695d f i libucrt:assert.obj
 0001:00035980       _strlen                    00436980 f   libucrt:strlen.obj
 0001:00035a0b       __fclose_nolock            00436a0b f   libucrt:fclose.obj
 0001:00035a82       _fclose                    00436a82 f   libucrt:fclose.obj
 0001:00035bbd       _fopen                     00436bbd f   libucrt:fopen.obj
 0001:00035bd4       __fread_nolock_s           00436bd4 f   libucrt:fread.obj
 0001:00035dba       _fread                     00436dba f   libucrt:fread.obj
 0001:00035dd7       _fread_s                   00436dd7 f   libucrt:fread.obj
 0001:00035e74       ??$is_overflow_condition@K@__crt_strtox@@YA_NIK@Z 00436e74 f i libucrt:atox.obj
 0001:00035ea5       ??$is_overflow_condition@_K@__crt_strtox@@YA_NI_K@Z 00436ea5 f i libucrt:atox.obj
 0001:00035ee6       ??$parse_integer@KV?$c_string_character_source@D@__crt_strtox@@@__crt_strtox@@YAKQAU__crt_locale_pointers@@V?$c_string_character_source@D@0@H_N@Z 00436ee6 f i libucrt:atox.obj
 0001:0003610b       ??$parse_integer@KV?$c_string_character_source@_W@__crt_strtox@@@__crt_strtox@@YAKQAU__crt_locale_pointers@@V?$c_string_character_source@_W@0@H_N@Z 0043710b f i libucrt:atox.obj
 0001:00036713       ??$parse_integer@_KV?$c_string_character_source@D@__crt_strtox@@@__crt_strtox@@YA_KQAU__crt_locale_pointers@@V?$c_string_character_source@D@0@H_N@Z 00437713 f i libucrt:atox.obj
 0001:000369b9       ??0_LocaleUpdate@@QAE@QAU__crt_locale_pointers@@@Z 004379b9 f i libucrt:atox.obj
 0001:00036a3c       ?unget@?$c_string_character_source@D@__crt_strtox@@QAEXD@Z 00437a3c f i libucrt:atox.obj
 0001:00036a65       ?unget@?$c_string_character_source@_W@__crt_strtox@@QAEX_W@Z 00437a65 f i libucrt:atox.obj
 0001:00036a93       ?validate@?$string_output_adapter@D@__crt_stdio_output@@QBE_NXZ 00437a93 f i libucrt:output.obj
 0001:00036a93       ?validate@?$c_string_character_source@D@__crt_strtox@@QBE_NXZ 00437a93 f i libucrt:atox.obj
 0001:00036a93       ?validate@?$string_output_adapter@_W@__crt_stdio_output@@QBE_NXZ 00437a93 f i libucrt:output.obj
 0001:00036a93       ?validate@?$stream_output_adapter@_W@__crt_stdio_output@@QBE_NXZ 00437a93 f i libucrt:output.obj
 0001:00036a93       ?validate@?$c_string_character_source@_W@__crt_strtox@@QBE_NXZ 00437a93 f i libucrt:atox.obj
 0001:00036aae       ___acrt_locale_get_ctype_array_value 00437aae f i libucrt:atox.obj
 0001:00036ad0       __ischartype_l             00437ad0 f i libucrt:atox.obj
 0001:00036b24       _atol                      00437b24 f   libucrt:atox.obj
 0001:00036b24       _atoi                      00437b24 f   libucrt:atox.obj
 0001:00036b50       _strcmp                    00437b50 f   libucrt:strcmp.obj
 0001:00036be0       _strncmp                   00437be0 f   libucrt:strncmp.obj
 0001:00036c60       _strspn                    00437c60 f   libucrt:strspn.obj
 0001:00036ca6       ??$assemble_floating_point_snan@N@__crt_strtox@@YAX_NAAN@Z 00437ca6 f i libucrt:atof.obj
 0001:00036cc7       ??$assemble_floating_point_value_t@M@__crt_strtox@@YA?AW4SLD_STATUS@@_NH_KAAM@Z 00437cc7 f i libucrt:atof.obj
 0001:00036cf7       ??$assemble_floating_point_value_t@N@__crt_strtox@@YA?AW4SLD_STATUS@@_NH_KAAN@Z 00437cf7 f i libucrt:atof.obj
 0001:00036d9d       ??$convert_decimal_string_to_floating_type@M@__crt_strtox@@YA?AW4SLD_STATUS@@ABUfloating_point_string@0@AAM@Z 00437d9d f i libucrt:atof.obj
 0001:00036dbe       ??$convert_decimal_string_to_floating_type@N@__crt_strtox@@YA?AW4SLD_STATUS@@ABUfloating_point_string@0@AAN@Z 00437dbe f i libucrt:atof.obj
 0001:00036ddf       ??$convert_hexadecimal_string_to_floating_type@M@__crt_strtox@@YA?AW4SLD_STATUS@@ABUfloating_point_string@0@AAM@Z 00437ddf f i libucrt:atof.obj
 0001:00036e00       ??$convert_hexadecimal_string_to_floating_type@N@__crt_strtox@@YA?AW4SLD_STATUS@@ABUfloating_point_string@0@AAN@Z 00437e00 f i libucrt:atof.obj
 0001:00036e21       ??$parse_floating_point@V?$c_string_character_source@D@__crt_strtox@@N@__crt_strtox@@YA?AW4SLD_STATUS@@QAU__crt_locale_pointers@@V?$c_string_character_source@D@0@QAN@Z 00437e21 f i libucrt:atof.obj
 0001:00036e95       ??$parse_floating_point_from_source@V?$c_string_character_source@D@__crt_strtox@@@__crt_strtox@@YA?AW4floating_point_parse_result@0@QAU__crt_locale_pointers@@AAV?$c_string_character_source@D@0@AAUfloating_point_string@0@@Z 00437e95 f i libucrt:atof.obj
 0001:0003727e       ??$parse_floating_point_possible_infinity@DV?$c_string_character_source@D@__crt_strtox@@PBD@__crt_strtox@@YA?AW4floating_point_parse_result@0@AADAAV?$c_string_character_source@D@0@PBD@Z 0043827e f i libucrt:atof.obj
 0001:0003731f       ??$parse_floating_point_possible_nan@DV?$c_string_character_source@D@__crt_strtox@@PBD@__crt_strtox@@YA?AW4floating_point_parse_result@0@AADAAV?$c_string_character_source@D@0@PBD@Z 0043831f f i libucrt:atof.obj
 0001:0003742e       ??$parse_floating_point_possible_nan_is_ind@DV?$c_string_character_source@D@__crt_strtox@@@__crt_strtox@@YA_NAADAAV?$c_string_character_source@D@0@@Z 0043842e f i libucrt:atof.obj
 0001:0003746a       ??$parse_floating_point_possible_nan_is_snan@DV?$c_string_character_source@D@__crt_strtox@@@__crt_strtox@@YA_NAADAAV?$c_string_character_source@D@0@@Z 0043846a f i libucrt:atof.obj
 0001:000374a6       ??$parse_floating_point_write_result@M@__crt_strtox@@YA?AW4SLD_STATUS@@W4floating_point_parse_result@0@ABUfloating_point_string@0@QAM@Z 004384a6 f i libucrt:atof.obj
 0001:00037612       ??$parse_floating_point_write_result@N@__crt_strtox@@YA?AW4SLD_STATUS@@W4floating_point_parse_result@0@ABUfloating_point_string@0@QAN@Z 00438612 f i libucrt:atof.obj
 0001:0003775c       ?as_double@floating_point_value@__crt_strtox@@QBEAANXZ 0043875c f i libucrt:atof.obj
 0001:00037781       ?as_float@floating_point_value@__crt_strtox@@QBEAAMXZ 00438781 f i libucrt:atof.obj
 0001:000377a6       ?assemble_floating_point_infinity@__crt_strtox@@YAX_NABVfloating_point_value@1@@Z 004387a6 f i libucrt:atof.obj
 0001:000377e6       ?assemble_floating_point_value@__crt_strtox@@YA?AW4SLD_STATUS@@_KH_N1ABVfloating_point_value@1@@Z 004387e6 f i libucrt:atof.obj
 0001:00037b2f       ?assemble_floating_point_value_from_big_integer@__crt_strtox@@YA?AW4SLD_STATUS@@ABUbig_integer@1@I_N1ABVfloating_point_value@1@@Z 00438b2f f i libucrt:atof.obj
 0001:00037cc3       ?assemble_floating_point_zero@__crt_strtox@@YAX_NABVfloating_point_value@1@@Z 00438cc3 f i libucrt:atof.obj
 0001:00037cf8       ?convert_decimal_string_to_floating_type_common@__crt_strtox@@YA?AW4SLD_STATUS@@ABUfloating_point_string@1@ABVfloating_point_value@1@@Z 00438cf8 f i libucrt:atof.obj
 0001:00039a37       ?convert_hexadecimal_string_to_floating_type_common@__crt_strtox@@YA?AW4SLD_STATUS@@ABUfloating_point_string@1@ABVfloating_point_value@1@@Z 0043aa37 f i libucrt:atof.obj
 0001:00039add       ?denormal_mantissa_mask@floating_point_value@__crt_strtox@@QBE_KXZ 0043aadd f i libucrt:atof.obj
 0001:00039b00       ?divide@__crt_strtox@@YA_KAAUbig_integer@1@ABU21@@Z 0043ab00 f i libucrt:atof.obj
 0001:00039f98       ?normal_mantissa_mask@floating_point_value@__crt_strtox@@QBE_KXZ 0043af98 f i libucrt:atof.obj
 0001:00039faf       _atof                      0043afaf f   libucrt:atof.obj
 0001:0003a322       ??$count@D@formatting_buffer@__crt_stdio_output@@QBEIXZ 0043b322 f i libucrt:output.obj
 0001:0003a33a       ??$count@_W@formatting_buffer@__crt_stdio_output@@QBEIXZ 0043b33a f i libucrt:output.obj
 0001:0003a353       ??$ensure_buffer_is_big_enough@D@formatting_buffer@__crt_stdio_output@@QAE_NI@Z 0043b353 f i libucrt:output.obj
 0001:0003a3d0       ??$ensure_buffer_is_big_enough@_W@formatting_buffer@__crt_stdio_output@@QAE_NI@Z 0043b3d0 f i libucrt:output.obj
 0001:0003a44e       ??$is_wide_character_specifier@D@__crt_stdio_output@@YA_N_KDW4length_modifier@0@@Z 0043b44e f i libucrt:output.obj
 0001:0003a47f       ??$is_wide_character_specifier@_W@__crt_stdio_output@@YA_N_K_WW4length_modifier@0@@Z 0043b47f f i libucrt:output.obj
 0001:0003a4cd       ??$scratch_data@D@formatting_buffer@__crt_stdio_output@@QAEPADXZ 0043b4cd f i libucrt:output.obj
 0001:0003a4eb       ??$type_case_integer_parse_into_buffer@I@?$output_processor@DV?$string_output_adapter@D@__crt_stdio_output@@V?$standard_base@DV?$string_output_adapter@D@__crt_stdio_output@@@2@@__crt_stdio_output@@AAEXII_N@Z 0043b4eb f i libucrt:output.obj
 0001:0003a55e       ??$type_case_integer_parse_into_buffer@I@?$output_processor@_WV?$string_output_adapter@_W@__crt_stdio_output@@V?$standard_base@_WV?$string_output_adapter@_W@__crt_stdio_output@@@2@@__crt_stdio_output@@AAEXII_N@Z 0043b55e f i libucrt:output.obj
 0001:0003a55e       ??$type_case_integer_parse_into_buffer@I@?$output_processor@_WV?$stream_output_adapter@_W@__crt_stdio_output@@V?$standard_base@_WV?$stream_output_adapter@_W@__crt_stdio_output@@@2@@__crt_stdio_output@@AAEXII_N@Z 0043b55e f i libucrt:output.obj
 0001:0003a5e5       ??$type_case_integer_parse_into_buffer@_K@?$output_processor@DV?$string_output_adapter@D@__crt_stdio_output@@V?$standard_base@DV?$string_output_adapter@D@__crt_stdio_output@@@2@@__crt_stdio_output@@AAEX_KI_N@Z 0043b5e5 f i libucrt:output.obj
 0001:0003a673       ??$type_case_integer_parse_into_buffer@_K@?$output_processor@_WV?$stream_output_adapter@_W@__crt_stdio_output@@V?$standard_base@_WV?$stream_output_adapter@_W@__crt_stdio_output@@@2@@__crt_stdio_output@@AAEX_KI_N@Z 0043b673 f i libucrt:output.obj
 0001:0003a673       ??$type_case_integer_parse_into_buffer@_K@?$output_processor@_WV?$string_output_adapter@_W@__crt_stdio_output@@V?$standard_base@_WV?$string_output_adapter@_W@__crt_stdio_output@@@2@@__crt_stdio_output@@AAEX_KI_N@Z 0043b673 f i libucrt:output.obj
 0001:0003a715       ??$write_multiple_characters@V?$stream_output_adapter@_W@__crt_stdio_output@@D@__crt_stdio_output@@YAXABV?$stream_output_adapter@_W@0@DHQAH@Z 0043b715 f i libucrt:output.obj
 0001:0003a755       ??$write_multiple_characters@V?$string_output_adapter@D@__crt_stdio_output@@D@__crt_stdio_output@@YAXABV?$string_output_adapter@D@0@DHQAH@Z 0043b755 f i libucrt:output.obj
 0001:0003a781       ??$write_multiple_characters@V?$string_output_adapter@_W@__crt_stdio_output@@D@__crt_stdio_output@@YAXABV?$string_output_adapter@_W@0@DHQAH@Z 0043b781 f i libucrt:output.obj
 0001:0003a7b2       ??0?$common_data@D@__crt_stdio_output@@IAE@XZ 0043b7b2 f i libucrt:output.obj
 0001:0003a7f7       ??0?$common_data@_W@__crt_stdio_output@@IAE@XZ 0043b7f7 f i libucrt:output.obj
 0001:0003a841       ??0?$output_adapter_data@DV?$string_output_adapter@D@__crt_stdio_output@@@__crt_stdio_output@@IAE@ABV?$string_output_adapter@D@1@_KQBDQAU__crt_locale_pointers@@QAD@Z 0043b841 f i libucrt:output.obj
 0001:0003a87d       ??0?$output_adapter_data@_WV?$string_output_adapter@_W@__crt_stdio_output@@@__crt_stdio_output@@IAE@ABV?$string_output_adapter@_W@1@_KQB_WQAU__crt_locale_pointers@@QAD@Z 0043b87d f i libucrt:output.obj
 0001:0003a87d       ??0?$output_adapter_data@_WV?$stream_output_adapter@_W@__crt_stdio_output@@@__crt_stdio_output@@IAE@ABV?$stream_output_adapter@_W@1@_KQB_WQAU__crt_locale_pointers@@QAD@Z 0043b87d f i libucrt:output.obj
 0001:0003a8b9       ??1formatting_buffer@__crt_stdio_output@@QAE@XZ 0043b8b9 f i libucrt:output.obj
 0001:0003a8d3       ??4?$__crt_unique_heap_ptr@DU__crt_internal_free_policy@@@@QAEAAV0@$$QAV0@@Z 0043b8d3 f i libucrt:output.obj
 0001:0003a9b6       ?crop_zeroes@__crt_stdio_output@@YAXPADQAU__crt_locale_pointers@@@Z 0043b9b6 f i libucrt:output.obj
 0001:0003aa16       ?find_next_state@?$output_processor@DV?$string_output_adapter@D@__crt_stdio_output@@V?$standard_base@DV?$string_output_adapter@D@__crt_stdio_output@@@2@@__crt_stdio_output@@ABE?AW4state@2@DW432@@Z 0043ba16 f i libucrt:output.obj
 0001:0003aa53       ?find_next_state@?$output_processor@_WV?$stream_output_adapter@_W@__crt_stdio_output@@V?$standard_base@_WV?$stream_output_adapter@_W@__crt_stdio_output@@@2@@__crt_stdio_output@@ABE?AW4state@2@_WW432@@Z 0043ba53 f i libucrt:output.obj
 0001:0003aa53       ?find_next_state@?$output_processor@_WV?$string_output_adapter@_W@__crt_stdio_output@@V?$standard_base@_WV?$string_output_adapter@_W@__crt_stdio_output@@@2@@__crt_stdio_output@@ABE?AW4state@2@_WW432@@Z 0043ba53 f i libucrt:output.obj
 0001:0003aa92       ?force_decimal_point@__crt_stdio_output@@YAXPADQAU__crt_locale_pointers@@@Z 0043ba92 f i libucrt:output.obj
 0001:0003aaee       ?parse_int_from_format_string@?$output_processor@DV?$string_output_adapter@D@__crt_stdio_output@@V?$standard_base@DV?$string_output_adapter@D@__crt_stdio_output@@@2@@__crt_stdio_output@@AAE_NQAH@Z 0043baee f i libucrt:output.obj
 0001:0003ab62       ?parse_int_from_format_string@?$output_processor@_WV?$string_output_adapter@_W@__crt_stdio_output@@V?$standard_base@_WV?$string_output_adapter@_W@__crt_stdio_output@@@2@@__crt_stdio_output@@AAE_NQAH@Z 0043bb62 f i libucrt:output.obj
 0001:0003ab62       ?parse_int_from_format_string@?$output_processor@_WV?$stream_output_adapter@_W@__crt_stdio_output@@V?$standard_base@_WV?$stream_output_adapter@_W@__crt_stdio_output@@@2@@__crt_stdio_output@@AAE_NQAH@Z 0043bb62 f i libucrt:output.obj
 0001:0003abd8       ?process@?$output_processor@DV?$string_output_adapter@D@__crt_stdio_output@@V?$standard_base@DV?$string_output_adapter@D@__crt_stdio_output@@@2@@__crt_stdio_output@@QAEHXZ 0043bbd8 f i libucrt:output.obj
 0001:0003acec       ?process@?$output_processor@_WV?$stream_output_adapter@_W@__crt_stdio_output@@V?$standard_base@_WV?$stream_output_adapter@_W@__crt_stdio_output@@@2@@__crt_stdio_output@@QAEHXZ 0043bcec f i libucrt:output.obj
 0001:0003ae08       ?process@?$output_processor@_WV?$string_output_adapter@_W@__crt_stdio_output@@V?$standard_base@_WV?$string_output_adapter@_W@__crt_stdio_output@@@2@@__crt_stdio_output@@QAEHXZ 0043be08 f i libucrt:output.obj
 0001:0003af24       ?state_case_flag@?$output_processor@DV?$string_output_adapter@D@__crt_stdio_output@@V?$standard_base@DV?$string_output_adapter@D@__crt_stdio_output@@@2@@__crt_stdio_output@@AAE_NXZ 0043bf24 f i libucrt:output.obj
 0001:0003af61       ?state_case_flag@?$output_processor@_WV?$string_output_adapter@_W@__crt_stdio_output@@V?$standard_base@_WV?$string_output_adapter@_W@__crt_stdio_output@@@2@@__crt_stdio_output@@AAE_NXZ 0043bf61 f i libucrt:output.obj
 0001:0003af61       ?state_case_flag@?$output_processor@_WV?$stream_output_adapter@_W@__crt_stdio_output@@V?$standard_base@_WV?$stream_output_adapter@_W@__crt_stdio_output@@@2@@__crt_stdio_output@@AAE_NXZ 0043bf61 f i libucrt:output.obj
 0001:0003af9e       ?state_case_normal@?$output_processor@DV?$string_output_adapter@D@__crt_stdio_output@@V?$standard_base@DV?$string_output_adapter@D@__crt_stdio_output@@@2@@__crt_stdio_output@@AAE_NXZ 0043bf9e f i libucrt:output.obj
 0001:0003afbd       ?state_case_normal@?$output_processor@_WV?$stream_output_adapter@_W@__crt_stdio_output@@V?$standard_base@_WV?$stream_output_adapter@_W@__crt_stdio_output@@@2@@__crt_stdio_output@@AAE_NXZ 0043bfbd f i libucrt:output.obj
 0001:0003afdc       ?state_case_normal@?$output_processor@_WV?$string_output_adapter@_W@__crt_stdio_output@@V?$standard_base@_WV?$string_output_adapter@_W@__crt_stdio_output@@@2@@__crt_stdio_output@@AAE_NXZ 0043bfdc f i libucrt:output.obj
 0001:0003affb       ?state_case_normal_common@?$output_processor@DV?$string_output_adapter@D@__crt_stdio_output@@V?$standard_base@DV?$string_output_adapter@D@__crt_stdio_output@@@2@@__crt_stdio_output@@AAE_NXZ 0043bffb f i libucrt:output.obj
 0001:0003b025       ?state_case_normal_common@?$output_processor@_WV?$stream_output_adapter@_W@__crt_stdio_output@@V?$standard_base@_WV?$stream_output_adapter@_W@__crt_stdio_output@@@2@@__crt_stdio_output@@AAE_NXZ 0043c025 f i libucrt:output.obj
 0001:0003b04f       ?state_case_normal_common@?$output_processor@_WV?$string_output_adapter@_W@__crt_stdio_output@@V?$standard_base@_WV?$string_output_adapter@_W@__crt_stdio_output@@@2@@__crt_stdio_output@@AAE_NXZ 0043c04f f i libucrt:output.obj
 0001:0003b06a       ?state_case_normal_tchar@?$output_processor@DV?$string_output_adapter@D@__crt_stdio_output@@V?$standard_base@DV?$string_output_adapter@D@__crt_stdio_output@@@2@@__crt_stdio_output@@AAE_ND@Z 0043c06a f i libucrt:output.obj
 0001:0003b0ce       ?state_case_precision@?$output_processor@DV?$string_output_adapter@D@__crt_stdio_output@@V?$standard_base@DV?$string_output_adapter@D@__crt_stdio_output@@@2@@__crt_stdio_output@@AAE_NXZ 0043c0ce f i libucrt:output.obj
 0001:0003b0f4       ?state_case_precision@?$output_processor@_WV?$string_output_adapter@_W@__crt_stdio_output@@V?$standard_base@_WV?$string_output_adapter@_W@__crt_stdio_output@@@2@@__crt_stdio_output@@AAE_NXZ 0043c0f4 f i libucrt:output.obj
 0001:0003b0f4       ?state_case_precision@?$output_processor@_WV?$stream_output_adapter@_W@__crt_stdio_output@@V?$standard_base@_WV?$stream_output_adapter@_W@__crt_stdio_output@@@2@@__crt_stdio_output@@AAE_NXZ 0043c0f4 f i libucrt:output.obj
 0001:0003b11b       ?state_case_size@?$output_processor@DV?$string_output_adapter@D@__crt_stdio_output@@V?$standard_base@DV?$string_output_adapter@D@__crt_stdio_output@@@2@@__crt_stdio_output@@AAE_NXZ 0043c11b f i libucrt:output.obj
 0001:0003b269       ?state_case_size@?$output_processor@_WV?$stream_output_adapter@_W@__crt_stdio_output@@V?$standard_base@_WV?$stream_output_adapter@_W@__crt_stdio_output@@@2@@__crt_stdio_output@@AAE_NXZ 0043c269 f i libucrt:output.obj
 0001:0003b3e1       ?state_case_size@?$output_processor@_WV?$string_output_adapter@_W@__crt_stdio_output@@V?$standard_base@_WV?$string_output_adapter@_W@__crt_stdio_output@@@2@@__crt_stdio_output@@AAE_NXZ 0043c3e1 f i libucrt:output.obj
 0001:0003b559       ?state_case_type@?$output_processor@DV?$string_output_adapter@D@__crt_stdio_output@@V?$standard_base@DV?$string_output_adapter@D@__crt_stdio_output@@@2@@__crt_stdio_output@@AAE_NXZ 0043c559 f i libucrt:output.obj
 0001:0003b78b       ?state_case_type@?$output_processor@_WV?$stream_output_adapter@_W@__crt_stdio_output@@V?$standard_base@_WV?$stream_output_adapter@_W@__crt_stdio_output@@@2@@__crt_stdio_output@@AAE_NXZ 0043c78b f i libucrt:output.obj
 0001:0003b9f0       ?state_case_type@?$output_processor@_WV?$string_output_adapter@_W@__crt_stdio_output@@V?$standard_base@_WV?$string_output_adapter@_W@__crt_stdio_output@@@2@@__crt_stdio_output@@AAE_NXZ 0043c9f0 f i libucrt:output.obj
 0001:0003bc55       ?state_case_width@?$output_processor@DV?$string_output_adapter@D@__crt_stdio_output@@V?$standard_base@DV?$string_output_adapter@D@__crt_stdio_output@@@2@@__crt_stdio_output@@AAE_NXZ 0043cc55 f i libucrt:output.obj
 0001:0003bc80       ?state_case_width@?$output_processor@_WV?$string_output_adapter@_W@__crt_stdio_output@@V?$standard_base@_WV?$string_output_adapter@_W@__crt_stdio_output@@@2@@__crt_stdio_output@@AAE_NXZ 0043cc80 f i libucrt:output.obj
 0001:0003bc80       ?state_case_width@?$output_processor@_WV?$stream_output_adapter@_W@__crt_stdio_output@@V?$standard_base@_WV?$stream_output_adapter@_W@__crt_stdio_output@@@2@@__crt_stdio_output@@AAE_NXZ 0043cc80 f i libucrt:output.obj
 0001:0003bcac       ?to_integer_size@__crt_stdio_output@@YAIW4length_modifier@1@@Z 0043ccac f i libucrt:output.obj
 0001:0003bd00       ?type_case_Z@?$output_processor@DV?$string_output_adapter@D@__crt_stdio_output@@V?$standard_base@DV?$string_output_adapter@D@__crt_stdio_output@@@2@@__crt_stdio_output@@AAE_NXZ 0043cd00 f i libucrt:output.obj
 0001:0003bd5a       ?type_case_Z@?$output_processor@_WV?$stream_output_adapter@_W@__crt_stdio_output@@V?$standard_base@_WV?$stream_output_adapter@_W@__crt_stdio_output@@@2@@__crt_stdio_output@@AAE_NXZ 0043cd5a f i libucrt:output.obj
 0001:0003bd5a       ?type_case_Z@?$output_processor@_WV?$string_output_adapter@_W@__crt_stdio_output@@V?$standard_base@_WV?$string_output_adapter@_W@__crt_stdio_output@@@2@@__crt_stdio_output@@AAE_NXZ 0043cd5a f i libucrt:output.obj
 0001:0003bdb4       ?type_case_a@?$output_processor@DV?$string_output_adapter@D@__crt_stdio_output@@V?$standard_base@DV?$string_output_adapter@D@__crt_stdio_output@@@2@@__crt_stdio_output@@AAE_NXZ 0043cdb4 f i libucrt:output.obj
 0001:0003bf03       ?type_case_a@?$output_processor@_WV?$stream_output_adapter@_W@__crt_stdio_output@@V?$standard_base@_WV?$stream_output_adapter@_W@__crt_stdio_output@@@2@@__crt_stdio_output@@AAE_NXZ 0043cf03 f i libucrt:output.obj
 0001:0003bf03       ?type_case_a@?$output_processor@_WV?$string_output_adapter@_W@__crt_stdio_output@@V?$standard_base@_WV?$string_output_adapter@_W@__crt_stdio_output@@@2@@__crt_stdio_output@@AAE_NXZ 0043cf03 f i libucrt:output.obj
 0001:0003c068       ?type_case_c_tchar@?$output_processor@DV?$string_output_adapter@D@__crt_stdio_output@@V?$standard_base@DV?$string_output_adapter@D@__crt_stdio_output@@@2@@__crt_stdio_output@@AAE_ND@Z 0043d068 f i libucrt:output.obj
 0001:0003c0f8       ?type_case_c_tchar@?$output_processor@_WV?$string_output_adapter@_W@__crt_stdio_output@@V?$standard_base@_WV?$string_output_adapter@_W@__crt_stdio_output@@@2@@__crt_stdio_output@@AAE_N_W@Z 0043d0f8 f i libucrt:output.obj
 0001:0003c0f8       ?type_case_c_tchar@?$output_processor@_WV?$stream_output_adapter@_W@__crt_stdio_output@@V?$standard_base@_WV?$stream_output_adapter@_W@__crt_stdio_output@@@2@@__crt_stdio_output@@AAE_N_W@Z 0043d0f8 f i libucrt:output.obj
 0001:0003c18e       ?type_case_integer@?$output_processor@DV?$string_output_adapter@D@__crt_stdio_output@@V?$standard_base@DV?$string_output_adapter@D@__crt_stdio_output@@@2@@__crt_stdio_output@@AAE_NI_N@Z 0043d18e f i libucrt:output.obj
 0001:0003c2df       ?type_case_integer@?$output_processor@_WV?$string_output_adapter@_W@__crt_stdio_output@@V?$standard_base@_WV?$string_output_adapter@_W@__crt_stdio_output@@@2@@__crt_stdio_output@@AAE_NI_N@Z 0043d2df f i libucrt:output.obj
 0001:0003c2df       ?type_case_integer@?$output_processor@_WV?$stream_output_adapter@_W@__crt_stdio_output@@V?$standard_base@_WV?$stream_output_adapter@_W@__crt_stdio_output@@@2@@__crt_stdio_output@@AAE_NI_N@Z 0043d2df f i libucrt:output.obj
 0001:0003c434       ?type_case_n@?$output_processor@_WV?$string_output_adapter@_W@__crt_stdio_output@@V?$standard_base@_WV?$string_output_adapter@_W@__crt_stdio_output@@@2@@__crt_stdio_output@@AAE_NXZ 0043d434 f i libucrt:output.obj
 0001:0003c434       ?type_case_n@?$output_processor@_WV?$stream_output_adapter@_W@__crt_stdio_output@@V?$standard_base@_WV?$stream_output_adapter@_W@__crt_stdio_output@@@2@@__crt_stdio_output@@AAE_NXZ 0043d434 f i libucrt:output.obj
 0001:0003c434       ?type_case_n@?$output_processor@DV?$string_output_adapter@D@__crt_stdio_output@@V?$standard_base@DV?$string_output_adapter@D@__crt_stdio_output@@@2@@__crt_stdio_output@@AAE_NXZ 0043d434 f i libucrt:output.obj
 0001:0003c4a8       ?type_case_o@?$output_processor@DV?$string_output_adapter@D@__crt_stdio_output@@V?$standard_base@DV?$string_output_adapter@D@__crt_stdio_output@@@2@@__crt_stdio_output@@AAE_NXZ 0043d4a8 f i libucrt:output.obj
 0001:0003c4c7       ?type_case_o@?$output_processor@_WV?$string_output_adapter@_W@__crt_stdio_output@@V?$standard_base@_WV?$string_output_adapter@_W@__crt_stdio_output@@@2@@__crt_stdio_output@@AAE_NXZ 0043d4c7 f i libucrt:output.obj
 0001:0003c4c7       ?type_case_o@?$output_processor@_WV?$stream_output_adapter@_W@__crt_stdio_output@@V?$standard_base@_WV?$stream_output_adapter@_W@__crt_stdio_output@@@2@@__crt_stdio_output@@AAE_NXZ 0043d4c7 f i libucrt:output.obj
 0001:0003c4e6       ?type_case_p@?$output_processor@DV?$string_output_adapter@D@__crt_stdio_output@@V?$standard_base@DV?$string_output_adapter@D@__crt_stdio_output@@@2@@__crt_stdio_output@@AAE_NXZ 0043d4e6 f i libucrt:output.obj
 0001:0003c4fe       ?type_case_p@?$output_processor@_WV?$stream_output_adapter@_W@__crt_stdio_output@@V?$standard_base@_WV?$stream_output_adapter@_W@__crt_stdio_output@@@2@@__crt_stdio_output@@AAE_NXZ 0043d4fe f i libucrt:output.obj
 0001:0003c4fe       ?type_case_p@?$output_processor@_WV?$string_output_adapter@_W@__crt_stdio_output@@V?$standard_base@_WV?$string_output_adapter@_W@__crt_stdio_output@@@2@@__crt_stdio_output@@AAE_NXZ 0043d4fe f i libucrt:output.obj
 0001:0003c516       ?type_case_s@?$output_processor@DV?$string_output_adapter@D@__crt_stdio_output@@V?$standard_base@DV?$string_output_adapter@D@__crt_stdio_output@@@2@@__crt_stdio_output@@AAE_NXZ 0043d516 f i libucrt:output.obj
 0001:0003c587       ?type_case_s@?$output_processor@_WV?$stream_output_adapter@_W@__crt_stdio_output@@V?$standard_base@_WV?$stream_output_adapter@_W@__crt_stdio_output@@@2@@__crt_stdio_output@@AAE_NXZ 0043d587 f i libucrt:output.obj
 0001:0003c587       ?type_case_s@?$output_processor@_WV?$string_output_adapter@_W@__crt_stdio_output@@V?$standard_base@_WV?$string_output_adapter@_W@__crt_stdio_output@@@2@@__crt_stdio_output@@AAE_NXZ 0043d587 f i libucrt:output.obj
 0001:0003c5fa       ?type_case_s_compute_narrow_string_length@?$output_processor@_WV?$stream_output_adapter@_W@__crt_stdio_output@@V?$standard_base@_WV?$stream_output_adapter@_W@__crt_stdio_output@@@2@@__crt_stdio_output@@ABEHH_W@Z 0043d5fa f i libucrt:output.obj
 0001:0003c5fa       ?type_case_s_compute_narrow_string_length@?$output_processor@_WV?$string_output_adapter@_W@__crt_stdio_output@@V?$standard_base@_WV?$string_output_adapter@_W@__crt_stdio_output@@@2@@__crt_stdio_output@@ABEHH_W@Z 0043d5fa f i libucrt:output.obj
 0001:0003c641       ?write_character@?$string_output_adapter@D@__crt_stdio_output@@QBE_NDQAH@Z 0043d641 f i libucrt:output.obj
 0001:0003c683       ?write_character@?$string_output_adapter@_W@__crt_stdio_output@@QBE_N_WQAH@Z 0043d683 f i libucrt:output.obj
 0001:0003c6c8       ?write_character_without_count_update@?$stream_output_adapter@_W@__crt_stdio_output@@QBE_N_W@Z 0043d6c8 f i libucrt:output.obj
 0001:0003c701       ?write_stored_string_tchar@?$output_processor@DV?$string_output_adapter@D@__crt_stdio_output@@V?$standard_base@DV?$string_output_adapter@D@__crt_stdio_output@@@2@@__crt_stdio_output@@AAE_ND@Z 0043d701 f i libucrt:output.obj
 0001:0003c7a8       ?write_stored_string_tchar@?$output_processor@_WV?$stream_output_adapter@_W@__crt_stdio_output@@V?$standard_base@_WV?$stream_output_adapter@_W@__crt_stdio_output@@@2@@__crt_stdio_output@@AAE_N_W@Z 0043d7a8 f i libucrt:output.obj
 0001:0003c83b       ?write_stored_string_tchar@?$output_processor@_WV?$string_output_adapter@_W@__crt_stdio_output@@V?$standard_base@_WV?$string_output_adapter@_W@__crt_stdio_output@@@2@@__crt_stdio_output@@AAE_N_W@Z 0043d83b f i libucrt:output.obj
 0001:0003c8ce       ?write_string@?$stream_output_adapter@_W@__crt_stdio_output@@QBEXQB_WHQAHAAV__crt_deferred_errno_cache@@@Z 0043d8ce f i libucrt:output.obj
 0001:0003c8fa       ?write_string@?$string_output_adapter@D@__crt_stdio_output@@QBEXQBDHQAHAAV__crt_deferred_errno_cache@@@Z 0043d8fa f i libucrt:output.obj
 0001:0003c961       ?write_string@?$string_output_adapter@_W@__crt_stdio_output@@QBEXQB_WHQAHAAV__crt_deferred_errno_cache@@@Z 0043d961 f i libucrt:output.obj
 0001:0003c9d2       ?write_string_impl@?$output_adapter_common@_WV?$stream_output_adapter@_W@__crt_stdio_output@@@__crt_stdio_output@@IBEXQB_WHQAHAAV__crt_deferred_errno_cache@@@Z 0043d9d2 f i libucrt:output.obj
 0001:0003ca73       ___stdio_common_vfwprintf  0043da73 f   libucrt:output.obj
 0001:0003caf6       ___stdio_common_vsprintf   0043daf6 f   libucrt:output.obj
 0001:0003cb1a       ___stdio_common_vswprintf  0043db1a f   libucrt:output.obj
 0001:0003cb3e       __isalnum_l                0043db3e f i libucrt:_ctype.obj
 0001:0003cb77       __isdigit_l                0043db77 f i libucrt:_ctype.obj
 0001:0003cbad       __isspace_l                0043dbad f i libucrt:_ctype.obj
 0001:0003cbe3       __isxdigit_l               0043dbe3 f i libucrt:_ctype.obj
 0001:0003cc1c       _isalnum                   0043dc1c f i libucrt:_ctype.obj
 0001:0003cc50       _isdigit                   0043dc50 f i libucrt:_ctype.obj
 0001:0003cc81       _isspace                   0043dc81 f i libucrt:_ctype.obj
 0001:0003ccb2       _isxdigit                  0043dcb2 f i libucrt:_ctype.obj
 0001:0003cf23       ___acrt_stdio_flush_nolock 0043df23 f   libucrt:fflush.obj
 0001:0003cf88       __fflush_nolock            0043df88 f   libucrt:fflush.obj
 0001:0003cfd0       __flushall                 0043dfd0 f   libucrt:fflush.obj
 0001:0003cfd9       _fflush                    0043dfd9 f   libucrt:fflush.obj
 0001:0003d0cc       __fwrite_nolock            0043e0cc f   libucrt:fwrite.obj
 0001:0003d24d       _fwrite                    0043e24d f   libucrt:fwrite.obj
 0001:0003d2b0       __tolower_l                0043e2b0 f   libucrt:tolower_toupper.obj
 0001:0003d3b4       __toupper_l                0043e3b4 f   libucrt:tolower_toupper.obj
 0001:0003d4b9       _tolower                   0043e4b9 f   libucrt:tolower_toupper.obj
 0001:0003d4e9       _toupper                   0043e4e9 f   libucrt:tolower_toupper.obj
 0001:0003d692       ??$__acrt_mbs_to_wcs_cp@U__crt_win32_buffer_internal_dynamic_resizing@@@@YAHQBDAAV?$__crt_win32_buffer@_WU__crt_win32_buffer_internal_dynamic_resizing@@@@I@Z 0043e692 f i libucrt:strftime.obj
 0001:0003d6af       ??$__acrt_wcs_to_mbs_cp@U__crt_win32_buffer_no_resizing@@@@YAHQB_WAAV?$__crt_win32_buffer@DU__crt_win32_buffer_no_resizing@@@@I@Z 0043e6af f i libucrt:strftime.obj
 0001:0003d6cc       ?_deallocate@?$__crt_win32_buffer@_WU__crt_win32_buffer_internal_dynamic_resizing@@@@AAEXXZ 0043e6cc f i libucrt:strftime.obj
 0001:0003d6cc       ?_deallocate@?$__crt_win32_buffer@DU__crt_win32_buffer_internal_dynamic_resizing@@@@AAEXXZ 0043e6cc f i libucrt:argv_wildcards.obj
 0001:0003d6e6       ?allocate@?$__crt_win32_buffer@DU__crt_win32_buffer_no_resizing@@@@QAEHI@Z 0043e6e6 f i libucrt:strftime.obj
 0001:0003d70d       ?allocate@?$__crt_win32_buffer@_WU__crt_win32_buffer_internal_dynamic_resizing@@@@QAEHI@Z 0043e70d f i libucrt:strftime.obj
 0001:0003d74c       ?allocate@__crt_win32_buffer_internal_dynamic_resizing@@SAHQAPAXIABV__crt_win32_buffer_empty_debug_info@@@Z 0043e74c f i libucrt:strftime.obj
 0001:0003d76b       ?set_to_nullptr@?$__crt_win32_buffer@DU__crt_win32_buffer_no_resizing@@@@QAEXXZ 0043e76b f i libucrt:strftime.obj
 0001:0003d77f       __Strftime_l               0043e77f f   libucrt:strftime.obj
 0001:0003d87c       _strftime                  0043e87c f   libucrt:strftime.obj
 0001:0003d8a0       _strcpy                    0043e8a0 f   libucrt:strcat.obj
 0001:0003d8b0       _strcat                    0043e8b0 f   libucrt:strcat.obj
 0001:0003d998       _free                      0043e998 f   libucrt:free.obj
 0001:0003d9b3       _malloc                    0043e9b3 f   libucrt:malloc.obj
 0001:0003d9be       _realloc                   0043e9be f   libucrt:realloc.obj
 0001:0003d9d0       _strcspn                   0043e9d0 f   libucrt:strcspn.obj
 0001:0003da16       __strnicmp                 0043ea16 f   libucrt:strnicmp.obj
 0001:0003da83       __strnicmp_l               0043ea83 f   libucrt:strnicmp.obj
 0001:0003dc00       ??$make_input_adapter_character_source@V?$string_input_adapter@D@__crt_stdio_input@@@__crt_strtox@@YA?AV?$input_adapter_character_source@V?$string_input_adapter@D@__crt_stdio_input@@@0@QAV?$string_input_adapter@D@__crt_stdio_input@@_KQA_N@Z 0043ec00 f i libucrt:input.obj
 0001:0003dc1e       ??$parse_floating_point@V?$input_adapter_character_source@V?$string_input_adapter@D@__crt_stdio_input@@@__crt_strtox@@M@__crt_strtox@@YA?AW4SLD_STATUS@@QAU__crt_locale_pointers@@V?$input_adapter_character_source@V?$string_input_adapter@D@__crt_stdio_input@@@0@QAM@Z 0043ec1e f i libucrt:input.obj
 0001:0003dc97       ??$parse_floating_point@V?$input_adapter_character_source@V?$string_input_adapter@D@__crt_stdio_input@@@__crt_strtox@@N@__crt_strtox@@YA?AW4SLD_STATUS@@QAU__crt_locale_pointers@@V?$input_adapter_character_source@V?$string_input_adapter@D@__crt_stdio_input@@@0@QAN@Z 0043ec97 f i libucrt:input.obj
 0001:0003dd10       ??$parse_floating_point_from_source@V?$input_adapter_character_source@V?$string_input_adapter@D@__crt_stdio_input@@@__crt_strtox@@@__crt_strtox@@YA?AW4floating_point_parse_result@0@QAU__crt_locale_pointers@@AAV?$input_adapter_character_source@V?$string_input_adapter@D@__crt_stdio_input@@@0@AAUfloating_point_string@0@@Z 0043ed10 f i libucrt:input.obj
 0001:0003e16d       ??$parse_floating_point_possible_infinity@DV?$input_adapter_character_source@V?$string_input_adapter@D@__crt_stdio_input@@@__crt_strtox@@_K@__crt_strtox@@YA?AW4floating_point_parse_result@0@AADAAV?$input_adapter_character_source@V?$string_input_adapter@D@__crt_stdio_input@@@0@_K@Z 0043f16d f i libucrt:input.obj
 0001:0003e22c       ??$parse_floating_point_possible_nan@DV?$input_adapter_character_source@V?$string_input_adapter@D@__crt_stdio_input@@@__crt_strtox@@_K@__crt_strtox@@YA?AW4floating_point_parse_result@0@AADAAV?$input_adapter_character_source@V?$string_input_adapter@D@__crt_stdio_input@@@0@_K@Z 0043f22c f i libucrt:input.obj
 0001:0003e347       ??$parse_floating_point_possible_nan_is_ind@DV?$input_adapter_character_source@V?$string_input_adapter@D@__crt_stdio_input@@@__crt_strtox@@@__crt_strtox@@YA_NAADAAV?$input_adapter_character_source@V?$string_input_adapter@D@__crt_stdio_input@@@0@@Z 0043f347 f i libucrt:input.obj
 0001:0003e381       ??$parse_floating_point_possible_nan_is_snan@DV?$input_adapter_character_source@V?$string_input_adapter@D@__crt_stdio_input@@@__crt_strtox@@@__crt_strtox@@YA_NAADAAV?$input_adapter_character_source@V?$string_input_adapter@D@__crt_stdio_input@@@0@@Z 0043f381 f i libucrt:input.obj
 0001:0003e3bb       ??$parse_integer@_KV?$input_adapter_character_source@V?$string_input_adapter@D@__crt_stdio_input@@@__crt_strtox@@@__crt_strtox@@YA_KQAU__crt_locale_pointers@@V?$input_adapter_character_source@V?$string_input_adapter@D@__crt_stdio_input@@@0@H_N@Z 0043f3bb f i libucrt:input.obj
 0001:0003e679       ??$process_floating_point_specifier_t@M@?$input_processor@DV?$string_input_adapter@D@__crt_stdio_input@@@__crt_stdio_input@@AAE_NXZ 0043f679 f i libucrt:input.obj
 0001:0003e6df       ??$process_floating_point_specifier_t@N@?$input_processor@DV?$string_input_adapter@D@__crt_stdio_input@@@__crt_stdio_input@@AAE_NXZ 0043f6df f i libucrt:input.obj
[...]
 0003:00001020       _p_LBItemFromPt            0046c020     winctrls.obj
 0003:00001024       _p_DrawInsert              0046c024     winctrls.obj
 0003:00001028       ?draglistmsg@?1??winctrl_handle_command@@9@9 0046c028     winctrls.obj
 0003:0000102c       ?cc@?BG@??winctrl_handle_command@@9@9 0046c02c     winctrls.obj
 0003:00001050       ?custom@?BG@??winctrl_handle_command@@9@9 0046c050     winctrls.obj
 0003:00001090       _ctrlbox                   0046c090     windlg.obj
 0003:00001094       _ctrls_base                0046c094     windlg.obj
 0003:0000109c       _ctrls_panel               0046c09c     windlg.obj
 0003:000010a4       _ninitial                  0046c0a4     windlg.obj
 0003:000010a8       _dp                        0046c0a8     windlg.obj
 0003:0000117c       _ncircular                 0046c17c     windlg.obj
 0003:00001180       _events_initial            0046c180     windlg.obj
 0003:00001380       _events_circular           0046c380     windlg.obj
 0003:00001580       _circular_first            0046c580     windlg.obj
 0003:00001584       ?recurse@?1??force_normal@@9@9 0046c584     windlg.obj
 0003:000015ac       _extra_width               0046c5ac     window.obj
 0003:000015b0       _extra_height              0046c5b0     window.obj
 0003:000015b4       _font_width                0046c5b4     window.obj
 0003:000015b8       _font_height               0046c5b8     window.obj
 0003:000015bc       _font_dualwidth            0046c5bc     window.obj
 0003:000015bd       _font_varpitch             0046c5bd     window.obj
 0003:000015be       _was_zoomed                0046c5be     window.obj
 0003:000015bf       _session_closed            0046c5bf     window.obj
 0003:000015c0       _offset_width              0046c5c0     window.obj
 0003:000015c4       _offset_height             0046c5c4     window.obj
 0003:000015c8       _prev_rows                 0046c5c8     window.obj
 0003:000015cc       _prev_cols                 0046c5cc     window.obj
 0003:000015d0       _kbd_codepage              0046c5d0     window.obj
 0003:000015d4       _ldisc                     0046c5d4     window.obj
 0003:000015d8       _backend                   0046c5d8     window.obj
 0003:000015dc       _reconfiguring             0046c5dc     window.obj
 0003:000015dd       _bold_colours              0046c5dd     window.obj
 0003:000015de       _send_raw_mouse            0046c5de     window.obj
 0003:000015df       ?forced_visible@?1??update_mouse_pointer@@9@9 0046c5df     window.obj
 0003:000015e0       _ucsdata                   0046c5e0     window.obj
 0003:000020f0       _specials                  0046d0f0     window.obj
 0003:000020f4       _specials_menu             0046d0f4     window.obj
 0003:000020f8       _n_specials                0046d0f8     window.obj
 0003:000020fc       _timing_next_time          0046d0fc     window.obj
 0003:00002100       _popup_menus               0046d100     window.obj
 0003:00002108       _savedsess_menu            0046d108     window.obj
 0003:0000210c       _sesslist                  0046d10c     window.obj
 0003:00002118       _fonts                     0046d118     window.obj
 0003:00002218       _lfont                     0046d218     window.obj
 0003:00002254       _bold_font_mode            0046d254     window.obj
 0003:00002258       _fontflag                  0046d258     window.obj
 0003:00002298       _und_mode                  0046d298     window.obj
 0003:0000229c       _descent                   0046d29c     window.obj
 0003:000022a0       _colours                   0046d2a0     window.obj
 0003:000026b8       _pal                       0046d6b8     window.obj
 0003:000026bc       _logpal                    0046d6bc     window.obj
 0003:000026c0       _defpal                    0046d6c0     window.obj
 0003:000029d2       _resizing                  0046d9d2     window.obj
 0003:000029d3       ?ignore_clip@?1??WndProc@@9@9 0046d9d3     window.obj
 0003:000029d4       _caretbm                   0046d9d4     window.obj
 0003:000029d8       _dbltime                   0046d9d8     window.obj
 0003:000029dc       _lasttime                  0046d9dc     window.obj
 0003:000029e0       _lastact                   0046d9e0     window.obj
 0003:000029e4       _lastbtn                   0046d9e4     window.obj
 0003:000029e8       _wheel_accumulator         0046d9e8     window.obj
 0003:000029ec       _busy_status               0046d9ec     window.obj
 0003:000029f0       _window_name               0046d9f0     window.obj
 0003:000029f4       _icon_name                 0046d9f4     window.obj
 0003:000029f8       _compose_state             0046d9f8     window.obj
 0003:000029fc       _wintw                     0046d9fc     window.obj
 0003:00002a00       _wintw_hdc                 0046da00     window.obj
 0003:00002a04       ?ss@?3??wintw_request_resize@@9@9 0046da04     window.obj
 0003:00002a14       ?ss@?N@??reset_window@@9@9 0046da14     window.obj
 0003:00002a24       ?need_backend_resize@?1??WndProc@@9@9 0046da24     window.obj
 0003:00002a25       ?fullscr_on_max@?1??WndProc@@9@9 0046da25     window.obj
 0003:00002a26       ?processed_resize@?1??WndProc@@9@9 0046da26     window.obj
 0003:00002a27       _flashing                  0046da27     window.obj
 0003:00002a28       ?last_mousemove@?1??WndProc@@9@9 0046da28     window.obj
 0003:00002a2c       ?wp@?CL@??WndProc@@9@9     0046da2c     window.obj
 0003:00002a30       ?lp@?CL@??WndProc@@9@9     0046da30     window.obj
 0003:00002a34       ?wp@?CO@??WndProc@@9@9     0046da34     window.obj
 0003:00002a38       ?lp@?CO@??WndProc@@9@9     0046da38     window.obj
 0003:00002a3c       ?pending_surrogate@?GA@??WndProc@@9@9 0046da3c     window.obj
 0003:00002a40       ?lpDx@?1??do_text_internal@@9@9 0046da40     window.obj
 0003:00002a44       ?lpDx_len@?1??do_text_internal@@9@9 0046da44     window.obj
 0003:00002a48       ?uni_buf@?CD@??do_text_internal@@9@9 0046da48     window.obj
 0003:00002a4c       ?uni_len@?CD@??do_text_internal@@9@9 0046da4c     window.obj
 0003:00002a50       ?directbuf@?CK@??do_text_internal@@9@9 0046da50     window.obj
 0003:00002a54       ?directlen@?CK@??do_text_internal@@9@9 0046da54     window.obj
 0003:00002a58       ?wbuf@?CN@??do_text_internal@@9@9 0046da58     window.obj
 0003:00002a5c       ?wlen@?CN@??do_text_internal@@9@9 0046da5c     window.obj
 0003:00002a60       _p_FlashWindowEx           0046da60     window.obj
 0003:00002a64       _p_ToUnicodeEx             0046da64     window.obj
 0003:00002a68       _p_PlaySound               0046da68     window.obj
 0003:00002a6c       ?alt_sum@?1??TranslateKey@@9@9 0046da6c     window.obj
 0003:00002a70       ?keys_unicode@?1??TranslateKey@@9@9 0046da70     window.obj
 0003:00002a78       ?compose_char@?1??TranslateKey@@9@9 0046da78     window.obj
 0003:00002a7c       ?compose_keycode@?1??TranslateKey@@9@9 0046da7c     window.obj
 0003:00002a80       ?keys@?DI@??TranslateKey@@9@9 0046da80     window.obj
 0003:00002a88       ?keysb@?DI@??TranslateKey@@9@9 0046da88     window.obj
 0003:00002a8c       _next_flash                0046da8c     window.obj
 0003:00002a90       ?lastbeep@?2??wintw_bell@@9@9 0046da90     window.obj
 0003:00002a94       ?lastbeep@?5??wintw_bell@@9@9 0046da94     window.obj
 0003:00002a98       _handles_by_evtomain       0046da98     winhandl.obj
 0003:00002a9c       _chm_path                  0046da9c     winhelp.obj
 0003:00002aa0       _chm_created_by_us         0046daa0     winhelp.obj
 0003:00002aa1       _requested_help            0046daa1     winhelp.obj
 0003:00002aa2       ?checked@?1??has_embedded_chm@@9@9 0046daa2     winhelp.obj
 0003:00002aa3       ?checked@?1??find_chm_resource@@9@9 0046daa3     winhelp.obj
 0003:00002aa4       _p_HtmlHelpA               0046daa4     winhelp.obj
 0003:00002aa8       _chm_hrsrc                 0046daa8     winhelp.obj
 0003:00002aac       _chm_resource_size         0046daac     winhelp.obj
 0003:00002ab0       _chm_resource              0046dab0     winhelp.obj
 0003:00002ab4       ?tried_to_load@?1??load_chm_resource@@9@9 0046dab4     winhelp.obj
 0003:00002ab5       ?already_called@?1??init_help@@9@9 0046dab5     winhelp.obj
 0003:00002ab8       ?kernel32_module@?1??sk_handle_peer_info@@9@9 0046dab8     winhsock.obj
 0003:00002abc       ?p_GetNamedPipeClientProcessId@?1??sk_handle_peer_info@@9@9 0046dabc     winhsock.obj
 0003:00002ac0       _putty_path                0046dac0     winjump.obj
 0003:000032c0       ?p_SetCurrentProcessExplicitAppUserModelID@?1??set_explicit_app_user_model_id@@9@9 0046e2c0     winjump.obj
 0003:000032c4       ?shell32_module@?1??set_explicit_app_user_model_id@@9@9 0046e2c4     winjump.obj
 0003:000032c8       ?p_GetUserNameExA@?1??get_username@@9@9 0046e2c8     winmisc.obj
 0003:000032cc       ?tried_usernameex@?2??get_username@@9@9 0046e2cc     winmisc.obj
 0003:000032d0       ?kernel32_module@?1??dll_hijacking_protection@@9@9 0046e2d0     winmisc.obj
 0003:000032d4       ?p_SetDefaultDllDirectories@?1??dll_hijacking_protection@@9@9 0046e2d4     winmisc.obj
 0003:000032d8       ?kernel32_module@?1??init_winver@@9@9 0046e2d8     winmisc.obj
 0003:000032dc       ?p_GetVersionExA@?1??init_winver@@9@9 0046e2dc     winmisc.obj
 0003:000032e0       ?sysdir@?1??load_system32_dll@@9@9 0046e2e0     winmisc.obj
 0003:000032e4       ?sysdirsize@?1??load_system32_dll@@9@9 0046e2e4     winmisc.obj
 0003:000032e8       _errstrings                0046e2e8     winmisc.obj
 0003:000032f0       _sktree                    0046e2f0     winnet.obj
 0003:000032f4       _p_WSAStartup              0046e2f4     winnet.obj
 0003:000032f8       _p_WSACleanup              0046e2f8     winnet.obj
 0003:000032fc       _p_closesocket             0046e2fc     winnet.obj
 0003:00003300       _p_ntohl                   0046e300     winnet.obj
 0003:00003304       _p_htonl                   0046e304     winnet.obj
 0003:00003308       _p_htons                   0046e308     winnet.obj
 0003:0000330c       _p_ntohs                   0046e30c     winnet.obj
 0003:00003310       _p_gethostname             0046e310     winnet.obj
 0003:00003314       _p_gethostbyname           0046e314     winnet.obj
 0003:00003318       _p_getservbyname           0046e318     winnet.obj
 0003:0000331c       _p_inet_addr               0046e31c     winnet.obj
 0003:00003320       _p_inet_ntoa               0046e320     winnet.obj
 0003:00003324       _p_inet_ntop               0046e324     winnet.obj
 0003:00003328       _p_connect                 0046e328     winnet.obj
 0003:0000332c       _p_bind                    0046e32c     winnet.obj
 0003:00003330       _p_setsockopt              0046e330     winnet.obj
 0003:00003334       _p_socket                  0046e334     winnet.obj
 0003:00003338       _p_listen                  0046e338     winnet.obj
 0003:0000333c       _p_send                    0046e33c     winnet.obj
 0003:00003340       _p_shutdown                0046e340     winnet.obj
 0003:00003344       _p_ioctlsocket             0046e344     winnet.obj
 0003:00003348       _p_accept                  0046e348     winnet.obj
 0003:0000334c       _p_getpeername             0046e34c     winnet.obj
 0003:00003350       _p_recv                    0046e350     winnet.obj
 0003:00003354       _p_WSAIoctl                0046e354     winnet.obj
 0003:00003358       _p_getaddrinfo             0046e358     winnet.obj
 0003:0000335c       _p_freeaddrinfo            0046e35c     winnet.obj
 0003:00003360       _p_getnameinfo             0046e360     winnet.obj
 0003:00003364       _p_gai_strerror            0046e364     winnet.obj
 0003:00003368       _p_WSAAddressToStringA     0046e368     winnet.obj
 0003:0000336c       _winsock_module            0046e36c     winnet.obj
 0003:00003370       _wsadata                   0046e370     winnet.obj
 0003:00003500       _winsock2_module           0046e500     winnet.obj
 0003:00003504       _wship6_module             0046e504     winnet.obj
 0003:00003508       _local_interfaces          0046e508     winnet.obj
 0003:000039c8       _n_local_interfaces        0046e9c8     winnet.obj
 0003:000039cc       _p_EnumPrinters            0046e9cc     winprint.obj
 0003:000039d0       _p_OpenPrinter             0046e9d0     winprint.obj
 0003:000039d4       _p_ClosePrinter            0046e9d4     winprint.obj
 0003:000039d8       _p_StartDocPrinter         0046e9d8     winprint.obj
 0003:000039dc       _p_EndDocPrinter           0046e9dc     winprint.obj
 0003:000039e0       _p_StartPagePrinter        0046e9e0     winprint.obj
 0003:000039e4       _p_EndPagePrinter          0046e9e4     winprint.obj
 0003:000039e8       _p_WritePrinter            0046e9e8     winprint.obj
 0003:000039ec       ?initialised@?1??init_winfuncs@@9@9 0046e9ec     winprint.obj
 0003:000039f0       _worldsid                  0046e9f0     winsecur.obj
 0003:000039f4       _networksid                0046e9f4     winsecur.obj
 0003:000039f8       _usersid                   0046e9f8     winsecur.obj
 0003:000039fc       ?attempted@?1??got_advapi@@9@9 0046e9fc     winsecur.obj
 0003:000039fd       ?successful@?1??got_advapi@@9@9 0046e9fd     winsecur.obj
 0003:00003a00       ?advapi@?1??got_advapi@@9@9 0046ea00     winsecur.obj
 0003:00003a04       _tried_shgetfolderpath     0046ea04     winstore.obj
 0003:00003a08       _shell32_module            0046ea08     winstore.obj
 0003:00003a0c       _p_SHGetFolderPathA        0046ea0c     winstore.obj
 0003:00003a10       ?c@?1??check_compose_internal@@9@9 0046ea10     winucs.obj
 0003:00003a14       ?buf@?1??cp_name@@9@9      0046ea14     winucs.obj
 0003:00003a38       _GS_ExceptionRecord        0046ea38     LIBCMT:gs_report.obj
 0003:00003a88       _GS_ContextRecord          0046ea88     LIBCMT:gs_report.obj
 0003:00003d5c       ?is_initialized_as_dll@@3_NA 0046ed5c     LIBCMT:utility.obj
 0003:00003d5d       ?module_local_atexit_table_initialized@@3_NA 0046ed5d     LIBCMT:utility.obj
 0003:00003d60       ?module_local_atexit_table@@3U_onexit_table_t@@A 0046ed60     LIBCMT:utility.obj
 0003:00003d6c       ?module_local_at_quick_exit_table@@3U_onexit_table_t@@A 0046ed6c     LIBCMT:utility.obj
 0003:00003d8c       ?__vcrt_startup_thread_ptd@@3U__vcrt_ptd@@A 0046ed8c     libvcruntime:per_thread_data.obj
 0003:00003db4       ___vcrt_lock_table         0046edb4     libvcruntime:locks.obj
 0003:00003dcc       ___vcrt_locks_initialized  0046edcc     libvcruntime:locks.obj
 0003:00003df8       ?heap@@3V_HeapManager@@A   0046edf8     libvcruntime:undname.obj
 0003:00003e0c       ?module_handles@@3PAPAUHINSTANCE__@@A 0046ee0c     libvcruntime:winapi_downlevel.obj
 0003:00003e18       ?function_pointers@@3PAPAXA 0046ee18     libvcruntime:winapi_downlevel.obj
 0003:00003e34       ?c_termination_complete@@3JA 0046ee34     libucrt:exit.obj
 0003:00003e38       ?thread_local_exit_callback_func@@3P6GXPAXK0@ZA 0046ee38     libucrt:exit.obj
 0003:00003e40       ?__acrt_app_type@@3W4_crt_app_type@@A 0046ee40     libucrt:report_runtime_error.obj
 0003:00003e44       ?user_matherr@@3V?$dual_state_global@P6AHPAU_exception@@@Z@__crt_state_management@@A 0046ee44     libucrt:matherr.obj
 0003:00003e48       ?program_name@?1???$common_configure_argv@D@@YAHW4_crt_argv_mode@@@Z@4PADA 0046ee48     libucrt:argv_parsing.obj
 0003:00003f60       ?empty_string@?1???$common_wincmdln@E@@YAPAEXZ@4PAEA 0046ef60     libucrt:argv_winmain.obj
 0003:00003f68       ?__acrt_global_new_mode@@3V?$dual_state_global@J@__crt_state_management@@A 0046ef68     libucrt:new_mode.obj
 0003:00003f88       ?__acrt_invalid_parameter_handler@@3V?$dual_state_global@P6AXPB_W00II@Z@__crt_state_management@@A 0046ef88     libucrt:invalid_parameter.obj
 0003:00003f8c       ___acrt_error_mode         0046ef8c     libucrt:set_error_mode.obj
 0003:00003f9c       ?ctrlc_action@@3V?$dual_state_global@P6AXH@Z@__crt_state_management@@A 0046ef9c     libucrt:signal.obj
 0003:00003fa0       ?ctrlbreak_action@@3V?$dual_state_global@P6AXH@Z@__crt_state_management@@A 0046efa0     libucrt:signal.obj
 0003:00003fa4       ?abort_action@@3V?$dual_state_global@P6AXH@Z@__crt_state_management@@A 0046efa4     libucrt:signal.obj
 0003:00003fa8       ?term_action@@3V?$dual_state_global@P6AXH@Z@__crt_state_management@@A 0046efa8     libucrt:signal.obj
 0003:00003fb0       ?internal_state@?1??_mbtowc_l@@9@4U_Mbstatet@@A 0046efb0     libucrt:mbtowc.obj
 0003:00003fb8       ?enable_percent_n@@3IA     0046efb8     libucrt:printf_count_output.obj
 0003:000041d0       ?__acrt_lock_table@@3PAU_RTL_CRITICAL_SECTION@@A 0046f1d0     libucrt:locks.obj
 0003:00004320       ?__acrt_locks_initialized@@3IA 0046f320     libucrt:locks.obj
 0003:00004328       ?module_handles@@3PAPAUHINSTANCE__@@A 0046f328     libucrt:winapi_thunks.obj
 0003:00004378       ?encoded_function_pointers@@3PAPAXA 0046f378     libucrt:winapi_thunks.obj
 0003:00004400       ?internal_pst@?1??__mbrtoc32_utf8@__crt_mbstring@@YAIPA_UPBDIPAU_Mbstatet@@@Z@4U3@A 0046f400     libucrt:mbrtoc32.obj
 0003:00004408       ?state_cache@?1???$get_cached_win_policy@Udeveloper_information_policy_properties@?1??__acrt_get_developer_information_policy@@YA?AW4developer_information_policy@@XZ@@@YA?AW4developer_information_policy@@W4AppPolicyShowDeveloperDiagnostic@@@Z@4JA 0046f408     libucrt:win_policies.obj
 0003:0000440c       ?state_cache@?1???$get_cached_win_policy@Uwindowing_model_policy_properties@?1??__acrt_get_windowing_model_policy@@YA?AW4windowing_model_policy@@XZ@@@YA?AW4windowing_model_policy@@W4AppPolicyWindowingModel@@@Z@4JA 0046f40c     libucrt:win_policies.obj
 0003:0000441c       ?fSystemSet@@3HA           0046f41c     libucrt:mbctype.obj
 0003:00004420       ?initialized@?1??__acrt_initialize_multibyte@@9@4_NA 0046f420     libucrt:mbctype.obj
 0003:0000444c       ?__acrt_new_handler@@3V?$dual_state_global@P6AHI@Z@__crt_state_management@@A 0046f44c     libucrt:new_handler.obj
 0003:0000445c       ?_tzname@@3V?$dual_state_global@PAPAD@__crt_state_management@@A 0046f45c     libucrt:timeset.obj
 0003:00004460       ?last_tz@@3PADA            0046f460     libucrt:tzset.obj
 0003:00004468       ?tz_api_used@@3HA          0046f468     libucrt:tzset.obj
 0003:00004470       ?tz_info@@3U_TIME_ZONE_INFORMATION@@A 0046f470     libucrt:tzset.obj
 0003:0000451c       ?first_time@?1??__tzset@@9@4JA 0046f51c     libucrt:tzset.obj
 0003:00004528       __pmatherr_set             0046f528     libucrt:libm_error.obj
 0004:00000450       $R000000                   00471450     puttytel.res
 0004:00000578       $R000128                   00471578     puttytel.res
 0004:00000860       $R000410                   00471860     puttytel.res
 0004:00000ec8       $R000A78                   00471ec8     puttytel.res
 0004:00000f78       $R000B28                   00471f78     puttytel.res
 0004:000010a8       $R000C58                   004720a8     puttytel.res
 0004:000013d8       $R000F88                   004723d8     puttytel.res
 0004:00001438       $R000FE8                   00472438     puttytel.res
 0004:00001560       $R001110                   00472560     puttytel.res
 0004:00001848       $R0013F8                   00472848     puttytel.res
 0004:00001eb0       $R001A60                   00472eb0     puttytel.res
 0004:00001f60       $R001B10                   00472f60     puttytel.res
 0004:00002090       $R001C40                   00473090     puttytel.res
 0004:000023c0       $R001F70                   004733c0     puttytel.res
 0004:00002420       $R001FD0                   00473420     puttytel.res
 0004:00002520       $R0020D0                   00473520     puttytel.res
 0004:00002598       $R002148                   00473598     puttytel.res
 0004:00002658       $R002208                   00473658     puttytel.res
 0004:000026e8       $R002298                   004736e8     puttytel.res
 0004:00002a20       $R0025D0                   00473a20     puttytel.res
