 puttygen

 Timestamp is 5d84fb72 (Fri Sep 20 21:46:50 2019)

 Preferred load address is 00400000

 Start         Length     Name                   Class
 0001:00000000 0003c50fH .text$mn                CODE
 0001:0003c50f 00000000H .text$x                 CODE
 0002:00000000 0000026cH .idata$5                DATA
 0002:0000026c 00000004H .00cfg                  DATA
 0002:00000270 00000004H .CRT$XCA                DATA
 0002:00000274 00000004H .CRT$XCAA               DATA
 0002:00000278 00000004H .CRT$XCZ                DATA
 0002:0000027c 00000004H .CRT$XIA                DATA
 0002:00000280 00000004H .CRT$XIAA               DATA
 0002:00000284 00000004H .CRT$XIAC               DATA
 0002:00000288 00000010H .CRT$XIC                DATA
 0002:00000298 00000004H .CRT$XIZ                DATA
 0002:0000029c 00000004H .CRT$XPA                DATA
 0002:000002a0 00000008H .CRT$XPX                DATA
 0002:000002a8 00000004H .CRT$XPXA               DATA
 0002:000002ac 00000004H .CRT$XPZ                DATA
 0002:000002b0 00000004H .CRT$XTA                DATA
 0002:000002b4 0000000cH .CRT$XTZ                DATA
 0002:000002b8 00000000H .gfids$y                DATA
 0002:000002c0 0000da20H .rdata                  DATA
 0002:0000dcd4 00000000H .rdata$r                DATA
 0002:0000dce0 0000000cH .rdata$sxdata           DATA
 0002:0000dcec 00000290H .rdata$zzzdbg           DATA
 0002:0000df7c 00000004H .rtc$IAA                DATA
 0002:0000df80 00000004H .rtc$IZZ                DATA
 0002:0000df84 00000004H .rtc$TAA                DATA
 0002:0000df88 00000008H .rtc$TZZ                DATA
 0002:0000df90 0000065cH .xdata$x                DATA
 0002:0000e5ec 00000000H .edata                  DATA
 0002:0000e5ec 00000064H .idata$2                DATA
 0002:0000e650 00000014H .idata$3                DATA
 0002:0000e664 0000026cH .idata$4                DATA
 0002:0000e8d0 00000ac4H .idata$6                DATA
 0003:00000000 00000fa0H .data                   DATA
 0003:00000fa0 00000000H .data$r                 DATA
 0003:00000fa0 00004024H .bss                    DATA
 0004:00000000 00000300H .rsrc$01                DATA
 0004:00000300 00001b40H .rsrc$02                DATA

  Address         Publics by Value              Rva+Base       Lib:Object

 0000:00000000       ___guard_fids_count        00000000     <absolute>
 0000:00000000       ___hybrid_code_map_count   00000000     <absolute>
 0000:00000000       ___hybrid_auxiliary_iat    00000000     <absolute>
 0000:00000000       ___volatile_metadata       00000000     <absolute>
 0000:00000000       ___guard_iat_count         00000000     <absolute>
 0000:00000000       ___guard_fids_table        00000000     <absolute>
 0000:00000000       ___guard_longjmp_table     00000000     <absolute>
 0000:00000000       ___dynamic_value_reloc_table 00000000     <absolute>
 0000:00000000       ___AbsoluteZero            00000000     <absolute>
 0000:00000000       ___guard_longjmp_count     00000000     <absolute>
 0000:00000000       ___guard_iat_table         00000000     <absolute>
 0000:00000000       __except_list              00000000     <absolute>
 0000:00000000       ___enclave_config          00000000     <absolute>
 0000:00000000       ___hybrid_code_map         00000000     <absolute>
 0000:00000003       ___safe_se_handler_count   00000003     <absolute>
 0000:00000100       ___guard_flags             00000100     <absolute>
 0000:00000000       ___ImageBase               00400000     <linker-defined>
 0001:00000000       _ecc_edwards_add           00401000 f   ecc.obj
 0001:000002c1       _ecc_weierstrass_curve     004012c1 f   ecc.obj
 0001:000002c1       _ecc_edwards_curve         004012c1 f   ecc.obj
 0001:00000323       _ecc_edwards_eq            00401323 f   ecc.obj
 0001:00000380       _ecc_edwards_get_affine    00401380 f   ecc.obj
 0001:0000040e       _ecc_edwards_multiply      0040140e f   ecc.obj
 0001:000004f5       _ecc_edwards_point_copy    004014f5 f   ecc.obj
 0001:00000537       _ecc_edwards_point_free    00401537 f   ecc.obj
 0001:0000056e       _ecc_edwards_point_new     0040156e f   ecc.obj
 0001:000005c0       _ecc_edwards_point_new_from_y 004015c0 f   ecc.obj
 0001:000007a6       _ecc_montgomery_curve      004017a6 f   ecc.obj
 0001:00000861       _ecc_montgomery_diff_add   00401861 f   ecc.obj
 0001:000009f7       _ecc_montgomery_double     004019f7 f   ecc.obj
 0001:00000b20       _ecc_montgomery_get_affine 00401b20 f   ecc.obj
 0001:00000b78       _ecc_montgomery_multiply   00401b78 f   ecc.obj
 0001:00000c62       _ecc_montgomery_point_copy 00401c62 f   ecc.obj
 0001:00000c8e       _ecc_montgomery_point_free 00401c8e f   ecc.obj
 0001:00000cb5       _ecc_montgomery_point_new  00401cb5 f   ecc.obj
 0001:00000d07       _ecc_weierstrass_add       00401d07 f   ecc.obj
 0001:00000deb       _ecc_weierstrass_add_general 00401deb f   ecc.obj
 0001:0000110d       _ecc_weierstrass_double    0040210d f   ecc.obj
 0001:000012ad       _ecc_weierstrass_get_affine 004022ad f   ecc.obj
 0001:000012ef       _ecc_weierstrass_is_identity 004022ef f   ecc.obj
 0001:00001303       _ecc_weierstrass_multiply  00402303 f   ecc.obj
 0001:0000146b       _ecc_weierstrass_point_copy 0040246b f   ecc.obj
 0001:000014a2       _ecc_weierstrass_point_free 004024a2 f   ecc.obj
 0001:000014d1       _ecc_weierstrass_point_new 004024d1 f   ecc.obj
 0001:00001520       _ecc_weierstrass_point_new_from_x 00402520 f   ecc.obj
 0001:0000162d       _ecc_weierstrass_point_new_identity 0040262d f   ecc.obj
 0001:0000169a       _ecc_weierstrass_point_valid 0040269a f   ecc.obj
 0001:00001a32       _BinarySink_put_mp_ssh2_from_string 00402a32 f   import.obj
 0001:00001a96       _BinarySink_put_mp_sshcom_from_string 00402a96 f   import.obj
 0001:00001ba8       ___local_stdio_printf_options 00402ba8 f i import.obj
 0001:00001bae       ___local_stdio_scanf_options 00402bae f i import.obj
 0001:00001bb4       __vfprintf_l               00402bb4 f i import.obj
 0001:00001bd7       __vsscanf_l                00402bd7 f i import.obj
 0001:00001bfc       _export_ssh1               00402bfc f   import.obj
 0001:00001bff       _export_ssh2               00402bff f   import.obj
 0001:00001c4b       _fprintf                   00402c4b f i import.obj
 0001:00001c63       _import_encrypted          00402c63 f   import.obj
 0001:00001cf6       _import_possible           00402cf6 f   import.obj
 0001:00001d11       __get_startup_commit_mode  00402d11 f   LIBCMT:commit_mode.obj
 0001:00001d11       _schedule_timer            00402d11 f   notiming.obj
 0001:00001d11       __matherr                  00402d11 f   LIBCMT:matherr.obj
 0001:00001d11       _import_ssh1               00402d11 f   import.obj
 0001:00001d11       __get_startup_new_mode     00402d11 f   LIBCMT:new_mode.obj
 0001:00001d11       ___scrt_exe_initialize_mta 00402d11 f   LIBCMT:utility_desktop.obj
 0001:00001d11       ___scrt_stub_for_initialize_mta 00402d11 f   LIBCMT:utility_desktop.obj
 0001:00001d11       __get_startup_thread_locale_mode 00402d11 f   LIBCMT:thread_locale.obj
 0001:00001d11       ___scrt_initialize_winrt   00402d11 f   LIBCMT:utility_desktop.obj
 0001:00001d14       _import_ssh2               00402d14 f   import.obj
 0001:00001d60       _import_target_type        00402d60 f   import.obj
 0001:00003c87       _sscanf                    00404c87 f i import.obj
 0001:0000483b       _strip_crlf                0040583b f   import.obj
 0001:00004867       _BinarySink_put_asciz      00405867 f   marshal.obj
 0001:00004881       _BinarySink_put_byte       00405881 f   marshal.obj
 0001:00004893       _BinarySink_put_data       00405893 f   marshal.obj
 0001:000048a6       _BinarySink_put_datapl     004058a6 f   marshal.obj
 0001:000048bb       _BinarySink_put_padding    004058bb f   marshal.obj
 0001:00004911       _BinarySink_put_string     00405911 f   marshal.obj
 0001:00004930       _BinarySink_put_stringpl   00405930 f   marshal.obj
 0001:00004945       _BinarySink_put_stringsb   00405945 f   marshal.obj
 0001:00004963       _BinarySink_put_stringz    00405963 f   marshal.obj
 0001:0000497e       _BinarySink_put_uint16     0040597e f   marshal.obj
 0001:0000499e       _BinarySink_put_uint32     0040599e f   marshal.obj
 0001:000049ce       _BinarySink_put_uint64     004059ce f   marshal.obj
 0001:00004a5b       _BinarySource_get_asciz    00405a5b f   marshal.obj
 0001:00004aa2       _BinarySource_get_byte     00405aa2 f   marshal.obj
 0001:00004ac2       _BinarySource_get_data     00405ac2 f   marshal.obj
 0001:00004aef       _BinarySource_get_string   00405aef f   marshal.obj
 0001:00004b5d       _BinarySource_get_uint16   00405b5d f   marshal.obj
 0001:00004b8e       _BinarySource_get_uint32   00405b8e f   marshal.obj
 0001:00004bd2       _safefree                  00405bd2 f   memory.obj
 0001:00004bde       _safegrowarray             00405bde f   memory.obj
 0001:00004cec       _safemalloc                00405cec f   memory.obj
 0001:00004d2a       _saferealloc               00405d2a f   memory.obj
 0001:00004d6f       _buildinfo                 00405d6f f   misc.obj
 0001:00004e0d       _out_of_memory             00405e0d f   misc.obj
 0001:00004e19       _BinarySink_put_mp_ssh1    00405e19 f   mpint.obj
 0001:00004e80       _BinarySink_put_mp_ssh2    00405e80 f   mpint.obj
 0001:00004ec4       _BinarySource_get_mp_ssh1  00405ec4 f   mpint.obj
 0001:00004f33       _BinarySource_get_mp_ssh2  00405f33 f   mpint.obj
 0001:00004f81       _modsqrt_new               00405f81 f   mpint.obj
 0001:00005010       _monty_add                 00406010 f   mpint.obj
 0001:00005057       _monty_export              00406057 f   mpint.obj
 0001:0000507a       _monty_export_into         0040607a f   mpint.obj
 0001:000050d7       _monty_free                004060d7 f   mpint.obj
 0001:00005121       _monty_identity            00406121 f   mpint.obj
 0001:00005129       _monty_import              00406129 f   mpint.obj
 0001:0000513f       _monty_import_into         0040613f f   mpint.obj
 0001:00005164       _monty_invert              00406164 f   mpint.obj
 0001:00005191       _monty_modsqrt             00406191 f   mpint.obj
 0001:00005359       _monty_mul                 00406359 f   mpint.obj
 0001:00005380       _monty_mul_into            00406380 f   mpint.obj
 0001:0000543d       _monty_new                 0040643d f   mpint.obj
 0001:000054f3       _monty_pow                 004064f3 f   mpint.obj
 0001:000056e0       _monty_sub                 004066e0 f   mpint.obj
 0001:0000571f       _mp_add                    0040671f f   mpint.obj
 0001:0000574b       _mp_add_integer_into       0040674b f   mpint.obj
 0001:00005832       _mp_add_into               00406832 f   mpint.obj
 0001:00005c17       _mp_clear                  00406c17 f   mpint.obj
 0001:00005c2c       _mp_cmp_eq                 00406c2c f   mpint.obj
 0001:00005c7a       _mp_cmp_hs                 00406c7a f   mpint.obj
 0001:00005c9d       _mp_cond_add_into          00406c9d f   mpint.obj
 0001:00005cc5       _mp_cond_clear             00406cc5 f   mpint.obj
 0001:00005ce5       _mp_cond_sub_into          00406ce5 f   mpint.obj
 0001:00005d10       _mp_cond_swap              00406d10 f   mpint.obj
 0001:00005d6c       _mp_copy                   00406d6c f   mpint.obj
 0001:00005d95       _mp_copy_into              00406d95 f   mpint.obj
 0001:00005dd2       _mp_div                    00406dd2 f   mpint.obj
 0001:00005df6       _mp_divmod_into            00406df6 f   mpint.obj
 0001:0000631a       _mp_eq_integer             0040731a f   mpint.obj
 0001:00006463       _mp_free                   00407463 f   mpint.obj
 0001:0000647f       _mp_from_bytes_be          0040747f f   mpint.obj
 0001:000064f8       _mp_from_bytes_le          004074f8 f   mpint.obj
 0001:0000650d       _mp_from_decimal           0040750d f   mpint.obj
 0001:00006524       _mp_from_decimal_pl        00407524 f   mpint.obj
 0001:000065a4       _mp_from_hex               004075a4 f   mpint.obj
 0001:000065bb       _mp_from_hex_pl            004075bb f   mpint.obj
 0001:00006686       _mp_from_integer           00407686 f   mpint.obj
 0001:000066be       _mp_get_bit                004076be f   mpint.obj
 0001:000066de       _mp_get_byte               004076de f   mpint.obj
 0001:000066fe       _mp_get_decimal            004076fe f   mpint.obj
 0001:000068d4       _mp_get_hex                004078d4 f   mpint.obj
 0001:00006965       _mp_get_integer            00407965 f   mpint.obj
 0001:000069a1       _mp_get_nbits              004079a1 f   mpint.obj
 0001:000069f9       _mp_hs_integer             004079f9 f   mpint.obj
 0001:00006a4b       _mp_invert                 00407a4b f   mpint.obj
 0001:00006a6f       _mp_invert_mod_2to         00407a6f f   mpint.obj
 0001:00006d4c       _mp_lshift_fixed_into      00407d4c f   mpint.obj
 0001:00006e12       _mp_max                    00407e12 f   mpint.obj
 0001:00006e3d       _mp_max_bits               00407e3d f   mpint.obj
 0001:00006e47       _mp_max_bytes              00407e47 f   mpint.obj
 0001:00006e51       _mp_max_into               00407e51 f   mpint.obj
 0001:00006e73       _mp_min                    00407e73 f   mpint.obj
 0001:00006e9e       _mp_min_into               00407e9e f   mpint.obj
 0001:00006ec0       _mp_mod                    00407ec0 f   mpint.obj
 0001:00006ee4       _mp_modadd                 00407ee4 f   mpint.obj
 0001:00006f0f       _mp_modmul                 00407f0f f   mpint.obj
 0001:00006f3a       _mp_modpow                 00407f3a f   mpint.obj
 0001:00006fc0       _mp_mul                    00407fc0 f   mpint.obj
 0001:0000708b       _mp_mul_integer_into       0040808b f   mpint.obj
 0001:000073c3       _mp_mul_into               004083c3 f   mpint.obj
 0001:00007406       _mp_neg_into               00408406 f   mpint.obj
 0001:00007423       _mp_new                    00408423 f   mpint.obj
 0001:00007435       _mp_or_into                00408435 f   mpint.obj
 0001:0000746a       _mp_power_2                0040846a f   mpint.obj
 0001:0000748c       _mp_random_bits_fn         0040848c f   mpint.obj
 0001:000074df       _mp_random_in_range_fn     004084df f   mpint.obj
 0001:0000752e       _mp_reduce_mod_2to         0040852e f   mpint.obj
 0001:00007556       _mp_rshift_fixed           00408556 f   mpint.obj
 0001:0000758f       _mp_rshift_fixed_into      0040858f f   mpint.obj
 0001:000075fa       _mp_rshift_safe            004085fa f   mpint.obj
 0001:00007729       _mp_select_into            00408729 f   mpint.obj
 0001:0000776d       _mp_set_bit                0040876d f   mpint.obj
 0001:000077bc       _mp_sub                    004087bc f   mpint.obj
 0001:000077e7       _mp_sub_integer_into       004087e7 f   mpint.obj
 0001:0000780b       _mp_sub_into               0040880b f   mpint.obj
 0001:0000cc19       _aes256_decrypt_pubkey     0040dc19 f   sshauxcrypt.obj
 0001:0000cc3e       _aes256_encrypt_pubkey     0040dc3e f   sshauxcrypt.obj
 0001:0000ccb6       _des3_decrypt_pubkey       0040dcb6 f   sshauxcrypt.obj
 0001:0000ccdb       _des3_decrypt_pubkey_ossh  0040dcdb f   sshauxcrypt.obj
 0001:0000cd04       _des3_encrypt_pubkey       0040dd04 f   sshauxcrypt.obj
 0001:0000cd29       _des3_encrypt_pubkey_ossh  0040dd29 f   sshauxcrypt.obj
 0001:0000cdf4       _hash_simple               0040ddf4 f   sshauxcrypt.obj
 0001:0000ce1d       _mac_simple                0040de1d f   sshauxcrypt.obj
 0001:0000ce60       _bcrypt_genblock           0040de60 f   sshbcrypt.obj
 0001:0000ceed       _bcrypt_hash               0040deed f   sshbcrypt.obj
 0001:0000cf38       _bcrypt_setup              0040df38 f   sshbcrypt.obj
 0001:0000cf96       _openssh_bcrypt            0040df96 f   sshbcrypt.obj
 0001:0000da96       _blowfish_expandkey        0040ea96 f   sshblowf.obj
 0001:0000de1c       _blowfish_free_context     0040ee1c f   sshblowf.obj
 0001:0000de21       _blowfish_initkey          0040ee21 f   sshblowf.obj
 0001:0000e077       _blowfish_lsb_encrypt_ecb  0040f077 f   sshblowf.obj
 0001:0000e130       _blowfish_make_context     0040f130 f   sshblowf.obj
 0001:0000f08a       _des_key_setup             0041008a f   sshdes.obj
 0001:0000f97f       _dss_gen_k                 0041097f f   sshdss.obj
 0001:0000fa74       _dsa_generate              00410a74 f   sshdssg.obj
 0001:0001130b       _ec_alg_by_oid             0041230b f   sshecc.obj
 0001:00011352       _ec_alg_oid                00412352 f   sshecc.obj
 0001:00011366       _ec_ed_alg_and_curve_by_bits 00412366 f   sshecc.obj
 0001:0001138d       _ec_nist_alg_and_curve_by_bits 0041238d f   sshecc.obj
 0001:00011554       _ecdsa_public              00412554 f   sshecc.obj
 0001:00011729       _eddsa_public              00412729 f   sshecc.obj
 0001:00011912       _ecdsa_generate            00412912 f   sshecdsag.obj
 0001:0001196d       _eddsa_generate            0041296d f   sshecdsag.obj
 0001:00011d7e       _MD5Final                  00412d7e f   sshmd5.obj
 0001:00011e75       _MD5Init                   00412e75 f   sshmd5.obj
 0001:00012afc       _invent_firstbits          00413afc f   sshprime.obj
 0001:00012d57       _primegen                  00413d57 f   sshprime.obj
 0001:00013242       _prng_add_entropy          00414242 f   sshprng.obj
 0001:00013344       _prng_new                  00414344 f   sshprng.obj
 0001:000133cb       _prng_read                 004143cb f   sshprng.obj
 0001:000134af       _prng_seed_begin           004144af f   sshprng.obj
 0001:000134f6       _prng_seed_bits            004144f6 f   sshprng.obj
 0001:00013504       _prng_seed_finish          00414504 f   sshprng.obj
 0001:000135a1       __vsnprintf_l              004145a1 f i sshpubk.obj
 0001:000135d3       _base64_encode             004145d3 f   sshpubk.obj
 0001:00013645       _find_pubkey_alg           00414645 f   sshpubk.obj
 0001:0001365c       _find_pubkey_alg_len       0041465c f   sshpubk.obj
 0001:0001370b       _key_type                  0041470b f   sshpubk.obj
 0001:00013982       _key_type_to_str           00414982 f   sshpubk.obj
 0001:00013bd5       _rsa_ssh1_encrypted        00414bd5 f   sshpubk.obj
 0001:00013ec1       _rsa_ssh1_loadkey          00414ec1 f   sshpubk.obj
 0001:00013f7b       _rsa_ssh1_savekey          00414f7b f   sshpubk.obj
 0001:0001410e       _sprintf                   0041510e f i sshpubk.obj
 0001:00014128       _ssh1_pubkey_str           00415128 f   sshpubk.obj
 0001:0001418b       _ssh1_write_pubkey         0041518b f   sshpubk.obj
 0001:000141b1       _ssh2_fingerprint          004151b1 f   sshpubk.obj
 0001:000141e3       _ssh2_fingerprint_blob     004151e3 f   sshpubk.obj
 0001:000142e3       _ssh2_load_userkey         004152e3 f   sshpubk.obj
 0001:000149b5       _ssh2_pubkey_openssh_str   004159b5 f   sshpubk.obj
 0001:00014aee       _ssh2_save_userkey         00415aee f   sshpubk.obj
 0001:00014e28       _ssh2_userkey_encrypted    00415e28 f   sshpubk.obj
 0001:00014f8d       _ssh2_write_pubkey         00415f8d f   sshpubk.obj
 0001:0001510f       _random_add_noise          0041610f f   sshrand.obj
 0001:0001519a       _random_get_savedata       0041619a f   sshrand.obj
 0001:000151d4       _random_read               004161d4 f   sshrand.obj
 0001:0001520b       _random_reseed             0041620b f   sshrand.obj
 0001:0001523b       _random_save_seed          0041623b f   sshrand.obj
 0001:0001526e       _random_seed_bits          0041626e f   sshrand.obj
 0001:000152b5       _random_setup_special      004162b5 f   sshrand.obj
 0001:000157c4       _rsa2_invalid              004167c4 f   sshrsa.obj
 0001:0001581a       _BinarySource_get_rsa_ssh1_priv 0041681a f   sshrsa.obj
 0001:0001582f       _BinarySource_get_rsa_ssh1_pub 0041682f f   sshrsa.obj
 0001:0001589e       _crt_modpow                0041689e f   sshrsa.obj
 0001:000159e6       _freersakey                004169e6 f   sshrsa.obj
 0001:00015a2d       _freersapriv               00416a2d f   sshrsa.obj
 0001:00015bd4       _rsa_ssh1_fingerprint      00416bd4 f   sshrsa.obj
 0001:00015cd3       _rsa_ssh1_public_blob      00416cd3 f   sshrsa.obj
 0001:00015d26       _rsa_verify                00416d26 f   sshrsa.obj
 0001:00015e45       _rsastr_fmt                00416e45 f   sshrsa.obj
 0001:00015e70       _rsa_generate              00416e70 f   sshrsag.obj
 0001:00016bbc       _SHA384_Final              00417bbc f   sshsh512.obj
 0001:00016bf9       _SHA384_Init               00417bf9 f   sshsh512.obj
 0001:00017ad6       _SHA512_Final              00418ad6 f   sshsh512.obj
 0001:00017bfe       _SHA512_Init               00418bfe f   sshsh512.obj
 0001:0001859d       _add234                    0041959d f   tree234.obj
 0001:00018b40       _find234                   00419b40 f   tree234.obj
 0001:00018b59       _findrelpos234             00419b59 f   tree234.obj
 0001:00018c5c       _index234                  00419c5c f   tree234.obj
 0001:00018cd2       _newtree234                00419cd2 f   tree234.obj
 0001:00018ceb       _search234_start           00419ceb f   tree234.obj
 0001:00018d0b       _search234_step            00419d0b f   tree234.obj
 0001:00018dfc       _base64_decode_atom        00419dfc f   utils.obj
 0001:00018ee8       _base64_encode_atom        00419ee8 f   utils.obj
 0001:00018f64       _burnstr                   00419f64 f   utils.obj
 0001:00018f85       _dupcat                    00419f85 f   utils.obj
 0001:00019004       _dupprintf                 0041a004 f   utils.obj
 0001:00019015       _dupstr                    0041a015 f   utils.obj
 0001:00019044       _dupvprintf                0041a044 f   utils.obj
 0001:000190da       _fgetline                  0041a0da f   utils.obj
 0001:00019162       _mkstr                     0041a162 f   utils.obj
 0001:0001918e       _ptrlen_eq_ptrlen          0041a18e f   utils.obj
 0001:000191b3       _ptrlen_eq_string          0041a1b3 f   utils.obj
 0001:000191de       _smemeq                    0041a1de f   utils.obj
 0001:0001923e       _strbuf_append             0041a23e f   utils.obj
 0001:0001927c       _strbuf_catf               0041a27c f   utils.obj
 0001:00019292       _strbuf_catfv              0041a292 f   utils.obj
 0001:000192c7       _strbuf_free               0041a2c7 f   utils.obj
 0001:000192f2       _strbuf_new                0041a2f2 f   utils.obj
 0001:00019342       _strbuf_new_nm             0041a342 f   utils.obj
 0001:0001934b       _strbuf_to_str             0041a34b f   utils.obj
 0001:00019360       _strendswith               0041a360 f   utils.obj
 0001:00019399       _string_length_for_printf  0041a399 f   utils.obj
 0001:000193a8       _strstartswith             0041a3a8 f   utils.obj
 0001:000193c9       _vsnprintf                 0041a3c9 f i utils.obj
 0001:000193fa       _beginbox                  0041a3fa f   winctrls.obj
 0001:00019432       _bigeditctrl               0041a432 f   winctrls.obj
 0001:000194f4       _ctlposinit                0041a4f4 f   winctrls.obj
 0001:0001957e       _doctl                     0041a57e f   winctrls.obj
 0001:00019651       _endbox                    0041a651 f   winctrls.obj
 0001:000196be       _init_common_controls      0041a6be f   winctrls.obj
 0001:00019732       _progressbar               0041a732 f   winctrls.obj
 0001:0001978d       _radioline                 0041a78d f   winctrls.obj
 0001:0001994b       _static2btn                0041a94b f   winctrls.obj
 0001:00019a64       _staticbtn                 0041aa64 f   winctrls.obj
 0001:00019b2a       _staticddl                 0041ab2a f   winctrls.obj
 0001:00019bfa       _staticedit                0041abfa f   winctrls.obj
 0001:00019ced       _staticpassedit            0041aced f   winctrls.obj
 0001:00019d0b       _statictext                0041ad0b f   winctrls.obj
 0001:00019dc0       _has_embedded_chm          0041adc0 f   winhelp.obj
 0001:00019df7       _has_help                  0041adf7 f   winhelp.obj
 0001:00019e0f       _init_help                 0041ae0f f   winhelp.obj
 0001:00019e8f       _launch_help               0041ae8f f   winhelp.obj
 0001:0001a07f       _quit_help                 0041b07f f   winhelp.obj
 0001:0001a0af       _shutdown_help             0041b0af f   winhelp.obj
 0001:0001a0f4       _dll_hijacking_protection  0041b0f4 f   winmisc.obj
 0001:0001a15a       _filename_free             0041b15a f   winmisc.obj
 0001:0001a170       _filename_from_str         0041b170 f   winmisc.obj
 0001:0001a190       _filename_to_str           0041b190 f   winmisc.obj
 0001:0001a197       _load_system32_dll         0041b197 f   winmisc.obj
 0001:0001a210       _registry_get_string       0041b210 f   winmisc.obj
 0001:0001a2c4       _win_strerror              0041b2c4 f   winmisc.obj
 0001:0001a3d5       _smemclr                   0041b3d5 f   winmiscs.obj
 0001:0001a3ef       _noise_get_heavy           0041b3ef f   winnoise.obj
 0001:0001a4c4       _noise_regular             0041b4c4 f   winnoise.obj
 0001:0001a5d7       _prng_reseed_time_ms       0041b5d7 f   winnoise.obj
 0001:0001a601       _win_read_random           0041b601 f   winnoise.obj
 0001:0001bc5b       _WinMain@16                0041cc5b f   winpgen.obj
 0001:0001bd4b       _cleanup_exit              0041cd4b f   winpgen.obj
 0001:0001be32       _load_key_file             0041ce32 f   winpgen.obj
 0001:0001c18f       _modalfatalbox             0041d18f f   winpgen.obj
 0001:0001c1c4       _nonfatal                  0041d1c4 f   winpgen.obj
 0001:0001c1f3       _old_keyfile_warning       0041d1f3 f   winpgen.obj
 0001:0001c4ef       _ui_set_key_type           0041d4ef f   winpgen.obj
 0001:0001c527       _ui_set_state              0041d527 f   winpgen.obj
 0001:0001c8f1       _ui_update_key_type_ctrls  0041d8f1 f   winpgen.obj
 0001:0001c977       _get_user_sid              0041d977 f   winsecur.obj
 0001:0001ca94       _getsids                   0041da94 f   winsecur.obj
 0001:0001cb78       _got_advapi                0041db78 f   winsecur.obj
 0001:0001cd80       _restrict_process_acl      0041dd80 f   winsecur.obj
 0001:0001cfc3       _read_random_seed          0041dfc3 f   winstore.obj
 0001:0001d0fc       _write_random_seed         0041e0fc f   winstore.obj
 0001:0001d12d       _ltime                     0041e12d f   wintime.obj
 0001:0001d1b2       _GetDlgItemText_alloc      0041e1b2 f   winutils.obj
 0001:0001d202       _message_box               0041e202 f   winutils.obj
 0001:0001d2b7       _pgp_fingerprints          0041e2b7 f   winutils.obj
 0001:0001d2ce       _request_file              0041e2ce f   winutils.obj
 0001:0001d380       _split_into_argv           0041e380 f   winutils.obj
 0001:0001d5d2       @__security_check_cookie@4 0041e5d2 f   LIBCMT:secchk.obj
 0001:0001d5f0       __allmul                   0041e5f0 f   LIBCMT:llmul.obj
 0001:0001d630       __allshl                   0041e630 f   LIBCMT:llshl.obj
 0001:0001d650       __aullshr                  0041e650 f   LIBCMT:ullshr.obj
 0001:0001d66f       ___raise_securityfailure   0041e66f f   LIBCMT:gs_report.obj
 0001:0001d697       ___report_gsfailure        0041e697 f   LIBCMT:gs_report.obj
 0001:0001d790       ___report_rangecheckfailure 0041e790 f   LIBCMT:gs_report.obj
 0001:0001d79c       ___report_securityfailure  0041e79c f   LIBCMT:gs_report.obj
 0001:0001d870       __alloca_probe             0041e870 f   LIBCMT:chkstk.obj
 0001:0001d870       __chkstk                   0041e870 f   LIBCMT:chkstk.obj
 0001:0001d8a0       __aulldiv                  0041e8a0 f   LIBCMT:ulldiv.obj
 0001:0001db49       _WinMainCRTStartup         0041eb49 f   LIBCMT:exe_winmain.obj
 0001:0001db97       ___scrt_acquire_startup_lock 0041eb97 f   LIBCMT:utility.obj
 0001:0001dbc9       ___scrt_initialize_crt     0041ebc9 f   LIBCMT:utility.obj
 0001:0001dc02       ___scrt_initialize_onexit_tables 0041ec02 f   LIBCMT:utility.obj
 0001:0001dc89       ___scrt_is_nonwritable_in_current_image 0041ec89 f   LIBCMT:utility.obj
 0001:0001dd1d       ___scrt_release_startup_lock 0041ed1d f   LIBCMT:utility.obj
 0001:0001dd3a       ___scrt_uninitialize_crt   0041ed3a f   LIBCMT:utility.obj
 0001:0001dd62       __onexit                   0041ed62 f   LIBCMT:utility.obj
 0001:0001dd8f       _atexit                    0041ed8f f   LIBCMT:utility.obj
 0001:0001ddf1       ___security_init_cookie    0041edf1 f   LIBCMT:gs_support.obj
 0001:0001de3c       __get_startup_argv_mode    0041ee3c f   LIBCMT:argv_mode.obj
 0001:0001de40       __get_startup_file_mode    0041ee40 f   LIBCMT:file_mode.obj
 0001:0001de46       ?__scrt_initialize_type_info@@YAXXZ 0041ee46 f   LIBCMT:tncleanup.obj
 0001:0001de52       ___acrt_uninitialize_command_line 0041ee52 f   libucrt:argv_data.obj
 0001:0001de52       __should_initialize_environment 0041ee52 f   LIBCMT:env_mode.obj
 0001:0001de55       __initialize_default_precision 0041ee55 f   LIBCMT:default_precision.obj
 0001:0001de76       @_guard_check_icall_nop@4  0041ee76 f   LIBCMT:guard_support.obj
 0001:0001de76       __initialize_denormal_control 0041ee76 f   LIBCMT:denormal_control.obj
 0001:0001de76       __initialize_invalid_parameter_handler 0041ee76 f   LIBCMT:invalid_parameter_handler.obj
 0001:0001de77       ___scrt_initialize_default_local_stdio_options 0041ee77 f   LIBCMT:default_local_stdio_options.obj
 0001:0001de94       ___scrt_is_user_matherr_present 0041ee94 f   LIBCMT:matherr_detection.obj
 0001:0001dea0       ___scrt_get_dyn_tls_init_callback 0041eea0 f   LIBCMT:dyn_tls_init.obj
 0001:0001dea6       ___scrt_get_dyn_tls_dtor_callback 0041eea6 f   LIBCMT:dyn_tls_dtor.obj
 0001:0001deac       ___scrt_fastfail           0041eeac f   LIBCMT:utility_desktop.obj
 0001:0001dfc6       ___scrt_get_show_window_mode 0041efc6 f   LIBCMT:utility_desktop.obj
 0001:0001dff7       ___scrt_initialize_mta     0041eff7 f   LIBCMT:utility_desktop.obj
 0001:0001dffc       ___scrt_is_managed_app     0041effc f   LIBCMT:utility_desktop.obj
 0001:0001e03f       ___scrt_set_unhandled_exception_filter 0041f03f f   LIBCMT:utility_desktop.obj
 0001:0001e04b       ___scrt_unhandled_exception_filter@4 0041f04b f   LIBCMT:utility_desktop.obj
 0001:0001e08c       __crt_debugger_hook        0041f08c f   LIBCMT:utility_desktop.obj
 0001:0001e094       __RTC_Initialize           0041f094 f   LIBCMT:initsect.obj
 0001:0001e0c0       __RTC_Terminate            0041f0c0 f   LIBCMT:initsect.obj
 0001:0001e0f0       __SEH_prolog4              0041f0f0 f   LIBCMT:sehprolg4.obj
 0001:0001e136       __SEH_epilog4              0041f136 f   LIBCMT:sehprolg4.obj
 0001:0001e14b       ___isa_available_init      0041f14b f   LIBCMT:cpu_disp.obj
 0001:0001e2e2       ___scrt_is_ucrt_dll_in_use 0041f2e2 f   LIBCMT:ucrt_detection.obj
 0001:0001e2ee       _IsProcessorFeaturePresent@4 0041f2ee f   kernel32:KERNEL32.dll
 0001:0001e2f4       _memcmp                    0041f2f4 f   libvcruntime:memcmp.obj
 0001:0001f2a0       _memset                    004202a0 f   libvcruntime:memset.obj
 0001:0001f400       _strchr                    00420400 f   libvcruntime:strchr.obj
 0001:0001f46e       ___from_strstr_to_strchr   0042046e     libvcruntime:strchr.obj
 0001:0001f530       _memchr                    00420530 f   libvcruntime:memchr.obj
 0001:0001f5e0       _memcpy                    004205e0 f   libvcruntime:memcpy.obj
 0001:0001fb60       _memmove                   00420b60 f   libvcruntime:memmove.obj
 0001:000200e0       _strstr                    004210e0 f   libvcruntime:strstr.obj
 0001:00020390       __except_handler4          00421390 f   libvcruntime:chandler4.obj
 0001:000204ee       ___vcrt_initialize         004214ee f   libvcruntime:initialization.obj
 0001:0002050d       ___vcrt_uninitialize       0042150d f   libvcruntime:initialization.obj
 0001:00020530       __local_unwind4            00421530 f   libvcruntime:exsup4.obj
 0001:00020608       __seh_longjmp_unwind4@4    00421608 f   libvcruntime:exsup4.obj
 0001:00020630       @_EH4_CallFilterFunc@8     00421630 f   libvcruntime:exsup4.obj
 0001:00020648       @_EH4_TransferToHandler@8  00421648 f   libvcruntime:exsup4.obj
 0001:00020664       @_EH4_GlobalUnwind2@8      00421664 f   libvcruntime:exsup4.obj
 0001:00020680       @_EH4_LocalUnwind@16       00421680 f   libvcruntime:exsup4.obj
 0001:00020697       ___except_validate_context_record 00421697 f   libvcruntime:jbcxrval.obj
 0001:000206c7       ___except_validate_jump_buffer 004216c7 f   libvcruntime:jbcxrval.obj
 0001:000206f4       ___vcrt_freefls@4          004216f4 f   libvcruntime:per_thread_data.obj
 0001:00020710       ___vcrt_initialize_ptd     00421710 f   libvcruntime:per_thread_data.obj
 0001:00020743       ___vcrt_uninitialize_ptd   00421743 f   libvcruntime:per_thread_data.obj
 0001:0002075e       ___vcrt_initialize_locks   0042175e f   libvcruntime:locks.obj
 0001:0002079a       ___vcrt_uninitialize_locks 0042179a f   libvcruntime:locks.obj
 0001:000207d0       __global_unwind2           004217d0 f   libvcruntime:exsup.obj
 0001:00020836       __local_unwind2            00421836 f   libvcruntime:exsup.obj
 0001:000208ba       __abnormal_termination     004218ba f   libvcruntime:exsup.obj
 0001:000208e0       __NLG_Notify1              004218e0 f   libvcruntime:exsup.obj
 0001:000208ec       __NLG_Notify               004218ec f   libvcruntime:exsup.obj
 0001:00020903       __NLG_Dispatch2            00421903     libvcruntime:exsup.obj
 0001:00020903       __NLG_Dispatch             00421903     libvcruntime:exsup.obj
 0001:0002090b       __NLG_Call                 0042190b f   libvcruntime:exsup.obj
 0001:0002090d       __NLG_Return2              0042190d     libvcruntime:exsup.obj
 0001:00020a03       ___vcrt_FlsAlloc           00421a03 f   libvcruntime:winapi_downlevel.obj
 0001:00020a3e       ___vcrt_FlsFree            00421a3e f   libvcruntime:winapi_downlevel.obj
 0001:00020a79       ___vcrt_FlsSetValue        00421a79 f   libvcruntime:winapi_downlevel.obj
 0001:00020ab7       ___vcrt_InitializeCriticalSectionEx 00421ab7 f   libvcruntime:winapi_downlevel.obj
 0001:00020b00       __CallSettingFrame@12      00421b00 f   libvcruntime:lowhelpr.obj
 0001:00020b27       __NLG_Return               00421b27     libvcruntime:lowhelpr.obj
 0001:00020b4c       ___DestructExceptionObject 00421b4c f   libvcruntime:ehhelpers.obj
 0001:00020bec       ?_CallMemberFunction0@@YGXQAX0@Z 00421bec f i libvcruntime:ehhelpers.obj
 0001:000211f8       ??$ftprintf@PAU_iobuf@@PB_WABQB_WABQB_WABI@?$__crt_char_traits@_W@@SAH$$QAPAU_iobuf@@$$QAPB_WABQB_W2ABI@Z 004221f8 f i libucrt:assert.obj
 0001:000212d5       __vfwprintf_l              004222d5 f i libucrt:assert.obj
 0001:000212fa       __vswprintf_c_l            004222fa f i libucrt:assert.obj
 0001:00021329       __wassert                  00422329 f   libucrt:assert.obj
 0001:00021371       _fwprintf                  00422371 f i libucrt:assert.obj
 0001:0002140d       _swprintf                  0042240d f i libucrt:assert.obj
 0001:00021430       _strcmp                    00422430 f   libucrt:strcmp.obj
 0001:000214bc       __fclose_nolock            004224bc f   libucrt:fclose.obj
 0001:00021533       _fclose                    00422533 f   libucrt:fclose.obj
 0001:0002166e       _fopen                     0042266e f   libucrt:fopen.obj
 0001:0002172b       _fputs                     0042272b f   libucrt:fputs.obj
 0001:00021bd0       ??$count@D@formatting_buffer@__crt_stdio_output@@QBEIXZ 00422bd0 f i libucrt:output.obj
 0001:00021be8       ??$count@_W@formatting_buffer@__crt_stdio_output@@QBEIXZ 00422be8 f i libucrt:output.obj
 0001:00021c01       ??$ensure_buffer_is_big_enough@D@formatting_buffer@__crt_stdio_output@@QAE_NI@Z 00422c01 f i libucrt:output.obj
 0001:00021c7e       ??$ensure_buffer_is_big_enough@_W@formatting_buffer@__crt_stdio_output@@QAE_NI@Z 00422c7e f i libucrt:output.obj
 0001:00021cfc       ??$is_wide_character_specifier@D@__crt_stdio_output@@YA_N_KDW4length_modifier@0@@Z 00422cfc f i libucrt:output.obj
 0001:00021d2d       ??$is_wide_character_specifier@_W@__crt_stdio_output@@YA_N_K_WW4length_modifier@0@@Z 00422d2d f i libucrt:output.obj
 0001:00021d7b       ??$scratch_data@D@formatting_buffer@__crt_stdio_output@@QAEPADXZ 00422d7b f i libucrt:output.obj
 0001:00021d99       ??$type_case_integer_parse_into_buffer@I@?$output_processor@DV?$stream_output_adapter@D@__crt_stdio_output@@V?$standard_base@DV?$stream_output_adapter@D@__crt_stdio_output@@@2@@__crt_stdio_output@@AAEXII_N@Z 00422d99 f i libucrt:output.obj
 0001:00021d99       ??$type_case_integer_parse_into_buffer@I@?$output_processor@DV?$string_output_adapter@D@__crt_stdio_output@@V?$standard_base@DV?$string_output_adapter@D@__crt_stdio_output@@@2@@__crt_stdio_output@@AAEXII_N@Z 00422d99 f i libucrt:output.obj
 0001:00021e0c       ??$type_case_integer_parse_into_buffer@I@?$output_processor@_WV?$stream_output_adapter@_W@__crt_stdio_output@@V?$standard_base@_WV?$stream_output_adapter@_W@__crt_stdio_output@@@2@@__crt_stdio_output@@AAEXII_N@Z 00422e0c f i libucrt:output.obj
 0001:00021e0c       ??$type_case_integer_parse_into_buffer@I@?$output_processor@_WV?$string_output_adapter@_W@__crt_stdio_output@@V?$standard_base@_WV?$string_output_adapter@_W@__crt_stdio_output@@@2@@__crt_stdio_output@@AAEXII_N@Z 00422e0c f i libucrt:output.obj
 0001:00021e93       ??$type_case_integer_parse_into_buffer@_K@?$output_processor@DV?$string_output_adapter@D@__crt_stdio_output@@V?$standard_base@DV?$string_output_adapter@D@__crt_stdio_output@@@2@@__crt_stdio_output@@AAEX_KI_N@Z 00422e93 f i libucrt:output.obj
 0001:00021e93       ??$type_case_integer_parse_into_buffer@_K@?$output_processor@DV?$stream_output_adapter@D@__crt_stdio_output@@V?$standard_base@DV?$stream_output_adapter@D@__crt_stdio_output@@@2@@__crt_stdio_output@@AAEX_KI_N@Z 00422e93 f i libucrt:output.obj
 0001:00021f21       ??$type_case_integer_parse_into_buffer@_K@?$output_processor@_WV?$stream_output_adapter@_W@__crt_stdio_output@@V?$standard_base@_WV?$stream_output_adapter@_W@__crt_stdio_output@@@2@@__crt_stdio_output@@AAEX_KI_N@Z 00422f21 f i libucrt:output.obj
 0001:00021f21       ??$type_case_integer_parse_into_buffer@_K@?$output_processor@_WV?$string_output_adapter@_W@__crt_stdio_output@@V?$standard_base@_WV?$string_output_adapter@_W@__crt_stdio_output@@@2@@__crt_stdio_output@@AAEX_KI_N@Z 00422f21 f i libucrt:output.obj
 0001:00021fc3       ??$write_multiple_characters@V?$stream_output_adapter@D@__crt_stdio_output@@D@__crt_stdio_output@@YAXABV?$stream_output_adapter@D@0@DHQAH@Z 00422fc3 f i libucrt:output.obj
 0001:00021ffe       ??$write_multiple_characters@V?$stream_output_adapter@_W@__crt_stdio_output@@D@__crt_stdio_output@@YAXABV?$stream_output_adapter@_W@0@DHQAH@Z 00422ffe f i libucrt:output.obj
 0001:0002203e       ??$write_multiple_characters@V?$string_output_adapter@D@__crt_stdio_output@@D@__crt_stdio_output@@YAXABV?$string_output_adapter@D@0@DHQAH@Z 0042303e f i libucrt:output.obj
 0001:0002206a       ??$write_multiple_characters@V?$string_output_adapter@_W@__crt_stdio_output@@D@__crt_stdio_output@@YAXABV?$string_output_adapter@_W@0@DHQAH@Z 0042306a f i libucrt:output.obj
 0001:0002209b       ??0?$common_data@D@__crt_stdio_output@@IAE@XZ 0042309b f i libucrt:output.obj
 0001:000220e0       ??0?$common_data@_W@__crt_stdio_output@@IAE@XZ 004230e0 f i libucrt:output.obj
 0001:0002212a       ??0?$output_adapter_data@DV?$stream_output_adapter@D@__crt_stdio_output@@@__crt_stdio_output@@IAE@ABV?$stream_output_adapter@D@1@_KQBDQAU__crt_locale_pointers@@QAD@Z 0042312a f i libucrt:output.obj
 0001:0002212a       ??0?$output_adapter_data@DV?$string_output_adapter@D@__crt_stdio_output@@@__crt_stdio_output@@IAE@ABV?$string_output_adapter@D@1@_KQBDQAU__crt_locale_pointers@@QAD@Z 0042312a f i libucrt:output.obj
 0001:00022166       ??0?$output_adapter_data@_WV?$stream_output_adapter@_W@__crt_stdio_output@@@__crt_stdio_output@@IAE@ABV?$stream_output_adapter@_W@1@_KQB_WQAU__crt_locale_pointers@@QAD@Z 00423166 f i libucrt:output.obj
 0001:00022166       ??0?$output_adapter_data@_WV?$string_output_adapter@_W@__crt_stdio_output@@@__crt_stdio_output@@IAE@ABV?$string_output_adapter@_W@1@_KQB_WQAU__crt_locale_pointers@@QAD@Z 00423166 f i libucrt:output.obj
 0001:000221a2       ??0_LocaleUpdate@@QAE@QAU__crt_locale_pointers@@@Z 004231a2 f i libucrt:output.obj
 0001:00022225       ??1formatting_buffer@__crt_stdio_output@@QAE@XZ 00423225 f i libucrt:output.obj
 0001:0002223f       ??4?$__crt_unique_heap_ptr@DU__crt_internal_free_policy@@@@QAEAAV0@$$QAV0@@Z 0042323f f i libucrt:output.obj
 0001:000223e1       ?crop_zeroes@__crt_stdio_output@@YAXPADQAU__crt_locale_pointers@@@Z 004233e1 f i libucrt:output.obj
 0001:00022441       ?find_next_state@?$output_processor@DV?$string_output_adapter@D@__crt_stdio_output@@V?$standard_base@DV?$string_output_adapter@D@__crt_stdio_output@@@2@@__crt_stdio_output@@ABE?AW4state@2@DW432@@Z 00423441 f i libucrt:output.obj
 0001:00022441       ?find_next_state@?$output_processor@DV?$stream_output_adapter@D@__crt_stdio_output@@V?$standard_base@DV?$stream_output_adapter@D@__crt_stdio_output@@@2@@__crt_stdio_output@@ABE?AW4state@2@DW432@@Z 00423441 f i libucrt:output.obj
 0001:0002247e       ?find_next_state@?$output_processor@_WV?$string_output_adapter@_W@__crt_stdio_output@@V?$standard_base@_WV?$string_output_adapter@_W@__crt_stdio_output@@@2@@__crt_stdio_output@@ABE?AW4state@2@_WW432@@Z 0042347e f i libucrt:output.obj
 0001:0002247e       ?find_next_state@?$output_processor@_WV?$stream_output_adapter@_W@__crt_stdio_output@@V?$standard_base@_WV?$stream_output_adapter@_W@__crt_stdio_output@@@2@@__crt_stdio_output@@ABE?AW4state@2@_WW432@@Z 0042347e f i libucrt:output.obj
 0001:000224bd       ?force_decimal_point@__crt_stdio_output@@YAXPADQAU__crt_locale_pointers@@@Z 004234bd f i libucrt:output.obj
 0001:00022519       ?parse_int_from_format_string@?$output_processor@DV?$stream_output_adapter@D@__crt_stdio_output@@V?$standard_base@DV?$stream_output_adapter@D@__crt_stdio_output@@@2@@__crt_stdio_output@@AAE_NQAH@Z 00423519 f i libucrt:output.obj
 0001:00022519       ?parse_int_from_format_string@?$output_processor@DV?$string_output_adapter@D@__crt_stdio_output@@V?$standard_base@DV?$string_output_adapter@D@__crt_stdio_output@@@2@@__crt_stdio_output@@AAE_NQAH@Z 00423519 f i libucrt:output.obj
 0001:0002258d       ?parse_int_from_format_string@?$output_processor@_WV?$stream_output_adapter@_W@__crt_stdio_output@@V?$standard_base@_WV?$stream_output_adapter@_W@__crt_stdio_output@@@2@@__crt_stdio_output@@AAE_NQAH@Z 0042358d f i libucrt:output.obj
 0001:0002258d       ?parse_int_from_format_string@?$output_processor@_WV?$string_output_adapter@_W@__crt_stdio_output@@V?$standard_base@_WV?$string_output_adapter@_W@__crt_stdio_output@@@2@@__crt_stdio_output@@AAE_NQAH@Z 0042358d f i libucrt:output.obj
 0001:00022603       ?process@?$output_processor@DV?$stream_output_adapter@D@__crt_stdio_output@@V?$standard_base@DV?$stream_output_adapter@D@__crt_stdio_output@@@2@@__crt_stdio_output@@QAEHXZ 00423603 f i libucrt:output.obj
 0001:00022717       ?process@?$output_processor@DV?$string_output_adapter@D@__crt_stdio_output@@V?$standard_base@DV?$string_output_adapter@D@__crt_stdio_output@@@2@@__crt_stdio_output@@QAEHXZ 00423717 f i libucrt:output.obj
 0001:0002282b       ?process@?$output_processor@_WV?$stream_output_adapter@_W@__crt_stdio_output@@V?$standard_base@_WV?$stream_output_adapter@_W@__crt_stdio_output@@@2@@__crt_stdio_output@@QAEHXZ 0042382b f i libucrt:output.obj
 0001:00022947       ?process@?$output_processor@_WV?$string_output_adapter@_W@__crt_stdio_output@@V?$standard_base@_WV?$string_output_adapter@_W@__crt_stdio_output@@@2@@__crt_stdio_output@@QAEHXZ 00423947 f i libucrt:output.obj
 0001:00022a63       ?state_case_flag@?$output_processor@DV?$stream_output_adapter@D@__crt_stdio_output@@V?$standard_base@DV?$stream_output_adapter@D@__crt_stdio_output@@@2@@__crt_stdio_output@@AAE_NXZ 00423a63 f i libucrt:output.obj
 0001:00022a63       ?state_case_flag@?$output_processor@DV?$string_output_adapter@D@__crt_stdio_output@@V?$standard_base@DV?$string_output_adapter@D@__crt_stdio_output@@@2@@__crt_stdio_output@@AAE_NXZ 00423a63 f i libucrt:output.obj
 0001:00022aa0       ?state_case_flag@?$output_processor@_WV?$stream_output_adapter@_W@__crt_stdio_output@@V?$standard_base@_WV?$stream_output_adapter@_W@__crt_stdio_output@@@2@@__crt_stdio_output@@AAE_NXZ 00423aa0 f i libucrt:output.obj
 0001:00022aa0       ?state_case_flag@?$output_processor@_WV?$string_output_adapter@_W@__crt_stdio_output@@V?$standard_base@_WV?$string_output_adapter@_W@__crt_stdio_output@@@2@@__crt_stdio_output@@AAE_NXZ 00423aa0 f i libucrt:output.obj
 0001:00022add       ?state_case_normal@?$output_processor@DV?$stream_output_adapter@D@__crt_stdio_output@@V?$standard_base@DV?$stream_output_adapter@D@__crt_stdio_output@@@2@@__crt_stdio_output@@AAE_NXZ 00423add f i libucrt:output.obj
 0001:00022afc       ?state_case_normal@?$output_processor@DV?$string_output_adapter@D@__crt_stdio_output@@V?$standard_base@DV?$string_output_adapter@D@__crt_stdio_output@@@2@@__crt_stdio_output@@AAE_NXZ 00423afc f i libucrt:output.obj
 0001:00022b1b       ?state_case_normal@?$output_processor@_WV?$stream_output_adapter@_W@__crt_stdio_output@@V?$standard_base@_WV?$stream_output_adapter@_W@__crt_stdio_output@@@2@@__crt_stdio_output@@AAE_NXZ 00423b1b f i libucrt:output.obj
 0001:00022b3a       ?state_case_normal@?$output_processor@_WV?$string_output_adapter@_W@__crt_stdio_output@@V?$standard_base@_WV?$string_output_adapter@_W@__crt_stdio_output@@@2@@__crt_stdio_output@@AAE_NXZ 00423b3a f i libucrt:output.obj
 0001:00022b59       ?state_case_normal_common@?$output_processor@DV?$stream_output_adapter@D@__crt_stdio_output@@V?$standard_base@DV?$stream_output_adapter@D@__crt_stdio_output@@@2@@__crt_stdio_output@@AAE_NXZ 00423b59 f i libucrt:output.obj
 0001:00022b93       ?state_case_normal_common@?$output_processor@DV?$string_output_adapter@D@__crt_stdio_output@@V?$standard_base@DV?$string_output_adapter@D@__crt_stdio_output@@@2@@__crt_stdio_output@@AAE_NXZ 00423b93 f i libucrt:output.obj
 0001:00022bbd       ?state_case_normal_common@?$output_processor@_WV?$stream_output_adapter@_W@__crt_stdio_output@@V?$standard_base@_WV?$stream_output_adapter@_W@__crt_stdio_output@@@2@@__crt_stdio_output@@AAE_NXZ 00423bbd f i libucrt:output.obj
 0001:00022be7       ?state_case_normal_common@?$output_processor@_WV?$string_output_adapter@_W@__crt_stdio_output@@V?$standard_base@_WV?$string_output_adapter@_W@__crt_stdio_output@@@2@@__crt_stdio_output@@AAE_NXZ 00423be7 f i libucrt:output.obj
 0001:00022c02       ?state_case_normal_tchar@?$output_processor@DV?$stream_output_adapter@D@__crt_stdio_output@@V?$standard_base@DV?$stream_output_adapter@D@__crt_stdio_output@@@2@@__crt_stdio_output@@AAE_ND@Z 00423c02 f i libucrt:output.obj
 0001:00022c6f       ?state_case_normal_tchar@?$output_processor@DV?$string_output_adapter@D@__crt_stdio_output@@V?$standard_base@DV?$string_output_adapter@D@__crt_stdio_output@@@2@@__crt_stdio_output@@AAE_ND@Z 00423c6f f i libucrt:output.obj
 0001:00022cd3       ?state_case_precision@?$output_processor@DV?$string_output_adapter@D@__crt_stdio_output@@V?$standard_base@DV?$string_output_adapter@D@__crt_stdio_output@@@2@@__crt_stdio_output@@AAE_NXZ 00423cd3 f i libucrt:output.obj
 0001:00022cd3       ?state_case_precision@?$output_processor@DV?$stream_output_adapter@D@__crt_stdio_output@@V?$standard_base@DV?$stream_output_adapter@D@__crt_stdio_output@@@2@@__crt_stdio_output@@AAE_NXZ 00423cd3 f i libucrt:output.obj
 0001:00022cf9       ?state_case_precision@?$output_processor@_WV?$string_output_adapter@_W@__crt_stdio_output@@V?$standard_base@_WV?$string_output_adapter@_W@__crt_stdio_output@@@2@@__crt_stdio_output@@AAE_NXZ 00423cf9 f i libucrt:output.obj
 0001:00022cf9       ?state_case_precision@?$output_processor@_WV?$stream_output_adapter@_W@__crt_stdio_output@@V?$standard_base@_WV?$stream_output_adapter@_W@__crt_stdio_output@@@2@@__crt_stdio_output@@AAE_NXZ 00423cf9 f i libucrt:output.obj
 0001:00022d20       ?state_case_size@?$output_processor@DV?$stream_output_adapter@D@__crt_stdio_output@@V?$standard_base@DV?$stream_output_adapter@D@__crt_stdio_output@@@2@@__crt_stdio_output@@AAE_NXZ 00423d20 f i libucrt:output.obj
 0001:00022e6e       ?state_case_size@?$output_processor@DV?$string_output_adapter@D@__crt_stdio_output@@V?$standard_base@DV?$string_output_adapter@D@__crt_stdio_output@@@2@@__crt_stdio_output@@AAE_NXZ 00423e6e f i libucrt:output.obj
 0001:00022fbc       ?state_case_size@?$output_processor@_WV?$stream_output_adapter@_W@__crt_stdio_output@@V?$standard_base@_WV?$stream_output_adapter@_W@__crt_stdio_output@@@2@@__crt_stdio_output@@AAE_NXZ 00423fbc f i libucrt:output.obj
 0001:00023134       ?state_case_size@?$output_processor@_WV?$string_output_adapter@_W@__crt_stdio_output@@V?$standard_base@_WV?$string_output_adapter@_W@__crt_stdio_output@@@2@@__crt_stdio_output@@AAE_NXZ 00424134 f i libucrt:output.obj
 0001:000232ac       ?state_case_type@?$output_processor@DV?$stream_output_adapter@D@__crt_stdio_output@@V?$standard_base@DV?$stream_output_adapter@D@__crt_stdio_output@@@2@@__crt_stdio_output@@AAE_NXZ 004242ac f i libucrt:output.obj
 0001:000234de       ?state_case_type@?$output_processor@DV?$string_output_adapter@D@__crt_stdio_output@@V?$standard_base@DV?$string_output_adapter@D@__crt_stdio_output@@@2@@__crt_stdio_output@@AAE_NXZ 004244de f i libucrt:output.obj
 0001:00023710       ?state_case_type@?$output_processor@_WV?$stream_output_adapter@_W@__crt_stdio_output@@V?$standard_base@_WV?$stream_output_adapter@_W@__crt_stdio_output@@@2@@__crt_stdio_output@@AAE_NXZ 00424710 f i libucrt:output.obj
 0001:00023975       ?state_case_type@?$output_processor@_WV?$string_output_adapter@_W@__crt_stdio_output@@V?$standard_base@_WV?$string_output_adapter@_W@__crt_stdio_output@@@2@@__crt_stdio_output@@AAE_NXZ 00424975 f i libucrt:output.obj
 0001:00023bda       ?state_case_width@?$output_processor@DV?$stream_output_adapter@D@__crt_stdio_output@@V?$standard_base@DV?$stream_output_adapter@D@__crt_stdio_output@@@2@@__crt_stdio_output@@AAE_NXZ 00424bda f i libucrt:output.obj
 0001:00023bda       ?state_case_width@?$output_processor@DV?$string_output_adapter@D@__crt_stdio_output@@V?$standard_base@DV?$string_output_adapter@D@__crt_stdio_output@@@2@@__crt_stdio_output@@AAE_NXZ 00424bda f i libucrt:output.obj
 0001:00023c05       ?state_case_width@?$output_processor@_WV?$stream_output_adapter@_W@__crt_stdio_output@@V?$standard_base@_WV?$stream_output_adapter@_W@__crt_stdio_output@@@2@@__crt_stdio_output@@AAE_NXZ 00424c05 f i libucrt:output.obj
 0001:00023c05       ?state_case_width@?$output_processor@_WV?$string_output_adapter@_W@__crt_stdio_output@@V?$standard_base@_WV?$string_output_adapter@_W@__crt_stdio_output@@@2@@__crt_stdio_output@@AAE_NXZ 00424c05 f i libucrt:output.obj
 0001:00023c31       ?to_integer_size@__crt_stdio_output@@YAIW4length_modifier@1@@Z 00424c31 f i libucrt:output.obj
 0001:00023c85       ?type_case_Z@?$output_processor@DV?$stream_output_adapter@D@__crt_stdio_output@@V?$standard_base@DV?$stream_output_adapter@D@__crt_stdio_output@@@2@@__crt_stdio_output@@AAE_NXZ 00424c85 f i libucrt:output.obj
 0001:00023c85       ?type_case_Z@?$output_processor@DV?$string_output_adapter@D@__crt_stdio_output@@V?$standard_base@DV?$string_output_adapter@D@__crt_stdio_output@@@2@@__crt_stdio_output@@AAE_NXZ 00424c85 f i libucrt:output.obj
 0001:00023cdf       ?type_case_Z@?$output_processor@_WV?$stream_output_adapter@_W@__crt_stdio_output@@V?$standard_base@_WV?$stream_output_adapter@_W@__crt_stdio_output@@@2@@__crt_stdio_output@@AAE_NXZ 00424cdf f i libucrt:output.obj
 0001:00023cdf       ?type_case_Z@?$output_processor@_WV?$string_output_adapter@_W@__crt_stdio_output@@V?$standard_base@_WV?$string_output_adapter@_W@__crt_stdio_output@@@2@@__crt_stdio_output@@AAE_NXZ 00424cdf f i libucrt:output.obj
 0001:00023d39       ?type_case_a@?$output_processor@DV?$string_output_adapter@D@__crt_stdio_output@@V?$standard_base@DV?$string_output_adapter@D@__crt_stdio_output@@@2@@__crt_stdio_output@@AAE_NXZ 00424d39 f i libucrt:output.obj
 0001:00023d39       ?type_case_a@?$output_processor@DV?$stream_output_adapter@D@__crt_stdio_output@@V?$standard_base@DV?$stream_output_adapter@D@__crt_stdio_output@@@2@@__crt_stdio_output@@AAE_NXZ 00424d39 f i libucrt:output.obj
 0001:00023e88       ?type_case_a@?$output_processor@_WV?$string_output_adapter@_W@__crt_stdio_output@@V?$standard_base@_WV?$string_output_adapter@_W@__crt_stdio_output@@@2@@__crt_stdio_output@@AAE_NXZ 00424e88 f i libucrt:output.obj
 0001:00023e88       ?type_case_a@?$output_processor@_WV?$stream_output_adapter@_W@__crt_stdio_output@@V?$standard_base@_WV?$stream_output_adapter@_W@__crt_stdio_output@@@2@@__crt_stdio_output@@AAE_NXZ 00424e88 f i libucrt:output.obj
 0001:00023fed       ?type_case_c_tchar@?$output_processor@DV?$string_output_adapter@D@__crt_stdio_output@@V?$standard_base@DV?$string_output_adapter@D@__crt_stdio_output@@@2@@__crt_stdio_output@@AAE_ND@Z 00424fed f i libucrt:output.obj
 0001:00023fed       ?type_case_c_tchar@?$output_processor@DV?$stream_output_adapter@D@__crt_stdio_output@@V?$standard_base@DV?$stream_output_adapter@D@__crt_stdio_output@@@2@@__crt_stdio_output@@AAE_ND@Z 00424fed f i libucrt:output.obj
 0001:0002407d       ?type_case_c_tchar@?$output_processor@_WV?$stream_output_adapter@_W@__crt_stdio_output@@V?$standard_base@_WV?$stream_output_adapter@_W@__crt_stdio_output@@@2@@__crt_stdio_output@@AAE_N_W@Z 0042507d f i libucrt:output.obj
 0001:0002407d       ?type_case_c_tchar@?$output_processor@_WV?$string_output_adapter@_W@__crt_stdio_output@@V?$standard_base@_WV?$string_output_adapter@_W@__crt_stdio_output@@@2@@__crt_stdio_output@@AAE_N_W@Z 0042507d f i libucrt:output.obj
 0001:00024113       ?type_case_integer@?$output_processor@DV?$string_output_adapter@D@__crt_stdio_output@@V?$standard_base@DV?$string_output_adapter@D@__crt_stdio_output@@@2@@__crt_stdio_output@@AAE_NI_N@Z 00425113 f i libucrt:output.obj
 0001:00024113       ?type_case_integer@?$output_processor@DV?$stream_output_adapter@D@__crt_stdio_output@@V?$standard_base@DV?$stream_output_adapter@D@__crt_stdio_output@@@2@@__crt_stdio_output@@AAE_NI_N@Z 00425113 f i libucrt:output.obj
 0001:00024264       ?type_case_integer@?$output_processor@_WV?$string_output_adapter@_W@__crt_stdio_output@@V?$standard_base@_WV?$string_output_adapter@_W@__crt_stdio_output@@@2@@__crt_stdio_output@@AAE_NI_N@Z 00425264 f i libucrt:output.obj
 0001:00024264       ?type_case_integer@?$output_processor@_WV?$stream_output_adapter@_W@__crt_stdio_output@@V?$standard_base@_WV?$stream_output_adapter@_W@__crt_stdio_output@@@2@@__crt_stdio_output@@AAE_NI_N@Z 00425264 f i libucrt:output.obj
 0001:000243b9       ?type_case_n@?$output_processor@_WV?$stream_output_adapter@_W@__crt_stdio_output@@V?$standard_base@_WV?$stream_output_adapter@_W@__crt_stdio_output@@@2@@__crt_stdio_output@@AAE_NXZ 004253b9 f i libucrt:output.obj
 0001:000243b9       ?type_case_n@?$output_processor@DV?$stream_output_adapter@D@__crt_stdio_output@@V?$standard_base@DV?$stream_output_adapter@D@__crt_stdio_output@@@2@@__crt_stdio_output@@AAE_NXZ 004253b9 f i libucrt:output.obj
 0001:000243b9       ?type_case_n@?$output_processor@DV?$string_output_adapter@D@__crt_stdio_output@@V?$standard_base@DV?$string_output_adapter@D@__crt_stdio_output@@@2@@__crt_stdio_output@@AAE_NXZ 004253b9 f i libucrt:output.obj
 0001:000243b9       ?type_case_n@?$output_processor@_WV?$string_output_adapter@_W@__crt_stdio_output@@V?$standard_base@_WV?$string_output_adapter@_W@__crt_stdio_output@@@2@@__crt_stdio_output@@AAE_NXZ 004253b9 f i libucrt:output.obj
 0001:0002442d       ?type_case_o@?$output_processor@DV?$stream_output_adapter@D@__crt_stdio_output@@V?$standard_base@DV?$stream_output_adapter@D@__crt_stdio_output@@@2@@__crt_stdio_output@@AAE_NXZ 0042542d f i libucrt:output.obj
 0001:0002442d       ?type_case_o@?$output_processor@DV?$string_output_adapter@D@__crt_stdio_output@@V?$standard_base@DV?$string_output_adapter@D@__crt_stdio_output@@@2@@__crt_stdio_output@@AAE_NXZ 0042542d f i libucrt:output.obj
 0001:0002444c       ?type_case_o@?$output_processor@_WV?$string_output_adapter@_W@__crt_stdio_output@@V?$standard_base@_WV?$string_output_adapter@_W@__crt_stdio_output@@@2@@__crt_stdio_output@@AAE_NXZ 0042544c f i libucrt:output.obj
 0001:0002444c       ?type_case_o@?$output_processor@_WV?$stream_output_adapter@_W@__crt_stdio_output@@V?$standard_base@_WV?$stream_output_adapter@_W@__crt_stdio_output@@@2@@__crt_stdio_output@@AAE_NXZ 0042544c f i libucrt:output.obj
 0001:0002446b       ?type_case_p@?$output_processor@DV?$stream_output_adapter@D@__crt_stdio_output@@V?$standard_base@DV?$stream_output_adapter@D@__crt_stdio_output@@@2@@__crt_stdio_output@@AAE_NXZ 0042546b f i libucrt:output.obj
 0001:0002446b       ?type_case_p@?$output_processor@DV?$string_output_adapter@D@__crt_stdio_output@@V?$standard_base@DV?$string_output_adapter@D@__crt_stdio_output@@@2@@__crt_stdio_output@@AAE_NXZ 0042546b f i libucrt:output.obj
 0001:00024483       ?type_case_p@?$output_processor@_WV?$stream_output_adapter@_W@__crt_stdio_output@@V?$standard_base@_WV?$stream_output_adapter@_W@__crt_stdio_output@@@2@@__crt_stdio_output@@AAE_NXZ 00425483 f i libucrt:output.obj
 0001:00024483       ?type_case_p@?$output_processor@_WV?$string_output_adapter@_W@__crt_stdio_output@@V?$standard_base@_WV?$string_output_adapter@_W@__crt_stdio_output@@@2@@__crt_stdio_output@@AAE_NXZ 00425483 f i libucrt:output.obj
 0001:0002449b       ?type_case_s@?$output_processor@DV?$stream_output_adapter@D@__crt_stdio_output@@V?$standard_base@DV?$stream_output_adapter@D@__crt_stdio_output@@@2@@__crt_stdio_output@@AAE_NXZ 0042549b f i libucrt:output.obj
 0001:0002449b       ?type_case_s@?$output_processor@DV?$string_output_adapter@D@__crt_stdio_output@@V?$standard_base@DV?$string_output_adapter@D@__crt_stdio_output@@@2@@__crt_stdio_output@@AAE_NXZ 0042549b f i libucrt:output.obj
 0001:0002450c       ?type_case_s@?$output_processor@_WV?$stream_output_adapter@_W@__crt_stdio_output@@V?$standard_base@_WV?$stream_output_adapter@_W@__crt_stdio_output@@@2@@__crt_stdio_output@@AAE_NXZ 0042550c f i libucrt:output.obj
 0001:0002450c       ?type_case_s@?$output_processor@_WV?$string_output_adapter@_W@__crt_stdio_output@@V?$standard_base@_WV?$string_output_adapter@_W@__crt_stdio_output@@@2@@__crt_stdio_output@@AAE_NXZ 0042550c f i libucrt:output.obj
 0001:0002457f       ?type_case_s_compute_narrow_string_length@?$output_processor@_WV?$stream_output_adapter@_W@__crt_stdio_output@@V?$standard_base@_WV?$stream_output_adapter@_W@__crt_stdio_output@@@2@@__crt_stdio_output@@ABEHH_W@Z 0042557f f i libucrt:output.obj
 0001:0002457f       ?type_case_s_compute_narrow_string_length@?$output_processor@_WV?$string_output_adapter@_W@__crt_stdio_output@@V?$standard_base@_WV?$string_output_adapter@_W@__crt_stdio_output@@@2@@__crt_stdio_output@@ABEHH_W@Z 0042557f f i libucrt:output.obj
 0001:000245c6       ?validate@?$stream_output_adapter@D@__crt_stdio_output@@QBE_NXZ 004255c6 f i libucrt:output.obj
 0001:000245e7       ?validate@?$c_string_character_source@D@__crt_strtox@@QBE_NXZ 004255e7 f i libucrt:atox.obj
 0001:000245e7       ?validate@?$c_string_character_source@_W@__crt_strtox@@QBE_NXZ 004255e7 f i libucrt:atox.obj
 0001:000245e7       ?validate@?$string_output_adapter@D@__crt_stdio_output@@QBE_NXZ 004255e7 f i libucrt:output.obj
 0001:000245e7       ?validate@?$string_output_adapter@_W@__crt_stdio_output@@QBE_NXZ 004255e7 f i libucrt:output.obj
 0001:000245e7       ?validate@?$stream_output_adapter@_W@__crt_stdio_output@@QBE_NXZ 004255e7 f i libucrt:output.obj
 0001:00024602       ?validate_stream_is_ansi_if_required@?$__acrt_stdio_char_traits@D@@SA_NQAU_iobuf@@@Z 00425602 f i libucrt:output.obj
 0001:00024689       ?write_character@?$string_output_adapter@D@__crt_stdio_output@@QBE_NDQAH@Z 00425689 f i libucrt:output.obj
 0001:000246cb       ?write_character@?$string_output_adapter@_W@__crt_stdio_output@@QBE_N_WQAH@Z 004256cb f i libucrt:output.obj
 0001:00024710       ?write_character_without_count_update@?$stream_output_adapter@D@__crt_stdio_output@@QBE_ND@Z 00425710 f i libucrt:output.obj
 0001:00024746       ?write_character_without_count_update@?$stream_output_adapter@_W@__crt_stdio_output@@QBE_N_W@Z 00425746 f i libucrt:output.obj
 0001:0002477f       ?write_stored_string_tchar@?$output_processor@DV?$stream_output_adapter@D@__crt_stdio_output@@V?$standard_base@DV?$stream_output_adapter@D@__crt_stdio_output@@@2@@__crt_stdio_output@@AAE_ND@Z 0042577f f i libucrt:output.obj
 0001:00024826       ?write_stored_string_tchar@?$output_processor@DV?$string_output_adapter@D@__crt_stdio_output@@V?$standard_base@DV?$string_output_adapter@D@__crt_stdio_output@@@2@@__crt_stdio_output@@AAE_ND@Z 00425826 f i libucrt:output.obj
 0001:000248cd       ?write_stored_string_tchar@?$output_processor@_WV?$stream_output_adapter@_W@__crt_stdio_output@@V?$standard_base@_WV?$stream_output_adapter@_W@__crt_stdio_output@@@2@@__crt_stdio_output@@AAE_N_W@Z 004258cd f i libucrt:output.obj
 0001:00024960       ?write_stored_string_tchar@?$output_processor@_WV?$string_output_adapter@_W@__crt_stdio_output@@V?$standard_base@_WV?$string_output_adapter@_W@__crt_stdio_output@@@2@@__crt_stdio_output@@AAE_N_W@Z 00425960 f i libucrt:output.obj
 0001:000249f3       ?write_string@?$stream_output_adapter@D@__crt_stdio_output@@QBEXQBDHQAHAAV__crt_deferred_errno_cache@@@Z 004259f3 f i libucrt:output.obj
 0001:00024a1f       ?write_string@?$stream_output_adapter@_W@__crt_stdio_output@@QBEXQB_WHQAHAAV__crt_deferred_errno_cache@@@Z 00425a1f f i libucrt:output.obj
 0001:00024a4b       ?write_string@?$string_output_adapter@D@__crt_stdio_output@@QBEXQBDHQAHAAV__crt_deferred_errno_cache@@@Z 00425a4b f i libucrt:output.obj
 0001:00024ab2       ?write_string@?$string_output_adapter@_W@__crt_stdio_output@@QBEXQB_WHQAHAAV__crt_deferred_errno_cache@@@Z 00425ab2 f i libucrt:output.obj
 0001:00024b23       ?write_string_impl@?$output_adapter_common@DV?$stream_output_adapter@D@__crt_stdio_output@@@__crt_stdio_output@@IBEXQBDHQAHAAV__crt_deferred_errno_cache@@@Z 00425b23 f i libucrt:output.obj
 0001:00024bc1       ?write_string_impl@?$output_adapter_common@_WV?$stream_output_adapter@_W@__crt_stdio_output@@@__crt_stdio_output@@IBEXQB_WHQAHAAV__crt_deferred_errno_cache@@@Z 00425bc1 f i libucrt:output.obj
 0001:00024c62       ___acrt_locale_get_ctype_array_value 00425c62 f i libucrt:output.obj
 0001:00024c84       ___stdio_common_vfprintf   00425c84 f   libucrt:output.obj
 0001:00024d07       ___stdio_common_vfwprintf  00425d07 f   libucrt:output.obj
 0001:00024d8a       ___stdio_common_vsprintf   00425d8a f   libucrt:output.obj
 0001:00024dae       ___stdio_common_vswprintf  00425dae f   libucrt:output.obj
 0001:00024dd2       ??$assemble_floating_point_snan@N@__crt_strtox@@YAX_NAAN@Z 00425dd2 f i libucrt:input.obj
 0001:00024df3       ??$assemble_floating_point_value_t@M@__crt_strtox@@YA?AW4SLD_STATUS@@_NH_KAAM@Z 00425df3 f i libucrt:input.obj
 0001:00024e23       ??$assemble_floating_point_value_t@N@__crt_strtox@@YA?AW4SLD_STATUS@@_NH_KAAN@Z 00425e23 f i libucrt:input.obj
 0001:00024f19       ??$convert_decimal_string_to_floating_type@M@__crt_strtox@@YA?AW4SLD_STATUS@@ABUfloating_point_string@0@AAM@Z 00425f19 f i libucrt:input.obj
 0001:00024f3a       ??$convert_decimal_string_to_floating_type@N@__crt_strtox@@YA?AW4SLD_STATUS@@ABUfloating_point_string@0@AAN@Z 00425f3a f i libucrt:input.obj
 0001:00024f5b       ??$convert_hexadecimal_string_to_floating_type@M@__crt_strtox@@YA?AW4SLD_STATUS@@ABUfloating_point_string@0@AAM@Z 00425f5b f i libucrt:input.obj
 0001:00024f7c       ??$convert_hexadecimal_string_to_floating_type@N@__crt_strtox@@YA?AW4SLD_STATUS@@ABUfloating_point_string@0@AAN@Z 00425f7c f i libucrt:input.obj
 0001:00024f9d       ??$is_overflow_condition@_K@__crt_strtox@@YA_NI_K@Z 00425f9d f i libucrt:input.obj
 0001:00024fde       ??$make_input_adapter_character_source@V?$string_input_adapter@D@__crt_stdio_input@@@__crt_strtox@@YA?AV?$input_adapter_character_source@V?$string_input_adapter@D@__crt_stdio_input@@@0@QAV?$string_input_adapter@D@__crt_stdio_input@@_KQA_N@Z 00425fde f i libucrt:input.obj
 0001:00024ffc       ??$parse_floating_point@V?$input_adapter_character_source@V?$string_input_adapter@D@__crt_stdio_input@@@__crt_strtox@@M@__crt_strtox@@YA?AW4SLD_STATUS@@QAU__crt_locale_pointers@@V?$input_adapter_character_source@V?$string_input_adapter@D@__crt_stdio_input@@@0@QAM@Z 00425ffc f i libucrt:input.obj
 0001:00025075       ??$parse_floating_point@V?$input_adapter_character_source@V?$string_input_adapter@D@__crt_stdio_input@@@__crt_strtox@@N@__crt_strtox@@YA?AW4SLD_STATUS@@QAU__crt_locale_pointers@@V?$input_adapter_character_source@V?$string_input_adapter@D@__crt_stdio_input@@@0@QAN@Z 00426075 f i libucrt:input.obj
 0001:000250ee       ??$parse_floating_point_from_source@V?$input_adapter_character_source@V?$string_input_adapter@D@__crt_stdio_input@@@__crt_strtox@@@__crt_strtox@@YA?AW4floating_point_parse_result@0@QAU__crt_locale_pointers@@AAV?$input_adapter_character_source@V?$string_input_adapter@D@__crt_stdio_input@@@0@AAUfloating_point_string@0@@Z 004260ee f i libucrt:input.obj
 0001:0002554b       ??$parse_floating_point_possible_infinity@DV?$input_adapter_character_source@V?$string_input_adapter@D@__crt_stdio_input@@@__crt_strtox@@_K@__crt_strtox@@YA?AW4floating_point_parse_result@0@AADAAV?$input_adapter_character_source@V?$string_input_adapter@D@__crt_stdio_input@@@0@_K@Z 0042654b f i libucrt:input.obj
 0001:0002560a       ??$parse_floating_point_possible_nan@DV?$input_adapter_character_source@V?$string_input_adapter@D@__crt_stdio_input@@@__crt_strtox@@_K@__crt_strtox@@YA?AW4floating_point_parse_result@0@AADAAV?$input_adapter_character_source@V?$string_input_adapter@D@__crt_stdio_input@@@0@_K@Z 0042660a f i libucrt:input.obj
 0001:00025725       ??$parse_floating_point_possible_nan_is_ind@DV?$input_adapter_character_source@V?$string_input_adapter@D@__crt_stdio_input@@@__crt_strtox@@@__crt_strtox@@YA_NAADAAV?$input_adapter_character_source@V?$string_input_adapter@D@__crt_stdio_input@@@0@@Z 00426725 f i libucrt:input.obj
 0001:0002575f       ??$parse_floating_point_possible_nan_is_snan@DV?$input_adapter_character_source@V?$string_input_adapter@D@__crt_stdio_input@@@__crt_strtox@@@__crt_strtox@@YA_NAADAAV?$input_adapter_character_source@V?$string_input_adapter@D@__crt_stdio_input@@@0@@Z 0042675f f i libucrt:input.obj
 0001:00025799       ??$parse_floating_point_write_result@M@__crt_strtox@@YA?AW4SLD_STATUS@@W4floating_point_parse_result@0@ABUfloating_point_string@0@QAM@Z 00426799 f i libucrt:input.obj
 0001:00025905       ??$parse_floating_point_write_result@N@__crt_strtox@@YA?AW4SLD_STATUS@@W4floating_point_parse_result@0@ABUfloating_point_string@0@QAN@Z 00426905 f i libucrt:input.obj
 0001:00025a29       ??$parse_integer@_KV?$input_adapter_character_source@V?$string_input_adapter@D@__crt_stdio_input@@@__crt_strtox@@@__crt_strtox@@YA_KQAU__crt_locale_pointers@@V?$input_adapter_character_source@V?$string_input_adapter@D@__crt_stdio_input@@@0@H_N@Z 00426a29 f i libucrt:input.obj
 0001:00025ce7       ??$process_floating_point_specifier_t@M@?$input_processor@DV?$string_input_adapter@D@__crt_stdio_input@@@__crt_stdio_input@@AAE_NXZ 00426ce7 f i libucrt:input.obj
 0001:00025d4d       ??$process_floating_point_specifier_t@N@?$input_processor@DV?$string_input_adapter@D@__crt_stdio_input@@@__crt_stdio_input@@AAE_NXZ 00426d4d f i libucrt:input.obj
 0001:00025db3       ??$process_string_specifier_tchar@D@?$input_processor@DV?$string_input_adapter@D@__crt_stdio_input@@@__crt_stdio_input@@AAE_NW4conversion_mode@1@D@Z 00426db3 f i libucrt:input.obj
 0001:00025f10       ??$process_string_specifier_tchar@_W@?$input_processor@DV?$string_input_adapter@D@__crt_stdio_input@@@__crt_stdio_input@@AAE_NW4conversion_mode@1@_W@Z 00426f10 f i libucrt:input.obj
 0001:00026077       ??$skip_whitespace@Vstring_input_adapter@__crt_stdio_input@@D@__crt_stdio_input@@YAHAAV?$string_input_adapter@D@0@QAU__crt_locale_pointers@@@Z 00427077 f i libucrt:input.obj
 0001:000260a6       ??$write_floating_point@M@?$input_processor@DV?$string_input_adapter@D@__crt_stdio_input@@@__crt_stdio_input@@AAE_NABM@Z 004270a6 f i libucrt:input.obj
 0001:000260da       ??$write_floating_point@N@?$input_processor@DV?$string_input_adapter@D@__crt_stdio_input@@@__crt_stdio_input@@AAE_NABN@Z 004270da f i libucrt:input.obj
 0001:00026114       ??0?$format_string_parser@D@__crt_stdio_input@@QAE@_KQBE@Z 00427114 f i libucrt:input.obj
 0001:0002615e       ??0?$input_adapter_character_source@V?$string_input_adapter@D@__crt_stdio_input@@@__crt_strtox@@QAE@QAV?$string_input_adapter@D@__crt_stdio_input@@_KQA_N@Z 0042715e f i libucrt:input.obj
 0001:0002618f       ??0?$input_processor@DV?$string_input_adapter@D@__crt_stdio_input@@@__crt_stdio_input@@QAE@ABV?$string_input_adapter@D@1@_KQBDQAU__crt_locale_pointers@@QAD@Z 0042718f f i libucrt:input.obj
 0001:000261fd       ?advance@?$format_string_parser@D@__crt_stdio_input@@QAE_NXZ 004271fd f i libucrt:input.obj
 0001:00026315       ?as_double@floating_point_value@__crt_strtox@@QBEAANXZ 00427315 f i libucrt:input.obj
 0001:0002633a       ?as_float@floating_point_value@__crt_strtox@@QBEAAMXZ 0042733a f i libucrt:input.obj
 0001:0002635f       ?assemble_floating_point_infinity@__crt_strtox@@YAX_NABVfloating_point_value@1@@Z 0042735f f i libucrt:input.obj
 0001:0002639f       ?assemble_floating_point_value@__crt_strtox@@YA?AW4SLD_STATUS@@_KH_N1ABVfloating_point_value@1@@Z 0042739f f i libucrt:input.obj
 0001:000266e8       ?assemble_floating_point_value_from_big_integer@__crt_strtox@@YA?AW4SLD_STATUS@@ABUbig_integer@1@I_N1ABVfloating_point_value@1@@Z 004276e8 f i libucrt:input.obj
 0001:0002687c       ?assemble_floating_point_zero@__crt_strtox@@YAX_NABVfloating_point_value@1@@Z 0042787c f i libucrt:input.obj
 0001:000268b1       ?convert_decimal_string_to_floating_type_common@__crt_strtox@@YA?AW4SLD_STATUS@@ABUfloating_point_string@1@ABVfloating_point_value@1@@Z 004278b1 f i libucrt:input.obj
 0001:000285f0       ?convert_hexadecimal_string_to_floating_type_common@__crt_strtox@@YA?AW4SLD_STATUS@@ABUfloating_point_string@1@ABVfloating_point_value@1@@Z 004295f0 f i libucrt:input.obj
 0001:00028696       ?denormal_mantissa_mask@floating_point_value@__crt_strtox@@QBE_KXZ 00429696 f i libucrt:input.obj
 0001:000286b0       ?divide@__crt_strtox@@YA_KAAUbig_integer@1@ABU21@@Z 004296b0 f i libucrt:input.obj
 0001:00028b48       ?get@?$input_adapter_character_source@V?$string_input_adapter@D@__crt_stdio_input@@@__crt_strtox@@QAEDXZ 00429b48 f i libucrt:input.obj
 0001:00028b7f       ?get@?$string_input_adapter@D@__crt_stdio_input@@QAEHXZ 00429b7f f i libucrt:input.obj
 0001:00028b95       ?invert@?$scanset_buffer@E@__crt_stdio_input@@QAEXXZ 00429b95 f i libucrt:input.obj
 0001:00028bb3       ?is_character_allowed_in_string@?$input_processor@DV?$string_input_adapter@D@__crt_stdio_input@@@__crt_stdio_input@@ABE_NW4conversion_mode@2@H@Z 00429bb3 f i libucrt:input.obj
 0001:00028c03       ?length@?$format_string_parser@D@__crt_stdio_input@@QBEIXZ 00429c03 f i libucrt:input.obj
 0001:00028c44       ?normal_mantissa_mask@floating_point_value@__crt_strtox@@QBE_KXZ 00429c44 f i libucrt:input.obj
 0001:00028c5b       ?process@?$input_processor@DV?$string_input_adapter@D@__crt_stdio_input@@@__crt_stdio_input@@QAEHXZ 00429c5b f i libucrt:input.obj
 0001:00028cdf       ?process_character_count_specifier@?$input_processor@DV?$string_input_adapter@D@__crt_stdio_input@@@__crt_stdio_input@@AAE_NXZ 00429cdf f i libucrt:input.obj
 0001:00028cf7       ?process_conversion_specifier@?$input_processor@DV?$string_input_adapter@D@__crt_stdio_input@@@__crt_stdio_input@@AAE_NXZ 00429cf7 f i libucrt:input.obj
 0001:00028d6b       ?process_floating_point_specifier@?$input_processor@DV?$string_input_adapter@D@__crt_stdio_input@@@__crt_stdio_input@@AAE_NXZ 00429d6b f i libucrt:input.obj
 0001:00028d9b       ?process_integer_specifier@?$input_processor@DV?$string_input_adapter@D@__crt_stdio_input@@@__crt_stdio_input@@AAE_NI_N@Z 00429d9b f i libucrt:input.obj
 0001:00028dfd       ?process_literal_character@?$input_processor@DV?$string_input_adapter@D@__crt_stdio_input@@@__crt_stdio_input@@AAE_NXZ 00429dfd f i libucrt:input.obj
 0001:00028e33       ?process_literal_character_tchar@?$input_processor@DV?$string_input_adapter@D@__crt_stdio_input@@@__crt_stdio_input@@AAE_ND@Z 00429e33 f i libucrt:input.obj
 0001:00028e81       ?process_state@?$input_processor@DV?$string_input_adapter@D@__crt_stdio_input@@@__crt_stdio_input@@AAE_NXZ 00429e81 f i libucrt:input.obj
 0001:00028ec3       ?process_string_specifier@?$input_processor@DV?$string_input_adapter@D@__crt_stdio_input@@@__crt_stdio_input@@AAE_NW4conversion_mode@2@@Z 00429ec3 f i libucrt:input.obj
 0001:00028f0b       ?process_whitespace@?$input_processor@DV?$string_input_adapter@D@__crt_stdio_input@@@__crt_stdio_input@@AAE_NXZ 00429f0b f i libucrt:input.obj
 0001:00028f28       ?restore_state@?$input_adapter_character_source@V?$string_input_adapter@D@__crt_stdio_input@@@__crt_strtox@@QAE_N_K@Z 00429f28 f i libucrt:input.obj
 0001:00028f4d       ?scan_conversion_specifier@?$format_string_parser@D@__crt_stdio_input@@AAE_NXZ 00429f4d f i libucrt:input.obj
 0001:000290bd       ?scan_optional_field_width@?$format_string_parser@D@__crt_stdio_input@@AAE_NXZ 0042a0bd f i libucrt:input.obj
 0001:0002915a       ?scan_optional_length_modifier@?$format_string_parser@D@__crt_stdio_input@@AAEXXZ 0042a15a f i libucrt:input.obj
 0001:00029269       ?scan_optional_literal_character_trail_bytes_tchar@?$format_string_parser@D@__crt_stdio_input@@AAE_ND@Z 0042a269 f i libucrt:input.obj
 0001:000292bb       ?scan_optional_wide_modifier@?$format_string_parser@D@__crt_stdio_input@@AAEXXZ 0042a2bb f i libucrt:input.obj
 0001:000292d9       ?scan_scanset_range@?$format_string_parser@D@__crt_stdio_input@@AAE_NXZ 0042a2d9 f i libucrt:input.obj
 0001:00029411       ?set_wide_for_c_s_or_scanset@?$format_string_parser@D@__crt_stdio_input@@AAEXXZ 0042a411 f i libucrt:input.obj
 0001:00029431       ?to_floating_point_length@__crt_stdio_input@@YAIW4length_modifier@1@@Z 0042a431 f i libucrt:input.obj
 0001:00029454       ?to_integer_length@__crt_stdio_input@@YAIW4length_modifier@1@@Z 0042a454 f i libucrt:input.obj
 0001:000294a7       ?unget@?$input_adapter_character_source@V?$string_input_adapter@D@__crt_stdio_input@@@__crt_strtox@@QAEXD@Z 0042a4a7 f i libucrt:input.obj
 0001:000294ee       ?unget@?$string_input_adapter@D@__crt_stdio_input@@QAEXH@Z 0042a4ee f i libucrt:input.obj
 0001:0002950d       ?validate@?$format_string_parser@D@__crt_stdio_input@@QBE_NXZ 0042a50d f i libucrt:input.obj
 0001:00029529       ?validate@?$input_adapter_character_source@V?$string_input_adapter@D@__crt_stdio_input@@@__crt_strtox@@QBE_NXZ 0042a529 f i libucrt:input.obj
 0001:0002954a       ?validate@?$string_input_adapter@D@__crt_stdio_input@@QAE_NXZ 0042a54a f i libucrt:input.obj
 0001:0002956c       ?write_character@?$input_processor@DV?$string_input_adapter@D@__crt_stdio_input@@@__crt_stdio_input@@AAE_NQA_WIAAPA_WAAID@Z 0042a56c f i libucrt:input.obj
 0001:000295d9       ?write_integer@?$input_processor@DV?$string_input_adapter@D@__crt_stdio_input@@@__crt_stdio_input@@AAE_N_K@Z 0042a5d9 f i libucrt:input.obj
 0001:00029647       ___stdio_common_vsscanf    0042a647 f   libucrt:input.obj
 0001:0002966b       __ischartype_l             0042a66b f i libucrt:input.obj
 0001:000296bf       _abort                     0042a6bf f   libucrt:abort.obj
 0001:00029703       __isspace_l                0042a703 f i libucrt:_ctype.obj
 0001:00029739       _isspace                   0042a739 f i libucrt:_ctype.obj
 0001:00029770       _strcpy                    0042a770 f   libucrt:strcat.obj
 0001:00029780       _strcat                    0042a780 f   libucrt:strcat.obj
 0001:00029870       _strlen                    0042a870 f   libucrt:strlen.obj
 0001:00029900       _strncmp                   0042a900 f   libucrt:strncmp.obj
 0001:00029980       _strncpy                   0042a980 f   libucrt:strncpy.obj
 0001:00029b42       __fwrite_nolock            0042ab42 f   libucrt:fwrite.obj
 0001:00029cc3       _fwrite                    0042acc3 f   libucrt:fwrite.obj
 0001:00029d26       _free                      0042ad26 f   libucrt:free.obj
 0001:00029d41       _malloc                    0042ad41 f   libucrt:malloc.obj
 0001:00029d4c       _realloc                   0042ad4c f   libucrt:realloc.obj
 0001:00029d60       _strcspn                   0042ad60 f   libucrt:strcspn.obj
 0001:00029db0       _strspn                    0042adb0 f   libucrt:strspn.obj
 0001:00029df6       __fgetc_nolock             0042adf6 f   libucrt:fgetc.obj
 0001:00029e32       __getc_nolock              0042ae32 f   libucrt:fgetc.obj
 0001:00029e3d       _fgetc                     0042ae3d f   libucrt:fgetc.obj
 0001:0002a007       _fgets                     0042b007 f   libucrt:fgets.obj
 0001:0002a012       __fputc_nolock             0042b012 f   libucrt:fputc.obj
 0001:0002a03b       _fputc                     0042b03b f   libucrt:fputc.obj
 0001:0002a145       __fread_nolock_s           0042b145 f   libucrt:fread.obj
 0001:0002a32b       _fread                     0042b32b f   libucrt:fread.obj
 0001:0002a348       _fread_s                   0042b348 f   libucrt:fread.obj
 0001:0002a3e5       _rewind                    0042b3e5 f   libucrt:rewind.obj
 0001:0002a4b2       __ungetc_nolock            0042b4b2 f   libucrt:ungetc.obj
 0001:0002a5ac       _ungetc                    0042b5ac f   libucrt:ungetc.obj
 0001:0002a61f       ??$is_overflow_condition@K@__crt_strtox@@YA_NIK@Z 0042b61f f i libucrt:atox.obj
 0001:0002a650       ??$parse_integer@KV?$c_string_character_source@D@__crt_strtox@@@__crt_strtox@@YAKQAU__crt_locale_pointers@@V?$c_string_character_source@D@0@H_N@Z 0042b650 f i libucrt:atox.obj
 0001:0002a875       ??$parse_integer@KV?$c_string_character_source@_W@__crt_strtox@@@__crt_strtox@@YAKQAU__crt_locale_pointers@@V?$c_string_character_source@_W@0@H_N@Z 0042b875 f i libucrt:atox.obj
 0001:0002ae7d       ??$parse_integer@_KV?$c_string_character_source@D@__crt_strtox@@@__crt_strtox@@YA_KQAU__crt_locale_pointers@@V?$c_string_character_source@D@0@H_N@Z 0042be7d f i libucrt:atox.obj
 0001:0002b123       ?unget@?$c_string_character_source@D@__crt_strtox@@QAEXD@Z 0042c123 f i libucrt:atox.obj
 0001:0002b14c       ?unget@?$c_string_character_source@_W@__crt_strtox@@QAEX_W@Z 0042c14c f i libucrt:atox.obj
 0001:0002b17a       _atol                      0042c17a f   libucrt:atox.obj
 0001:0002b19d       ??$make_c_string_character_source@DPAPAD@__crt_strtox@@YA?AV?$c_string_character_source@D@0@QBDQAPAD@Z 0042c19d f i libucrt:strtox.obj
 0001:0002b19d       ??$make_c_string_character_source@_WPAPA_W@__crt_strtox@@YA?AV?$c_string_character_source@_W@0@QB_WQAPA_W@Z 0042c19d f i libucrt:strtox.obj
 0001:0002b1b8       _strtol                    0042c1b8 f   libucrt:strtox.obj
 0001:0002b1e2       _strtoul                   0042c1e2 f   libucrt:strtox.obj
 0001:0002b20c       _strtoull                  0042c20c f   libucrt:strtox.obj
 0001:0002b236       _wcstol                    0042c236 f   libucrt:strtox.obj
 0001:0002b260       _iswctype                  0042c260 f   libucrt:iswctype.obj
 0001:0002b2f5       ?__mbrtowc_utf8@__crt_mbstring@@YAIPA_WPBDIPAU_Mbstatet@@@Z 0042c2f5 f   libucrt:mbrtowc.obj
 0001:0002b335       ?__mbsrtowcs_utf8@__crt_mbstring@@YAIPA_WPAPBDIPAU_Mbstatet@@@Z 0042c335 f   libucrt:mbrtowc.obj
 0001:0002b5a2       _getenv_s                  0042c5a2 f   libucrt:getenv.obj
[...]
 0002:0000e1f0       __sehtable$??$?RV<lambda_8e746cf0007f6ed984d6f78af1fec997>@@AAV<lambda_22ebabd17bc4fa466a2aca6d8deb888d>@@V<lambda_18ed0c0b38a6dc0daf1e7ac6d6adf05e>@@@?$__crt_seh_guarded_call@H@@QAEH$$QAV<lambda_8e746cf0007f6ed984d6f78af1fec997>@@AAV<lambda_22ebabd17bc4fa466a2aca6d8deb888d>@@$$QAV<lambda_18ed0c0b38a6dc0daf1e7ac6d6adf05e>@@@Z 0044c1f0     libucrt:onexit.obj
 0002:0000e210       __sehtable$??$?RV<lambda_69a2805e680e0e292e8ba93315fe43a8>@@AAV<lambda_f03950bc5685219e0bcd2087efbe011e>@@V<lambda_03fcd07e894ec930e3f35da366ca99d6>@@@?$__crt_seh_guarded_call@H@@QAEH$$QAV<lambda_69a2805e680e0e292e8ba93315fe43a8>@@AAV<lambda_f03950bc5685219e0bcd2087efbe011e>@@$$QAV<lambda_03fcd07e894ec930e3f35da366ca99d6>@@@Z 0044c210     libucrt:onexit.obj
 0002:0000e230       __sehtable$_terminate      0044c230     libucrt:terminate.obj
 0002:0000e250       __sehtable$??$?RV<lambda_2866be3712abc81a800a822484c830d8>@@AAV<lambda_39ca0ed439415581b5b15c265174cece>@@V<lambda_2b24c74d71094a6cd0cb82e44167d71b>@@@?$__crt_seh_guarded_call@X@@QAEX$$QAV<lambda_2866be3712abc81a800a822484c830d8>@@AAV<lambda_39ca0ed439415581b5b15c265174cece>@@$$QAV<lambda_2b24c74d71094a6cd0cb82e44167d71b>@@@Z 0044c250     libucrt:fflush.obj
 0002:0000e270       __sehtable$??$?RV<lambda_2cc53f568c5a2bb6f192f930a45d44ea>@@AAV<lambda_ab61a845afdef5b7c387490eaf3616ee>@@V<lambda_c2ffc0b7726aa6be21d5f0026187e748>@@@?$__crt_seh_guarded_call@X@@QAEX$$QAV<lambda_2cc53f568c5a2bb6f192f930a45d44ea>@@AAV<lambda_ab61a845afdef5b7c387490eaf3616ee>@@$$QAV<lambda_c2ffc0b7726aa6be21d5f0026187e748>@@@Z 0044c270     libucrt:fflush.obj
 0002:0000e290       __sehtable$??$?RV<lambda_6d20deecaf4856105ebacbad442d1079>@@AAV<lambda_9a32fed5bf61b6b509b2d3f6003082a1>@@V<lambda_63ea2239ed67c638ddbae41947fdf875>@@@?$__crt_seh_guarded_call@H@@QAEH$$QAV<lambda_6d20deecaf4856105ebacbad442d1079>@@AAV<lambda_9a32fed5bf61b6b509b2d3f6003082a1>@@$$QAV<lambda_63ea2239ed67c638ddbae41947fdf875>@@@Z 0044c290     libucrt:fflush.obj
 0002:0000e2b0       __sehtable$??$?RV<lambda_70c0770dcc4f6ec6272bb01dc82d3c91>@@AAV<lambda_ca71763b3c0644891230e4f79ea54fa6>@@V<lambda_ca266f0f09348b8765c113e3a39a2bc1>@@@?$__crt_seh_guarded_call@H@@QAEH$$QAV<lambda_70c0770dcc4f6ec6272bb01dc82d3c91>@@AAV<lambda_ca71763b3c0644891230e4f79ea54fa6>@@$$QAV<lambda_ca266f0f09348b8765c113e3a39a2bc1>@@@Z 0044c2b0     libucrt:setvbuf.obj
 0002:0000e2d0       __sehtable$_raise          0044c2d0     libucrt:signal.obj
 0002:0000e2f0       __sehtable$??$?RV<lambda_cbab9ec6f41b0180b23cc171c22676b0>@@AAV<lambda_44731a7d0e6d81c3e6aa82d741081786>@@V<lambda_4b292cb8dd18144e164572427af410ab>@@@?$__crt_seh_guarded_call@P6AXH@Z@@QAEP6AXH@Z$$QAV<lambda_cbab9ec6f41b0180b23cc171c22676b0>@@AAV<lambda_44731a7d0e6d81c3e6aa82d741081786>@@$$QAV<lambda_4b292cb8dd18144e164572427af410ab>@@@Z 0044c2f0     libucrt:signal.obj
 0002:0000e310       __sehtable$??$?RV<lambda_218ce3db14220d0be481dae8ef3383b6>@@AAV<lambda_628dfdc04ba53c8bfc02c9951375f3f5>@@V<lambda_57dc472bd5c9d5f3b2cbca59b8a843ae>@@@?$__crt_seh_guarded_call@H@@QAEH$$QAV<lambda_218ce3db14220d0be481dae8ef3383b6>@@AAV<lambda_628dfdc04ba53c8bfc02c9951375f3f5>@@$$QAV<lambda_57dc472bd5c9d5f3b2cbca59b8a843ae>@@@Z 0044c310     libucrt:close.obj
 0002:0000e330       __sehtable$?__acrt_stdio_allocate_stream@@YA?AV__crt_stdio_stream@@XZ 0044c330     libucrt:stream.obj
 0002:0000e350       __sehtable$___acrt_initialize_lowio 0044c350     libucrt:ioinit.obj
 0002:0000e370       __sehtable$??$?RV<lambda_15ade71b0218206bbe3333a0c9b79046>@@AAV<lambda_da44e0f8b0f19ba52fefafb335991732>@@V<lambda_207f2d024fc103971653565357d6cd41>@@@?$__crt_seh_guarded_call@X@@QAEX$$QAV<lambda_15ade71b0218206bbe3333a0c9b79046>@@AAV<lambda_da44e0f8b0f19ba52fefafb335991732>@@$$QAV<lambda_207f2d024fc103971653565357d6cd41>@@@Z 0044c370     libucrt:per_thread_data.obj
 0002:0000e390       __sehtable$??$?RV<lambda_a7e850c220f1c8d1e6efeecdedd162c6>@@AAV<lambda_46720907175c18b6c9d2717bc0d2d362>@@V<lambda_9048902d66e8d99359bc9897bbb930a8>@@@?$__crt_seh_guarded_call@X@@QAEX$$QAV<lambda_a7e850c220f1c8d1e6efeecdedd162c6>@@AAV<lambda_46720907175c18b6c9d2717bc0d2d362>@@$$QAV<lambda_9048902d66e8d99359bc9897bbb930a8>@@@Z 0044c390     libucrt:per_thread_data.obj
 0002:0000e3b0       __sehtable$??$?RV<lambda_38edbb1296d33220d7e4dd0ed76b244a>@@AAV<lambda_5ce1d447e08cb34b2473517608e21441>@@V<lambda_fb385d3da700c9147fc39e65dd577a8c>@@@?$__crt_seh_guarded_call@X@@QAEX$$QAV<lambda_38edbb1296d33220d7e4dd0ed76b244a>@@AAV<lambda_5ce1d447e08cb34b2473517608e21441>@@$$QAV<lambda_fb385d3da700c9147fc39e65dd577a8c>@@@Z 0044c3b0     libucrt:per_thread_data.obj
 0002:0000e3d0       __sehtable$??$?RV<lambda_6affb1475c98b40b75cdec977db92e3c>@@AAV<lambda_b8d4b9c228a6ecc3f80208dbb4b4a104>@@V<lambda_608742c3c92a14382c1684fc64f96c88>@@@?$__crt_seh_guarded_call@X@@QAEX$$QAV<lambda_6affb1475c98b40b75cdec977db92e3c>@@AAV<lambda_b8d4b9c228a6ecc3f80208dbb4b4a104>@@$$QAV<lambda_608742c3c92a14382c1684fc64f96c88>@@@Z 0044c3d0     libucrt:per_thread_data.obj
 0002:0000e3f0       __sehtable$__write         0044c3f0     libucrt:write.obj
 0002:0000e410       __sehtable$__read          0044c410     libucrt:read.obj
 0002:0000e430       __sehtable$??$common_lseek@J@@YAJHJH@Z 0044c430     libucrt:lseek.obj
 0002:0000e450       __sehtable$??$common_lseek@_J@@YA_JH_JH@Z 0044c450     libucrt:lseek.obj
 0002:0000e470       __sehtable$?update_thread_multibyte_data_internal@@YAPAU__crt_multibyte_data@@QAU__acrt_ptd@@QAPAU1@@Z 0044c470     libucrt:mbctype.obj
 0002:0000e490       __sehtable$??$?RV<lambda_ceb1ee4838e85a9d631eb091e2fbe199>@@AAV<lambda_ae742caa10f662c28703da3d2ea5e57e>@@V<lambda_cd08b5d6af4937fe54fc07d0c9bf6b37>@@@?$__crt_seh_guarded_call@X@@QAEX$$QAV<lambda_ceb1ee4838e85a9d631eb091e2fbe199>@@AAV<lambda_ae742caa10f662c28703da3d2ea5e57e>@@$$QAV<lambda_cd08b5d6af4937fe54fc07d0c9bf6b37>@@@Z 0044c490     libucrt:mbctype.obj
 0002:0000e4b0       __sehtable$__alloc_osfhnd  0044c4b0     libucrt:osfinfo.obj
 0002:0000e4d0       __sehtable$___acrt_lowio_ensure_fh_exists 0044c4d0     libucrt:osfinfo.obj
 0002:0000e4f0       __sehtable$___acrt_update_thread_locale_data 0044c4f0     libucrt:locale_refcounting.obj
 0002:0000e510       __sehtable$__query_new_handler 0044c510     libucrt:new_handler.obj
 0002:0000e530       __sehtable$__fcloseall     0044c530     libucrt:closeall.obj
 0002:0000e550       __sehtable$??$?RV<lambda_9e9de3de5fa147e2223d7db92bc10aa6>@@AAV<lambda_38ce7e780aa69e748d6df282ebc68efe>@@V<lambda_8ca6da459f0f6780f1cff60fdc3d00e5>@@@?$__crt_seh_guarded_call@H@@QAEH$$QAV<lambda_9e9de3de5fa147e2223d7db92bc10aa6>@@AAV<lambda_38ce7e780aa69e748d6df282ebc68efe>@@$$QAV<lambda_8ca6da459f0f6780f1cff60fdc3d00e5>@@@Z 0044c550     libucrt:commit.obj
 0002:0000e570       __sehtable$??$common_sopen_dispatch@D@@YAHQBDHHHQAHH@Z 0044c570     libucrt:open.obj
 0002:0000e590       __sehtable$___tzset        0044c590     libucrt:tzset.obj
 0002:0000e5b0       __sehtable$___set_fpsr_sse2 0044c5b0     libucrt:fpctrl.obj
 0002:0000e5d0       __sehtable$__IsNonwritableInCurrentImage 0044c5d0     LIBCMT:pesect.obj
 0002:0000e946       .idata$6                   0044c946     advapi32:ADVAPI32.dll
 0002:0000e97c       .idata$6                   0044c97c     comdlg32:COMDLG32.dll
 0002:0000e99a       .idata$6                   0044c99a     shell32:SHELL32.dll
 0002:0000ec76       .idata$6                   0044cc76     user32:USER32.dll
 0002:0000efe4       .idata$6                   0044cfe4     kernel32:KERNEL32.dll
 0003:00000000       _subkeytypes               0044e000     conf.obj
 0003:00000318       _valuetypes                0044e318     conf.obj
 0003:0000062c       ?algs_with_oid@?1??ec_alg_by_oid@@9@9 0044e62c     sshecc.obj
 0003:00000660       ?__vcrt_flsindex@@3KA      0044e660     libvcruntime:per_thread_data.obj
 0003:00000690       ?errno_no_memory@@3HA      0044e690     libucrt:errno.obj
 0003:00000694       ?doserrno_no_memory@@3KA   0044e694     libucrt:errno.obj
 0003:00000778       ?__acrt_flsindex@@3KA      0044e778     libucrt:per_thread_data.obj
 0003:00000b70       __mbctypes                 0044eb70     libucrt:mbctype.obj
 0003:00000c78       __mbcasemaps               0044ec78     libucrt:mbctype.obj
 0003:00000d78       ?__rgctypeflag@@3PADA      0044ed78     libucrt:mbctype.obj
 0003:00000d80       ?__rgcode_page_info@@3PAUcode_page_info@@A 0044ed80     libucrt:mbctype.obj
 0003:00000ec8       ?tzstd_program@@3PADA      0044eec8     libucrt:timeset.obj
 0003:00000f08       ?tzdst_program@@3PADA      0044ef08     libucrt:timeset.obj
 0003:00000f48       ?tzname_states@@3PAY01PADA 0044ef48     libucrt:timeset.obj
 0003:00000f50       ?dststart@@3Utransitiondate@?A0x7639d0b4@@A 0044ef50     libucrt:tzset.obj
 0003:00000f5c       ?dstend@@3Utransitiondate@?A0x7639d0b4@@A 0044ef5c     libucrt:tzset.obj
 0003:00000f70       ?__DAZ_ENABLED@?1??__set_fpsr_sse2@@9@9 0044ef70     libucrt:fpctrl.obj
 0003:00000f80       ?__dcrt_lowio_console_output_handle@@3PAXA 0044ef80     libucrt:initcon.obj
 0003:00000fa0       ?initialised@?1??aes_hw_available_cached@@9@9 0044efa0     sshaes.obj
 0003:00000fa1       ?hw_available@?1??aes_hw_available_cached@@9@9 0044efa1     sshaes.obj
 0003:00000fa4       ?curve@?1??ec_p256@@9@9    0044efa4     sshecc.obj
 0003:00000fc8       ?initialised@?1??ec_p256@@9@9 0044efc8     sshecc.obj
 0003:00000fc9       ?initialised@?1??ec_p384@@9@9 0044efc9     sshecc.obj
 0003:00000fca       ?initialised@?1??ec_p521@@9@9 0044efca     sshecc.obj
 0003:00000fcb       ?initialised@?1??ec_curve25519@@9@9 0044efcb     sshecc.obj
 0003:00000fcc       ?curve@?1??ec_p384@@9@9    0044efcc     sshecc.obj
 0003:00000ff0       ?curve@?1??ec_p521@@9@9    0044eff0     sshecc.obj
 0003:00001014       ?curve@?1??ec_curve25519@@9@9 0044f014     sshecc.obj
 0003:00001038       ?curve@?1??ec_ed25519@@9@9 0044f038     sshecc.obj
 0003:0000105c       ?initialised@?1??ec_ed25519@@9@9 0044f05c     sshecc.obj
 0003:00001060       _primes                    0044f060     sshprime.obj
 0003:00004388       _random_timer_ctx          00452388     sshrand.obj
 0003:0000438c       _global_prng               0045238c     sshrand.obj
 0003:00004390       _next_noise_collection     00452390     sshrand.obj
 0003:00004394       ?initialised@?1??sha256_hw_available_cached@@9@9 00452394     sshsh256.obj
 0003:00004395       ?hw_available@?1??sha256_hw_available_cached@@9@9 00452395     sshsh256.obj
 0003:00004396       ?initialised@?1??sha1_hw_available_cached@@9@9 00452396     sshsha.obj
 0003:00004397       ?hw_available@?1??sha1_hw_available_cached@@9@9 00452397     sshsha.obj
 0003:00004398       _p_InitCommonControls      00452398     winctrls.obj
 0003:0000439c       _p_MakeDragList            0045239c     winctrls.obj
 0003:000043a0       _p_LBItemFromPt            004523a0     winctrls.obj
 0003:000043a4       _p_DrawInsert              004523a4     winctrls.obj
 0003:000043a8       ?draglistmsg@?1??winctrl_handle_command@@9@9 004523a8     winctrls.obj
 0003:000043ac       ?cc@?BG@??winctrl_handle_command@@9@9 004523ac     winctrls.obj
 0003:000043d0       ?custom@?BG@??winctrl_handle_command@@9@9 004523d0     winctrls.obj
 0003:00004410       _chm_path                  00452410     winhelp.obj
 0003:00004414       _chm_created_by_us         00452414     winhelp.obj
 0003:00004415       _requested_help            00452415     winhelp.obj
 0003:00004416       ?checked@?1??has_embedded_chm@@9@9 00452416     winhelp.obj
 0003:00004417       ?checked@?1??find_chm_resource@@9@9 00452417     winhelp.obj
 0003:00004418       _p_HtmlHelpA               00452418     winhelp.obj
 0003:0000441c       _chm_hrsrc                 0045241c     winhelp.obj
 0003:00004420       _chm_resource_size         00452420     winhelp.obj
 0003:00004424       _chm_resource              00452424     winhelp.obj
 0003:00004428       ?tried_to_load@?1??load_chm_resource@@9@9 00452428     winhelp.obj
 0003:00004429       ?already_called@?1??init_help@@9@9 00452429     winhelp.obj
 0003:0000442c       ?p_GetUserNameExA@?1??get_username@@9@9 0045242c     winmisc.obj
 0003:00004430       ?tried_usernameex@?2??get_username@@9@9 00452430     winmisc.obj
 0003:00004434       ?kernel32_module@?1??dll_hijacking_protection@@9@9 00452434     winmisc.obj
 0003:00004438       ?p_SetDefaultDllDirectories@?1??dll_hijacking_protection@@9@9 00452438     winmisc.obj
 0003:0000443c       ?kernel32_module@?1??init_winver@@9@9 0045243c     winmisc.obj
 0003:00004440       ?p_GetVersionExA@?1??init_winver@@9@9 00452440     winmisc.obj
 0003:00004444       ?sysdir@?1??load_system32_dll@@9@9 00452444     winmisc.obj
 0003:00004448       ?sysdirsize@?1??load_system32_dll@@9@9 00452448     winmisc.obj
 0003:0000444c       _errstrings                0045244c     winmisc.obj
 0003:00004450       _p_CryptAcquireContextA    00452450     winnoise.obj
 0003:00004454       _p_CryptGenRandom          00452454     winnoise.obj
 0003:00004458       _p_CryptReleaseContext     00452458     winnoise.obj
 0003:0000445c       _wincrypt_module           0045245c     winnoise.obj
 0003:00004460       _cmdline_keyfile           00452460     winpgen.obj
 0003:00004464       ?passphrase@?1??PassphraseProc@@9@9 00452464     winpgen.obj
 0003:00004468       _worldsid                  00452468     winsecur.obj
 0003:0000446c       _networksid                0045246c     winsecur.obj
 0003:00004470       _usersid                   00452470     winsecur.obj
 0003:00004474       ?attempted@?1??got_advapi@@9@9 00452474     winsecur.obj
 0003:00004475       ?successful@?1??got_advapi@@9@9 00452475     winsecur.obj
 0003:00004478       ?advapi@?1??got_advapi@@9@9 00452478     winsecur.obj
 0003:0000447c       _tried_shgetfolderpath     0045247c     winstore.obj
 0003:00004480       _shell32_module            00452480     winstore.obj
 0003:00004484       _p_SHGetFolderPathA        00452484     winstore.obj
 0003:00004488       _GS_ExceptionRecord        00452488     LIBCMT:gs_report.obj
 0003:000044d8       _GS_ContextRecord          004524d8     LIBCMT:gs_report.obj
 0003:000047ac       ?is_initialized_as_dll@@3_NA 004527ac     LIBCMT:utility.obj
 0003:000047ad       ?module_local_atexit_table_initialized@@3_NA 004527ad     LIBCMT:utility.obj
 0003:000047b0       ?module_local_atexit_table@@3U_onexit_table_t@@A 004527b0     LIBCMT:utility.obj
 0003:000047bc       ?module_local_at_quick_exit_table@@3U_onexit_table_t@@A 004527bc     LIBCMT:utility.obj
 0003:000047dc       ?__vcrt_startup_thread_ptd@@3U__vcrt_ptd@@A 004527dc     libvcruntime:per_thread_data.obj
 0003:00004804       ___vcrt_lock_table         00452804     libvcruntime:locks.obj
 0003:0000481c       ___vcrt_locks_initialized  0045281c     libvcruntime:locks.obj
 0003:00004848       ?heap@@3V_HeapManager@@A   00452848     libvcruntime:undname.obj
 0003:0000485c       ?module_handles@@3PAPAUHINSTANCE__@@A 0045285c     libvcruntime:winapi_downlevel.obj
 0003:00004868       ?function_pointers@@3PAPAXA 00452868     libvcruntime:winapi_downlevel.obj
 0003:00004884       ?c_termination_complete@@3JA 00452884     libucrt:exit.obj
 0003:00004888       ?thread_local_exit_callback_func@@3P6GXPAXK0@ZA 00452888     libucrt:exit.obj
 0003:00004890       ?__acrt_app_type@@3W4_crt_app_type@@A 00452890     libucrt:report_runtime_error.obj
 0003:00004894       ?user_matherr@@3V?$dual_state_global@P6AHPAU_exception@@@Z@__crt_state_management@@A 00452894     libucrt:matherr.obj
 0003:00004898       ?program_name@?1???$common_configure_argv@D@@YAHW4_crt_argv_mode@@@Z@4PADA 00452898     libucrt:argv_parsing.obj
 0003:000049b0       ?empty_string@?1???$common_wincmdln@E@@YAPAEXZ@4PAEA 004529b0     libucrt:argv_winmain.obj
 0003:000049b8       ?__acrt_global_new_mode@@3V?$dual_state_global@J@__crt_state_management@@A 004529b8     libucrt:new_mode.obj
 0003:000049d8       ?__acrt_invalid_parameter_handler@@3V?$dual_state_global@P6AXPB_W00II@Z@__crt_state_management@@A 004529d8     libucrt:invalid_parameter.obj
 0003:000049dc       ___acrt_error_mode         004529dc     libucrt:set_error_mode.obj
 0003:000049ec       ?ctrlc_action@@3V?$dual_state_global@P6AXH@Z@__crt_state_management@@A 004529ec     libucrt:signal.obj
 0003:000049f0       ?ctrlbreak_action@@3V?$dual_state_global@P6AXH@Z@__crt_state_management@@A 004529f0     libucrt:signal.obj
 0003:000049f4       ?abort_action@@3V?$dual_state_global@P6AXH@Z@__crt_state_management@@A 004529f4     libucrt:signal.obj
 0003:000049f8       ?term_action@@3V?$dual_state_global@P6AXH@Z@__crt_state_management@@A 004529f8     libucrt:signal.obj
 0003:00004c0c       ?internal_state@?1??_mbtowc_l@@9@4U_Mbstatet@@A 00452c0c     libucrt:mbtowc.obj
 0003:00004c14       ?enable_percent_n@@3IA     00452c14     libucrt:printf_count_output.obj
 0003:00004c20       ?__acrt_lock_table@@3PAU_RTL_CRITICAL_SECTION@@A 00452c20     libucrt:locks.obj
 0003:00004d70       ?__acrt_locks_initialized@@3IA 00452d70     libucrt:locks.obj
 0003:00004d78       ?module_handles@@3PAPAUHINSTANCE__@@A 00452d78     libucrt:winapi_thunks.obj
 0003:00004dc8       ?encoded_function_pointers@@3PAPAXA 00452dc8     libucrt:winapi_thunks.obj
 0003:00004e50       ?internal_pst@?1??__mbrtoc32_utf8@__crt_mbstring@@YAIPA_UPBDIPAU_Mbstatet@@@Z@4U3@A 00452e50     libucrt:mbrtoc32.obj
 0003:00004e58       ?state_cache@?1???$get_cached_win_policy@Udeveloper_information_policy_properties@?1??__acrt_get_developer_information_policy@@YA?AW4developer_information_policy@@XZ@@@YA?AW4developer_information_policy@@W4AppPolicyShowDeveloperDiagnostic@@@Z@4JA 00452e58     libucrt:win_policies.obj
 0003:00004e5c       ?state_cache@?1???$get_cached_win_policy@Uwindowing_model_policy_properties@?1??__acrt_get_windowing_model_policy@@YA?AW4windowing_model_policy@@XZ@@@YA?AW4windowing_model_policy@@W4AppPolicyWindowingModel@@@Z@4JA 00452e5c     libucrt:win_policies.obj
 0003:00004e6c       ?fSystemSet@@3HA           00452e6c     libucrt:mbctype.obj
 0003:00004e70       ?initialized@?1??__acrt_initialize_multibyte@@9@4_NA 00452e70     libucrt:mbctype.obj
 0003:00004e9c       ?__acrt_new_handler@@3V?$dual_state_global@P6AHI@Z@__crt_state_management@@A 00452e9c     libucrt:new_handler.obj
 0003:00004eac       ?_tzname@@3V?$dual_state_global@PAPAD@__crt_state_management@@A 00452eac     libucrt:timeset.obj
 0003:00004eb0       ?last_tz@@3PADA            00452eb0     libucrt:tzset.obj
 0003:00004eb8       ?tz_api_used@@3HA          00452eb8     libucrt:tzset.obj
 0003:00004ec0       ?tz_info@@3U_TIME_ZONE_INFORMATION@@A 00452ec0     libucrt:tzset.obj
 0003:00004f6c       ?first_time@?1??__tzset@@9@4JA 00452f6c     libucrt:tzset.obj
 0003:00004f78       __pmatherr_set             00452f78     libucrt:libm_error.obj
 0004:00000300       $R000000                   00453300     puttygen.res
 0004:00000428       $R000128                   00453428     puttygen.res
 0004:00000710       $R000410                   00453710     puttygen.res
 0004:00000d78       $R000A78                   00453d78     puttygen.res
 0004:00000e28       $R000B28                   00453e28     puttygen.res
 0004:00000f58       $R000C58                   00453f58     puttygen.res
 0004:00001288       $R000F88                   00454288     puttygen.res
 0004:000012e8       $R000FE8                   004542e8     puttygen.res
 0004:00001348       $R001048                   00454348     puttygen.res
 0004:00001480       $R001180                   00454480     puttygen.res
 0004:00001580       $R001280                   00454580     puttygen.res
 0004:00001610       $R001310                   00454610     puttygen.res
 0004:00001958       $R001658                   00454958     puttygen.res
